../Drivers/ioLibrary_Driver/Ethernet/socket.c:257:8:connect	24	static
../Drivers/ioLibrary_Driver/Ethernet/socket.c:490:9:sendto	48	static
../Drivers/ioLibrary_Driver/Ethernet/socket.c:198:8:close.part.0	40	static
../Drivers/ioLibrary_Driver/Ethernet/socket.c:198:8:close	0	static
../Drivers/ioLibrary_Driver/Ethernet/socket.c:105:8:socket	32	static
../Drivers/ioLibrary_Driver/Ethernet/socket.c:241:8:listen	16	static
../Drivers/ioLibrary_Driver/Ethernet/socket.c:297:8:disconnect	24	static
../Drivers/ioLibrary_Driver/Ethernet/socket.c:317:9:send	48	static
../Drivers/ioLibrary_Driver/Ethernet/socket.c:385:9:recv	56	static
../Drivers/ioLibrary_Driver/Ethernet/socket.c:594:9:recvfrom	72	static
../Drivers/ioLibrary_Driver/Ethernet/socket.c:776:9:ctlsocket	8	static
../Drivers/ioLibrary_Driver/Ethernet/socket.c:822:9:setsockopt	16	static
../Drivers/ioLibrary_Driver/Ethernet/socket.c:875:9:getsockopt	16	static
