../Drivers/ioLibrary_Driver/Internet/httpServer/httpServer.c:65:6:default_mcu_reset	0	static
../Drivers/ioLibrary_Driver/Internet/httpServer/httpServer.c:309:13:send_http_response_body	40	static
../Drivers/ioLibrary_Driver/Internet/httpServer/httpServer.c:66:6:default_wdt_reset	0	static
../Drivers/ioLibrary_Driver/Internet/httpServer/httpServer.c:487:13:http_process_handler	576	static
../Drivers/ioLibrary_Driver/Internet/httpServer/httpServer.c:70:6:httpServer_Sockinit	0	static
../Drivers/ioLibrary_Driver/Internet/httpServer/httpServer.c:97:6:httpServer_init	8	static
../Drivers/ioLibrary_Driver/Internet/httpServer/httpServer.c:109:6:reg_httpServer_cbfunc	0	static
../Drivers/ioLibrary_Driver/Internet/httpServer/httpServer.c:117:6:httpServer_run	56	static
../Drivers/ioLibrary_Driver/Internet/httpServer/httpServer.c:651:6:httpServer_time_handler	0	static
../Drivers/ioLibrary_Driver/Internet/httpServer/httpServer.c:656:10:get_httpServer_timecount	0	static
../Drivers/ioLibrary_Driver/Internet/httpServer/httpServer.c:661:6:reg_httpServer_webContent	24	static
../Drivers/ioLibrary_Driver/Internet/httpServer/httpServer.c:686:9:display_reg_webContent_list	40	static
../Drivers/ioLibrary_Driver/Internet/httpServer/httpServer.c:715:9:find_userReg_webContent	40	static
../Drivers/ioLibrary_Driver/Internet/httpServer/httpServer.c:734:10:read_userReg_webContent	16	static
