../Drivers/ioLibrary_Driver/Internet/httpServer/httpParser.c:26:6:unescape_http_url	8	static
../Drivers/ioLibrary_Driver/Internet/httpServer/httpParser.c:45:6:make_http_response_head	32	static
../Drivers/ioLibrary_Driver/Internet/httpServer/httpParser.c:92:6:find_http_uri_type	16	static
../Drivers/ioLibrary_Driver/Internet/httpServer/httpParser.c:127:6:parse_http_request	16	static
../Drivers/ioLibrary_Driver/Internet/httpServer/httpParser.c:204:11:get_http_param_value	40	static
../Drivers/ioLibrary_Driver/Internet/httpServer/httpParser.c:281:9:get_http_uri_name	8	static
../Drivers/ioLibrary_Driver/Internet/httpServer/httpParser.c:302:6:inet_addr_	56	static
../Drivers/ioLibrary_Driver/Internet/httpServer/httpParser.c:327:10:ATOI	8	static
../Drivers/ioLibrary_Driver/Internet/httpServer/httpParser.c:348:6:mid	24	static
