../Drivers/ioLibrary_Driver/Internet/MQTT/MQTTClient.c:52:6:MQTTClientInit	8	static
../Drivers/ioLibrary_Driver/Internet/MQTT/MQTTClient.c:162:5:deliverMessage	40	static
../Drivers/ioLibrary_Driver/Internet/MQTT/MQTTClient.c:195:5:keepalive	48	static
../Drivers/ioLibrary_Driver/Internet/MQTT/MQTTClient.c:223:5:cycle	104	static
../Drivers/ioLibrary_Driver/Internet/MQTT/MQTTClient.c:290:5:MQTTYield	24	static
../Drivers/ioLibrary_Driver/Internet/MQTT/MQTTClient.c:307:6:MQTTRun	16	static
../Drivers/ioLibrary_Driver/Internet/MQTT/MQTTClient.c:336:5:waitfor	24	static
../Drivers/ioLibrary_Driver/Internet/MQTT/MQTTClient.c:351:5:MQTTConnect	144	static
../Drivers/ioLibrary_Driver/Internet/MQTT/MQTTClient.c:402:5:MQTTSubscribe	88	static
../Drivers/ioLibrary_Driver/Internet/MQTT/MQTTClient.c:460:5:MQTTUnsubscribe	64	static
../Drivers/ioLibrary_Driver/Internet/MQTT/MQTTClient.c:499:5:MQTTPublish	96	static
../Drivers/ioLibrary_Driver/Internet/MQTT/MQTTClient.c:559:5:MQTTDisconnect	40	static
