../Core/Src/main.c:93:5:_write	32	static
../Core/Src/main.c:102:6:HAL_UART_RxCpltCallback	16	static
../Core/Src/main.c:115:6:Reset_W5300	8	static
../Core/Src/main.c:123:6:W5300_write	16	static
../Core/Src/main.c:128:10:W5300_read	16	static
../Core/Src/main.c:132:6:W5300CsEnable	4	static
../Core/Src/main.c:136:6:W5300CsDisable	4	static
../Core/Src/main.c:140:6:print_network_information	32	static
../Core/Src/main.c:150:6:_InitW5300	24	static
../Core/Src/main.c:178:5:main	8	static
../Core/Src/main.c:227:6:SystemClock_Config	96	static
../Core/Src/main.c:278:13:MX_LPUART1_UART_Init	8	static
../Core/Src/main.c:308:13:MX_FMC_Init	40	static
../Core/Src/main.c:366:13:MX_GPIO_Init	64	static
../Core/Src/main.c:441:6:Error_Handler	4	static,ignoring_inline_asm
