Archive member included to satisfy reference by file (symbol)

c:/st/stm32cubeide_1.6.1/stm32cubeide/plugins/com.st.stm32cube.ide.mcu.externaltools.gnu-tools-for-stm32.10.3-2021.10.win32_1.0.0.202111181127/tools/bin/../lib/gcc/arm-none-eabi/10.3.1/../../../../arm-none-eabi/lib/thumb/v7e-m+fp/hard\libc_nano.a(lib_a-atoi.o)
                              ./Drivers/ioLibrary_Driver/Internet/FTPServer/ftpd.o (atoi)
c:/st/stm32cubeide_1.6.1/stm32cubeide/plugins/com.st.stm32cube.ide.mcu.externaltools.gnu-tools-for-stm32.10.3-2021.10.win32_1.0.0.202111181127/tools/bin/../lib/gcc/arm-none-eabi/10.3.1/../../../../arm-none-eabi/lib/thumb/v7e-m+fp/hard\libc_nano.a(lib_a-ctype_.o)
                              ./Drivers/ioLibrary_Driver/Internet/FTPServer/ftpd.o (_ctype_)
c:/st/stm32cubeide_1.6.1/stm32cubeide/plugins/com.st.stm32cube.ide.mcu.externaltools.gnu-tools-for-stm32.10.3-2021.10.win32_1.0.0.202111181127/tools/bin/../lib/gcc/arm-none-eabi/10.3.1/../../../../arm-none-eabi/lib/thumb/v7e-m+fp/hard\libc_nano.a(lib_a-errno.o)
                              ./Core/Src/syscalls.o (__errno)
c:/st/stm32cubeide_1.6.1/stm32cubeide/plugins/com.st.stm32cube.ide.mcu.externaltools.gnu-tools-for-stm32.10.3-2021.10.win32_1.0.0.202111181127/tools/bin/../lib/gcc/arm-none-eabi/10.3.1/../../../../arm-none-eabi/lib/thumb/v7e-m+fp/hard\libc_nano.a(lib_a-exit.o)
                              c:/st/stm32cubeide_1.6.1/stm32cubeide/plugins/com.st.stm32cube.ide.mcu.externaltools.gnu-tools-for-stm32.10.3-2021.10.win32_1.0.0.202111181127/tools/bin/../lib/gcc/arm-none-eabi/10.3.1/../../../../arm-none-eabi/lib/thumb/v7e-m+fp/hard/crt0.o (exit)
c:/st/stm32cubeide_1.6.1/stm32cubeide/plugins/com.st.stm32cube.ide.mcu.externaltools.gnu-tools-for-stm32.10.3-2021.10.win32_1.0.0.202111181127/tools/bin/../lib/gcc/arm-none-eabi/10.3.1/../../../../arm-none-eabi/lib/thumb/v7e-m+fp/hard\libc_nano.a(lib_a-impure.o)
                              c:/st/stm32cubeide_1.6.1/stm32cubeide/plugins/com.st.stm32cube.ide.mcu.externaltools.gnu-tools-for-stm32.10.3-2021.10.win32_1.0.0.202111181127/tools/bin/../lib/gcc/arm-none-eabi/10.3.1/../../../../arm-none-eabi/lib/thumb/v7e-m+fp/hard\libc_nano.a(lib_a-exit.o) (_global_impure_ptr)
c:/st/stm32cubeide_1.6.1/stm32cubeide/plugins/com.st.stm32cube.ide.mcu.externaltools.gnu-tools-for-stm32.10.3-2021.10.win32_1.0.0.202111181127/tools/bin/../lib/gcc/arm-none-eabi/10.3.1/../../../../arm-none-eabi/lib/thumb/v7e-m+fp/hard\libc_nano.a(lib_a-init.o)
                              c:/st/stm32cubeide_1.6.1/stm32cubeide/plugins/com.st.stm32cube.ide.mcu.externaltools.gnu-tools-for-stm32.10.3-2021.10.win32_1.0.0.202111181127/tools/bin/../lib/gcc/arm-none-eabi/10.3.1/../../../../arm-none-eabi/lib/thumb/v7e-m+fp/hard/crt0.o (__libc_init_array)
c:/st/stm32cubeide_1.6.1/stm32cubeide/plugins/com.st.stm32cube.ide.mcu.externaltools.gnu-tools-for-stm32.10.3-2021.10.win32_1.0.0.202111181127/tools/bin/../lib/gcc/arm-none-eabi/10.3.1/../../../../arm-none-eabi/lib/thumb/v7e-m+fp/hard\libc_nano.a(lib_a-malloc.o)
                              ./Drivers/ioLibrary_Driver/Internet/httpServer/httpServer.o (malloc)
c:/st/stm32cubeide_1.6.1/stm32cubeide/plugins/com.st.stm32cube.ide.mcu.externaltools.gnu-tools-for-stm32.10.3-2021.10.win32_1.0.0.202111181127/tools/bin/../lib/gcc/arm-none-eabi/10.3.1/../../../../arm-none-eabi/lib/thumb/v7e-m+fp/hard\libc_nano.a(lib_a-memcmp.o)
                              ./Drivers/ioLibrary_Driver/Internet/MQTT/MQTTPacket/src/MQTTConnectServer.o (memcmp)
c:/st/stm32cubeide_1.6.1/stm32cubeide/plugins/com.st.stm32cube.ide.mcu.externaltools.gnu-tools-for-stm32.10.3-2021.10.win32_1.0.0.202111181127/tools/bin/../lib/gcc/arm-none-eabi/10.3.1/../../../../arm-none-eabi/lib/thumb/v7e-m+fp/hard\libc_nano.a(lib_a-memcpy-stub.o)
                              ./Drivers/ioLibrary_Driver/Internet/MQTT/MQTTClient.o (memcpy)
c:/st/stm32cubeide_1.6.1/stm32cubeide/plugins/com.st.stm32cube.ide.mcu.externaltools.gnu-tools-for-stm32.10.3-2021.10.win32_1.0.0.202111181127/tools/bin/../lib/gcc/arm-none-eabi/10.3.1/../../../../arm-none-eabi/lib/thumb/v7e-m+fp/hard\libc_nano.a(lib_a-memset.o)
                              c:/st/stm32cubeide_1.6.1/stm32cubeide/plugins/com.st.stm32cube.ide.mcu.externaltools.gnu-tools-for-stm32.10.3-2021.10.win32_1.0.0.202111181127/tools/bin/../lib/gcc/arm-none-eabi/10.3.1/../../../../arm-none-eabi/lib/thumb/v7e-m+fp/hard/crt0.o (memset)
c:/st/stm32cubeide_1.6.1/stm32cubeide/plugins/com.st.stm32cube.ide.mcu.externaltools.gnu-tools-for-stm32.10.3-2021.10.win32_1.0.0.202111181127/tools/bin/../lib/gcc/arm-none-eabi/10.3.1/../../../../arm-none-eabi/lib/thumb/v7e-m+fp/hard\libc_nano.a(lib_a-nano-freer.o)
                              c:/st/stm32cubeide_1.6.1/stm32cubeide/plugins/com.st.stm32cube.ide.mcu.externaltools.gnu-tools-for-stm32.10.3-2021.10.win32_1.0.0.202111181127/tools/bin/../lib/gcc/arm-none-eabi/10.3.1/../../../../arm-none-eabi/lib/thumb/v7e-m+fp/hard\libc_nano.a(lib_a-malloc.o) (_free_r)
[...]
Memory Configuration

Name             Origin             Length             Attributes
RAM              0x0000000020000000 0x0000000000050000 xrw
RAM2             0x0000000010000000 0x0000000000010000 xrw
FLASH            0x0000000008000000 0x0000000000100000 xr
*default*        0x0000000000000000 0xffffffffffffffff

Linker script and memory map

LOAD c:/st/stm32cubeide_1.6.1/stm32cubeide/plugins/com.st.stm32cube.ide.mcu.externaltools.gnu-tools-for-stm32.10.3-2021.10.win32_1.0.0.202111181127/tools/bin/../lib/gcc/arm-none-eabi/10.3.1/thumb/v7e-m+fp/hard/crti.o
LOAD c:/st/stm32cubeide_1.6.1/stm32cubeide/plugins/com.st.stm32cube.ide.mcu.externaltools.gnu-tools-for-stm32.10.3-2021.10.win32_1.0.0.202111181127/tools/bin/../lib/gcc/arm-none-eabi/10.3.1/thumb/v7e-m+fp/hard/crtbegin.o
LOAD c:/st/stm32cubeide_1.6.1/stm32cubeide/plugins/com.st.stm32cube.ide.mcu.externaltools.gnu-tools-for-stm32.10.3-2021.10.win32_1.0.0.202111181127/tools/bin/../lib/gcc/arm-none-eabi/10.3.1/../../../../arm-none-eabi/lib/thumb/v7e-m+fp/hard/crt0.o
LOAD ./Core/Src/main.o
LOAD ./Core/Src/stm32l4xx_hal_msp.o
LOAD ./Core/Src/stm32l4xx_it.o
LOAD ./Core/Src/syscalls.o
LOAD ./Core/Src/sysmem.o
LOAD ./Core/Src/system_stm32l4xx.o
LOAD ./Core/Startup/startup_stm32l496zgtx.o
LOAD ./Drivers/STM32L4xx_HAL_Driver/Src/stm32l4xx_hal.o
LOAD ./Drivers/STM32L4xx_HAL_Driver/Src/stm32l4xx_hal_cortex.o
LOAD ./Drivers/STM32L4xx_HAL_Driver/Src/stm32l4xx_hal_dma.o
LOAD ./Drivers/STM32L4xx_HAL_Driver/Src/stm32l4xx_hal_dma_ex.o
LOAD ./Drivers/STM32L4xx_HAL_Driver/Src/stm32l4xx_hal_exti.o
LOAD ./Drivers/STM32L4xx_HAL_Driver/Src/stm32l4xx_hal_flash.o
LOAD ./Drivers/STM32L4xx_HAL_Driver/Src/stm32l4xx_hal_flash_ex.o
LOAD ./Drivers/STM32L4xx_HAL_Driver/Src/stm32l4xx_hal_flash_ramfunc.o
LOAD ./Drivers/STM32L4xx_HAL_Driver/Src/stm32l4xx_hal_gpio.o
LOAD ./Drivers/STM32L4xx_HAL_Driver/Src/stm32l4xx_hal_i2c.o
LOAD ./Drivers/STM32L4xx_HAL_Driver/Src/stm32l4xx_hal_i2c_ex.o
LOAD ./Drivers/STM32L4xx_HAL_Driver/Src/stm32l4xx_hal_pwr.o
LOAD ./Drivers/STM32L4xx_HAL_Driver/Src/stm32l4xx_hal_pwr_ex.o
LOAD ./Drivers/STM32L4xx_HAL_Driver/Src/stm32l4xx_hal_rcc.o
LOAD ./Drivers/STM32L4xx_HAL_Driver/Src/stm32l4xx_hal_rcc_ex.o
LOAD ./Drivers/STM32L4xx_HAL_Driver/Src/stm32l4xx_hal_sram.o
LOAD ./Drivers/STM32L4xx_HAL_Driver/Src/stm32l4xx_hal_tim.o
LOAD ./Drivers/STM32L4xx_HAL_Driver/Src/stm32l4xx_hal_tim_ex.o
LOAD ./Drivers/STM32L4xx_HAL_Driver/Src/stm32l4xx_hal_uart.o
LOAD ./Drivers/STM32L4xx_HAL_Driver/Src/stm32l4xx_hal_uart_ex.o
LOAD ./Drivers/STM32L4xx_HAL_Driver/Src/stm32l4xx_ll_fmc.o
LOAD ./Drivers/ioLibrary_Driver/Application/loopback/loopback.o
LOAD ./Drivers/ioLibrary_Driver/Application/multicast/multicast.o
LOAD ./Drivers/ioLibrary_Driver/Ethernet/W5100/w5100.o
LOAD ./Drivers/ioLibrary_Driver/Ethernet/W5100S/w5100s.o
LOAD ./Drivers/ioLibrary_Driver/Ethernet/W5200/w5200.o
LOAD ./Drivers/ioLibrary_Driver/Ethernet/W5300/w5300.o
LOAD ./Drivers/ioLibrary_Driver/Ethernet/W5500/w5500.o
LOAD ./Drivers/ioLibrary_Driver/Ethernet/socket.o
LOAD ./Drivers/ioLibrary_Driver/Ethernet/wizchip_conf.o
LOAD ./Drivers/ioLibrary_Driver/Internet/DHCP/dhcp.o
LOAD ./Drivers/ioLibrary_Driver/Internet/DNS/dns.o
LOAD ./Drivers/ioLibrary_Driver/Internet/FTPServer/ftpd.o
LOAD ./Drivers/ioLibrary_Driver/Internet/MQTT/MQTTClient.o
LOAD ./Drivers/ioLibrary_Driver/Internet/MQTT/mqtt_interface.o
LOAD ./Drivers/ioLibrary_Driver/Internet/MQTT/MQTTPacket/src/MQTTConnectClient.o
LOAD ./Drivers/ioLibrary_Driver/Internet/MQTT/MQTTPacket/src/MQTTConnectServer.o
LOAD ./Drivers/ioLibrary_Driver/Internet/MQTT/MQTTPacket/src/MQTTDeserializePublish.o
LOAD ./Drivers/ioLibrary_Driver/Internet/MQTT/MQTTPacket/src/MQTTFormat.o
LOAD ./Drivers/ioLibrary_Driver/Internet/MQTT/MQTTPacket/src/MQTTPacket.o
LOAD ./Drivers/ioLibrary_Driver/Internet/MQTT/MQTTPacket/src/MQTTSerializePublish.o
LOAD ./Drivers/ioLibrary_Driver/Internet/MQTT/MQTTPacket/src/MQTTSubscribeClient.o
LOAD ./Drivers/ioLibrary_Driver/Internet/MQTT/MQTTPacket/src/MQTTSubscribeServer.o
LOAD ./Drivers/ioLibrary_Driver/Internet/MQTT/MQTTPacket/src/MQTTUnsubscribeClient.o
LOAD ./Drivers/ioLibrary_Driver/Internet/MQTT/MQTTPacket/src/MQTTUnsubscribeServer.o
LOAD ./Drivers/ioLibrary_Driver/Internet/SNMP/snmp.o
LOAD ./Drivers/ioLibrary_Driver/Internet/SNMP/snmp_custom.o
LOAD ./Drivers/ioLibrary_Driver/Internet/SNTP/sntp.o
LOAD ./Drivers/ioLibrary_Driver/Internet/TFTP/netutil.o
LOAD ./Drivers/ioLibrary_Driver/Internet/TFTP/tftp.o
LOAD ./Drivers/ioLibrary_Driver/Internet/httpServer/httpParser.o
LOAD ./Drivers/ioLibrary_Driver/Internet/httpServer/httpServer.o
LOAD ./Drivers/ioLibrary_Driver/Internet/httpServer/httpUtil.o
START GROUP
LOAD c:/st/stm32cubeide_1.6.1/stm32cubeide/plugins/com.st.stm32cube.ide.mcu.externaltools.gnu-tools-for-stm32.10.3-2021.10.win32_1.0.0.202111181127/tools/bin/../lib/gcc/arm-none-eabi/10.3.1/../../../../arm-none-eabi/lib/thumb/v7e-m+fp/hard\libc_nano.a
LOAD c:/st/stm32cubeide_1.6.1/stm32cubeide/plugins/com.st.stm32cube.ide.mcu.externaltools.gnu-tools-for-stm32.10.3-2021.10.win32_1.0.0.202111181127/tools/bin/../lib/gcc/arm-none-eabi/10.3.1/../../../../arm-none-eabi/lib/thumb/v7e-m+fp/hard\libm.a
END GROUP
START GROUP
LOAD c:/st/stm32cubeide_1.6.1/stm32cubeide/plugins/com.st.stm32cube.ide.mcu.externaltools.gnu-tools-for-stm32.10.3-2021.10.win32_1.0.0.202111181127/tools/bin/../lib/gcc/arm-none-eabi/10.3.1/thumb/v7e-m+fp/hard\libgcc.a
LOAD c:/st/stm32cubeide_1.6.1/stm32cubeide/plugins/com.st.stm32cube.ide.mcu.externaltools.gnu-tools-for-stm32.10.3-2021.10.win32_1.0.0.202111181127/tools/bin/../lib/gcc/arm-none-eabi/10.3.1/../../../../arm-none-eabi/lib/thumb/v7e-m+fp/hard\libc_nano.a
END GROUP
START GROUP
LOAD c:/st/stm32cubeide_1.6.1/stm32cubeide/plugins/com.st.stm32cube.ide.mcu.externaltools.gnu-tools-for-stm32.10.3-2021.10.win32_1.0.0.202111181127/tools/bin/../lib/gcc/arm-none-eabi/10.3.1/thumb/v7e-m+fp/hard\libgcc.a
LOAD c:/st/stm32cubeide_1.6.1/stm32cubeide/plugins/com.st.stm32cube.ide.mcu.externaltools.gnu-tools-for-stm32.10.3-2021.10.win32_1.0.0.202111181127/tools/bin/../lib/gcc/arm-none-eabi/10.3.1/../../../../arm-none-eabi/lib/thumb/v7e-m+fp/hard\libc_nano.a
LOAD c:/st/stm32cubeide_1.6.1/stm32cubeide/plugins/com.st.stm32cube.ide.mcu.externaltools.gnu-tools-for-stm32.10.3-2021.10.win32_1.0.0.202111181127/tools/bin/../lib/gcc/arm-none-eabi/10.3.1/../../../../arm-none-eabi/lib/thumb/v7e-m+fp/hard\libnosys.a
END GROUP
START GROUP
LOAD c:/st/stm32cubeide_1.6.1/stm32cubeide/plugins/com.st.stm32cube.ide.mcu.externaltools.gnu-tools-for-stm32.10.3-2021.10.win32_1.0.0.202111181127/tools/bin/../lib/gcc/arm-none-eabi/10.3.1/thumb/v7e-m+fp/hard\libgcc.a
LOAD c:/st/stm32cubeide_1.6.1/stm32cubeide/plugins/com.st.stm32cube.ide.mcu.externaltools.gnu-tools-for-stm32.10.3-2021.10.win32_1.0.0.202111181127/tools/bin/../lib/gcc/arm-none-eabi/10.3.1/../../../../arm-none-eabi/lib/thumb/v7e-m+fp/hard\libc_nano.a
LOAD c:/st/stm32cubeide_1.6.1/stm32cubeide/plugins/com.st.stm32cube.ide.mcu.externaltools.gnu-tools-for-stm32.10.3-2021.10.win32_1.0.0.202111181127/tools/bin/../lib/gcc/arm-none-eabi/10.3.1/../../../../arm-none-eabi/lib/thumb/v7e-m+fp/hard\libnosys.a
END GROUP
LOAD c:/st/stm32cubeide_1.6.1/stm32cubeide/plugins/com.st.stm32cube.ide.mcu.externaltools.gnu-tools-for-stm32.10.3-2021.10.win32_1.0.0.202111181127/tools/bin/../lib/gcc/arm-none-eabi/10.3.1/thumb/v7e-m+fp/hard/crtend.o
LOAD c:/st/stm32cubeide_1.6.1/stm32cubeide/plugins/com.st.stm32cube.ide.mcu.externaltools.gnu-tools-for-stm32.10.3-2021.10.win32_1.0.0.202111181127/tools/bin/../lib/gcc/arm-none-eabi/10.3.1/thumb/v7e-m+fp/hard/crtn.o
                0x0000000020050000                _estack = (ORIGIN (RAM) + LENGTH (RAM))
                0x0000000000000200                _Min_Heap_Size = 0x200
                0x0000000000000400                _Min_Stack_Size = 0x400

.isr_vector     0x0000000008000000      0x1ac
                0x0000000008000000                . = ALIGN (0x4)
 *(.isr_vector)
 .isr_vector    0x0000000008000000      0x1ac ./Core/Startup/startup_stm32l496zgtx.o
                0x0000000008000000                g_pfnVectors
                0x00000000080001ac                . = ALIGN (0x4)

.text           0x00000000080001b0     0x738c
                0x00000000080001b0                . = ALIGN (0x4)
 *(.text)
 .text          0x00000000080001b0       0x40 c:/st/stm32cubeide_1.6.1/stm32cubeide/plugins/com.st.stm32cube.ide.mcu.externaltools.gnu-tools-for-stm32.10.3-2021.10.win32_1.0.0.202111181127/tools/bin/../lib/gcc/arm-none-eabi/10.3.1/thumb/v7e-m+fp/hard/crtbegin.o
 .text          0x00000000080001f0       0xa0 c:/st/stm32cubeide_1.6.1/stm32cubeide/plugins/com.st.stm32cube.ide.mcu.externaltools.gnu-tools-for-stm32.10.3-2021.10.win32_1.0.0.202111181127/tools/bin/../lib/gcc/arm-none-eabi/10.3.1/../../../../arm-none-eabi/lib/thumb/v7e-m+fp/hard\libc_nano.a(lib_a-memchr.o)
                0x00000000080001f0                memchr
 .text          0x0000000008000290       0x30 c:/st/stm32cubeide_1.6.1/stm32cubeide/plugins/com.st.stm32cube.ide.mcu.externaltools.gnu-tools-for-stm32.10.3-2021.10.win32_1.0.0.202111181127/tools/bin/../lib/gcc/arm-none-eabi/10.3.1/thumb/v7e-m+fp/hard\libgcc.a(_aeabi_uldivmod.o)
                0x0000000008000290                __aeabi_uldivmod
 .text          0x00000000080002c0      0x2d0 c:/st/stm32cubeide_1.6.1/stm32cubeide/plugins/com.st.stm32cube.ide.mcu.externaltools.gnu-tools-for-stm32.10.3-2021.10.win32_1.0.0.202111181127/tools/bin/../lib/gcc/arm-none-eabi/10.3.1/thumb/v7e-m+fp/hard\libgcc.a(_udivmoddi4.o)
                0x00000000080002c0                __udivmoddi4
 .text          0x0000000008000590        0x4 c:/st/stm32cubeide_1.6.1/stm32cubeide/plugins/com.st.stm32cube.ide.mcu.externaltools.gnu-tools-for-stm32.10.3-2021.10.win32_1.0.0.202111181127/tools/bin/../lib/gcc/arm-none-eabi/10.3.1/thumb/v7e-m+fp/hard\libgcc.a(_dvmd_tls.o)
                0x0000000008000590                __aeabi_idiv0
                0x0000000008000590                __aeabi_ldiv0
 *(.text*)
 .text._write   0x0000000008000594       0x40 ./Core/Src/main.o
                0x0000000008000594                _write
 .text.HAL_UART_RxCpltCallback
                0x00000000080005d4       0x30 ./Core/Src/main.o
                0x00000000080005d4                HAL_UART_RxCpltCallback
 .text.Reset_W5300
                0x0000000008000604       0x2c ./Core/Src/main.o
                0x0000000008000604                Reset_W5300
 .text.W5300_write
                0x0000000008000630       0x26 ./Core/Src/main.o
                0x0000000008000630                W5300_write
 .text.W5300_read
                0x0000000008000656       0x20 ./Core/Src/main.o
                0x0000000008000656                W5300_read
 .text.W5300CsEnable
                0x0000000008000676        0xe ./Core/Src/main.o
                0x0000000008000676                W5300CsEnable
 .text.W5300CsDisable
                0x0000000008000684        0xe ./Core/Src/main.o
                0x0000000008000684                W5300CsDisable
 *fill*         0x0000000008000692        0x2 
 .text.print_network_information
                0x0000000008000694       0xe0 ./Core/Src/main.o
                0x0000000008000694                print_network_information
 .text._InitW5300
                0x0000000008000774       0x74 ./Core/Src/main.o
                0x0000000008000774                _InitW5300
 .text.main     0x00000000080007e8       0x4c ./Core/Src/main.o
                0x00000000080007e8                main
 .text.SystemClock_Config
                0x0000000008000834       0xa6 ./Core/Src/main.o
                0x0000000008000834                SystemClock_Config
 *fill*         0x00000000080008da        0x2 
 .text.MX_LPUART1_UART_Init
                0x00000000080008dc       0x58 ./Core/Src/main.o
 .text.MX_FMC_Init
                0x0000000008000934       0xc0 ./Core/Src/main.o
 .text.MX_GPIO_Init
                0x00000000080009f4      0x1c4 ./Core/Src/main.o
 .text.Error_Handler
                0x0000000008000bb8        0xa ./Core/Src/main.o
                0x0000000008000bb8                Error_Handler
 *fill*         0x0000000008000bc2        0x2 
 .text.HAL_MspInit
                0x0000000008000bc4       0x48 ./Core/Src/stm32l4xx_hal_msp.o
                0x0000000008000bc4                HAL_MspInit
 .text.HAL_UART_MspInit
                0x0000000008000c0c       0xd0 ./Core/Src/stm32l4xx_hal_msp.o
                0x0000000008000c0c                HAL_UART_MspInit
 .text.HAL_FMC_MspInit
                0x0000000008000cdc       0xb8 ./Core/Src/stm32l4xx_hal_msp.o
 .text.HAL_SRAM_MspInit
                0x0000000008000d94       0x14 ./Core/Src/stm32l4xx_hal_msp.o
                0x0000000008000d94                HAL_SRAM_MspInit
 .text.NMI_Handler
                0x0000000008000da8        0x6 ./Core/Src/stm32l4xx_it.o
                0x0000000008000da8                NMI_Handler
 .text.HardFault_Handler
                0x0000000008000dae        0x6 ./Core/Src/stm32l4xx_it.o
                0x0000000008000dae                HardFault_Handler
 .text.MemManage_Handler
                0x0000000008000db4        0x6 ./Core/Src/stm32l4xx_it.o
                0x0000000008000db4                MemManage_Handler
 .text.BusFault_Handler
                0x0000000008000dba        0x6 ./Core/Src/stm32l4xx_it.o
                0x0000000008000dba                BusFault_Handler
 .text.UsageFault_Handler
                0x0000000008000dc0        0x6 ./Core/Src/stm32l4xx_it.o
                0x0000000008000dc0                UsageFault_Handler
 .text.SVC_Handler
                0x0000000008000dc6        0xe ./Core/Src/stm32l4xx_it.o
                0x0000000008000dc6                SVC_Handler
 .text.DebugMon_Handler
                0x0000000008000dd4        0xe ./Core/Src/stm32l4xx_it.o
                0x0000000008000dd4                DebugMon_Handler
 .text.PendSV_Handler
                0x0000000008000de2        0xe ./Core/Src/stm32l4xx_it.o
                0x0000000008000de2                PendSV_Handler
 .text.SysTick_Handler
                0x0000000008000df0        0xc ./Core/Src/stm32l4xx_it.o
                0x0000000008000df0                SysTick_Handler
 .text.LPUART1_IRQHandler
                0x0000000008000dfc       0x14 ./Core/Src/stm32l4xx_it.o
                0x0000000008000dfc                LPUART1_IRQHandler
 .text._read    0x0000000008000e10       0x3a ./Core/Src/syscalls.o
                0x0000000008000e10                _read
 .text._close   0x0000000008000e4a       0x18 ./Core/Src/syscalls.o
                0x0000000008000e4a                _close
 .text._fstat   0x0000000008000e62       0x20 ./Core/Src/syscalls.o
                0x0000000008000e62                _fstat
 .text._isatty  0x0000000008000e82       0x16 ./Core/Src/syscalls.o
                0x0000000008000e82                _isatty
 .text._lseek   0x0000000008000e98       0x1a ./Core/Src/syscalls.o
                0x0000000008000e98                _lseek
 *fill*         0x0000000008000eb2        0x2 
 .text._sbrk    0x0000000008000eb4       0x6c ./Core/Src/sysmem.o
                0x0000000008000eb4                _sbrk
 .text.SystemInit
                0x0000000008000f20       0x24 ./Core/Src/system_stm32l4xx.o
                0x0000000008000f20                SystemInit
 .text.Reset_Handler
                0x0000000008000f44       0x50 ./Core/Startup/startup_stm32l496zgtx.o
                0x0000000008000f44                Reset_Handler
 .text.Default_Handler
                0x0000000008000f94        0x2 ./Core/Startup/startup_stm32l496zgtx.o
                0x0000000008000f94                RTC_Alarm_IRQHandler
                0x0000000008000f94                EXTI2_IRQHandler
                0x0000000008000f94                TIM8_TRG_COM_IRQHandler
                0x0000000008000f94                TIM8_CC_IRQHandler
                0x0000000008000f94                TIM1_CC_IRQHandler
                0x0000000008000f94                TSC_IRQHandler
                0x0000000008000f94                TAMP_STAMP_IRQHandler
                0x0000000008000f94                CAN2_RX1_IRQHandler
                0x0000000008000f94                EXTI3_IRQHandler
                0x0000000008000f94                LPTIM2_IRQHandler
                0x0000000008000f94                DFSDM1_FLT1_IRQHandler
                0x0000000008000f94                I2C3_ER_IRQHandler
                0x0000000008000f94                DFSDM1_FLT2_IRQHandler
                0x0000000008000f94                EXTI0_IRQHandler
                0x0000000008000f94                I2C2_EV_IRQHandler
                0x0000000008000f94                CAN1_RX0_IRQHandler
                0x0000000008000f94                FPU_IRQHandler
                0x0000000008000f94                TIM1_UP_TIM16_IRQHandler
                0x0000000008000f94                CAN2_SCE_IRQHandler
                0x0000000008000f94                ADC1_2_IRQHandler
                0x0000000008000f94                SPI1_IRQHandler
                0x0000000008000f94                TIM6_DAC_IRQHandler
                0x0000000008000f94                DCMI_IRQHandler
                0x0000000008000f94                CAN2_RX0_IRQHandler
                0x0000000008000f94                TIM8_UP_IRQHandler
                0x0000000008000f94                DMA2_Channel2_IRQHandler
                0x0000000008000f94                DMA1_Channel4_IRQHandler
                0x0000000008000f94                SAI2_IRQHandler
                0x0000000008000f94                DFSDM1_FLT3_IRQHandler
                0x0000000008000f94                USART3_IRQHandler
                0x0000000008000f94                DMA1_Channel7_IRQHandler
                0x0000000008000f94                CAN1_RX1_IRQHandler
                0x0000000008000f94                LCD_IRQHandler
                0x0000000008000f94                UART5_IRQHandler
                0x0000000008000f94                ADC3_IRQHandler
                0x0000000008000f94                TIM4_IRQHandler
                0x0000000008000f94                DMA2_Channel1_IRQHandler
                0x0000000008000f94                QUADSPI_IRQHandler
                0x0000000008000f94                I2C1_EV_IRQHandler
                0x0000000008000f94                DMA1_Channel6_IRQHandler
                0x0000000008000f94                UART4_IRQHandler
                0x0000000008000f94                DMA2_Channel4_IRQHandler
                0x0000000008000f94                TIM3_IRQHandler
                0x0000000008000f94                RCC_IRQHandler
                0x0000000008000f94                DMA1_Channel1_IRQHandler
                0x0000000008000f94                Default_Handler
                0x0000000008000f94                DMA2_Channel7_IRQHandler
                0x0000000008000f94                EXTI15_10_IRQHandler
                0x0000000008000f94                TIM7_IRQHandler
                0x0000000008000f94                SDMMC1_IRQHandler
                0x0000000008000f94                CAN2_TX_IRQHandler
                0x0000000008000f94                TIM5_IRQHandler
                0x0000000008000f94                I2C3_EV_IRQHandler
                0x0000000008000f94                EXTI9_5_IRQHandler
                0x0000000008000f94                RTC_WKUP_IRQHandler
                0x0000000008000f94                PVD_PVM_IRQHandler
                0x0000000008000f94                SPI2_IRQHandler
                0x0000000008000f94                CAN1_TX_IRQHandler
                0x0000000008000f94                DMA2_Channel5_IRQHandler
                0x0000000008000f94                CRS_IRQHandler
                0x0000000008000f94                DMA1_Channel5_IRQHandler
                0x0000000008000f94                EXTI4_IRQHandler
                0x0000000008000f94                RNG_IRQHandler
                0x0000000008000f94                TIM1_TRG_COM_TIM17_IRQHandler
                0x0000000008000f94                DMA1_Channel3_IRQHandler
                0x0000000008000f94                COMP_IRQHandler
                0x0000000008000f94                WWDG_IRQHandler
                0x0000000008000f94                I2C4_EV_IRQHandler
                0x0000000008000f94                DMA2_Channel6_IRQHandler
                0x0000000008000f94                TIM2_IRQHandler
                0x0000000008000f94                EXTI1_IRQHandler
                0x0000000008000f94                USART2_IRQHandler
                0x0000000008000f94                DFSDM1_FLT0_IRQHandler
                0x0000000008000f94                I2C2_ER_IRQHandler
                0x0000000008000f94                DMA1_Channel2_IRQHandler
                0x0000000008000f94                TIM8_BRK_IRQHandler
                0x0000000008000f94                CAN1_SCE_IRQHandler
                0x0000000008000f94                FLASH_IRQHandler
                0x0000000008000f94                USART1_IRQHandler
                0x0000000008000f94                OTG_FS_IRQHandler
                0x0000000008000f94                SPI3_IRQHandler
                0x0000000008000f94                I2C1_ER_IRQHandler
                0x0000000008000f94                FMC_IRQHandler
                0x0000000008000f94                SWPMI1_IRQHandler
                0x0000000008000f94                LPTIM1_IRQHandler
                0x0000000008000f94                I2C4_ER_IRQHandler
                0x0000000008000f94                SAI1_IRQHandler
                0x0000000008000f94                DMA2_Channel3_IRQHandler
                0x0000000008000f94                TIM1_BRK_TIM15_IRQHandler
 .text.HAL_Init
                0x0000000008000f96       0x30 ./Drivers/STM32L4xx_HAL_Driver/Src/stm32l4xx_hal.o
                0x0000000008000f96                HAL_Init
 *fill*         0x0000000008000fc6        0x2 
 .text.HAL_InitTick
                0x0000000008000fc8       0x78 ./Drivers/STM32L4xx_HAL_Driver/Src/stm32l4xx_hal.o
                0x0000000008000fc8                HAL_InitTick
 .text.HAL_IncTick
                0x0000000008001040       0x28 ./Drivers/STM32L4xx_HAL_Driver/Src/stm32l4xx_hal.o
                0x0000000008001040                HAL_IncTick
 .text.HAL_GetTick
                0x0000000008001068       0x18 ./Drivers/STM32L4xx_HAL_Driver/Src/stm32l4xx_hal.o
                0x0000000008001068                HAL_GetTick
 .text.HAL_Delay
                0x0000000008001080       0x48 ./Drivers/STM32L4xx_HAL_Driver/Src/stm32l4xx_hal.o
                0x0000000008001080                HAL_Delay
 .text.__NVIC_SetPriorityGrouping
                0x00000000080010c8       0x48 ./Drivers/STM32L4xx_HAL_Driver/Src/stm32l4xx_hal_cortex.o
 .text.__NVIC_GetPriorityGrouping
                0x0000000008001110       0x1c ./Drivers/STM32L4xx_HAL_Driver/Src/stm32l4xx_hal_cortex.o
 .text.__NVIC_EnableIRQ
                0x000000000800112c       0x3c ./Drivers/STM32L4xx_HAL_Driver/Src/stm32l4xx_hal_cortex.o
 .text.__NVIC_SetPriority
                0x0000000008001168       0x54 ./Drivers/STM32L4xx_HAL_Driver/Src/stm32l4xx_hal_cortex.o
 .text.NVIC_EncodePriority
                0x00000000080011bc       0x66 ./Drivers/STM32L4xx_HAL_Driver/Src/stm32l4xx_hal_cortex.o
 *fill*         0x0000000008001222        0x2 
 .text.SysTick_Config
                0x0000000008001224       0x44 ./Drivers/STM32L4xx_HAL_Driver/Src/stm32l4xx_hal_cortex.o
 .text.HAL_NVIC_SetPriorityGrouping
                0x0000000008001268       0x16 ./Drivers/STM32L4xx_HAL_Driver/Src/stm32l4xx_hal_cortex.o
                0x0000000008001268                HAL_NVIC_SetPriorityGrouping
 .text.HAL_NVIC_SetPriority
                0x000000000800127e       0x38 ./Drivers/STM32L4xx_HAL_Driver/Src/stm32l4xx_hal_cortex.o
                0x000000000800127e                HAL_NVIC_SetPriority
 .text.HAL_NVIC_EnableIRQ
                0x00000000080012b6       0x1c ./Drivers/STM32L4xx_HAL_Driver/Src/stm32l4xx_hal_cortex.o
                0x00000000080012b6                HAL_NVIC_EnableIRQ
 .text.HAL_SYSTICK_Config
                0x00000000080012d2       0x18 ./Drivers/STM32L4xx_HAL_Driver/Src/stm32l4xx_hal_cortex.o
                0x00000000080012d2                HAL_SYSTICK_Config
 .text.HAL_DMA_Abort
                0x00000000080012ea       0x7c ./Drivers/STM32L4xx_HAL_Driver/Src/stm32l4xx_hal_dma.o
                0x00000000080012ea                HAL_DMA_Abort
 .text.HAL_DMA_Abort_IT
                0x0000000008001366       0x82 ./Drivers/STM32L4xx_HAL_Driver/Src/stm32l4xx_hal_dma.o
                0x0000000008001366                HAL_DMA_Abort_IT
 .text.HAL_GPIO_Init
                0x00000000080013e8      0x324 ./Drivers/STM32L4xx_HAL_Driver/Src/stm32l4xx_hal_gpio.o
                0x00000000080013e8                HAL_GPIO_Init
 .text.HAL_GPIO_WritePin
                0x000000000800170c       0x30 ./Drivers/STM32L4xx_HAL_Driver/Src/stm32l4xx_hal_gpio.o
                0x000000000800170c                HAL_GPIO_WritePin
 .text.HAL_PWREx_GetVoltageRange
                0x000000000800173c       0x1c ./Drivers/STM32L4xx_HAL_Driver/Src/stm32l4xx_hal_pwr_ex.o
                0x000000000800173c                HAL_PWREx_GetVoltageRange
 .text.HAL_PWREx_ControlVoltageScaling
                0x0000000008001758       0xac ./Drivers/STM32L4xx_HAL_Driver/Src/stm32l4xx_hal_pwr_ex.o
                0x0000000008001758                HAL_PWREx_ControlVoltageScaling
 .text.HAL_PWREx_EnableVddIO2
                0x0000000008001804       0x20 ./Drivers/STM32L4xx_HAL_Driver/Src/stm32l4xx_hal_pwr_ex.o
                0x0000000008001804                HAL_PWREx_EnableVddIO2
 .text.HAL_RCC_OscConfig
                0x0000000008001824      0x834 ./Drivers/STM32L4xx_HAL_Driver/Src/stm32l4xx_hal_rcc.o
                0x0000000008001824                HAL_RCC_OscConfig
 .text.HAL_RCC_ClockConfig
                0x0000000008002058      0x200 ./Drivers/STM32L4xx_HAL_Driver/Src/stm32l4xx_hal_rcc.o
                0x0000000008002058                HAL_RCC_ClockConfig
 .text.HAL_RCC_GetSysClockFreq
                0x0000000008002258      0x118 ./Drivers/STM32L4xx_HAL_Driver/Src/stm32l4xx_hal_rcc.o
                0x0000000008002258                HAL_RCC_GetSysClockFreq
 .text.HAL_RCC_GetHCLKFreq
                0x0000000008002370       0x18 ./Drivers/STM32L4xx_HAL_Driver/Src/stm32l4xx_hal_rcc.o
                0x0000000008002370                HAL_RCC_GetHCLKFreq
 .text.HAL_RCC_GetPCLK1Freq
                0x0000000008002388       0x2c ./Drivers/STM32L4xx_HAL_Driver/Src/stm32l4xx_hal_rcc.o
                0x0000000008002388                HAL_RCC_GetPCLK1Freq
 .text.HAL_RCC_GetPCLK2Freq
                0x00000000080023b4       0x2c ./Drivers/STM32L4xx_HAL_Driver/Src/stm32l4xx_hal_rcc.o
                0x00000000080023b4                HAL_RCC_GetPCLK2Freq
 .text.RCC_SetFlashLatencyFromMSIRange
                0x00000000080023e0       0xc0 ./Drivers/STM32L4xx_HAL_Driver/Src/stm32l4xx_hal_rcc.o
 .text.HAL_RCCEx_PeriphCLKConfig
                0x00000000080024a0      0x5f8 ./Drivers/STM32L4xx_HAL_Driver/Src/stm32l4xx_hal_rcc_ex.o
                0x00000000080024a0                HAL_RCCEx_PeriphCLKConfig
 .text.RCCEx_PLLSAI1_Config
                0x0000000008002a98      0x1e4 ./Drivers/STM32L4xx_HAL_Driver/Src/stm32l4xx_hal_rcc_ex.o
 .text.RCCEx_PLLSAI2_Config
                0x0000000008002c7c      0x1b8 ./Drivers/STM32L4xx_HAL_Driver/Src/stm32l4xx_hal_rcc_ex.o
 .text.HAL_SRAM_Init
                0x0000000008002e34       0x90 ./Drivers/STM32L4xx_HAL_Driver/Src/stm32l4xx_hal_sram.o
                0x0000000008002e34                HAL_SRAM_Init
 .text.HAL_UART_Init
                0x0000000008002ec4       0x9c ./Drivers/STM32L4xx_HAL_Driver/Src/stm32l4xx_hal_uart.o
                0x0000000008002ec4                HAL_UART_Init
 .text.HAL_UART_Transmit
                0x0000000008002f60      0x128 ./Drivers/STM32L4xx_HAL_Driver/Src/stm32l4xx_hal_uart.o
                0x0000000008002f60                HAL_UART_Transmit
 .text.HAL_UART_Receive_IT
                0x0000000008003088       0xac ./Drivers/STM32L4xx_HAL_Driver/Src/stm32l4xx_hal_uart.o
                0x0000000008003088                HAL_UART_Receive_IT
 .text.HAL_UART_IRQHandler
                0x0000000008003134      0x5c4 ./Drivers/STM32L4xx_HAL_Driver/Src/stm32l4xx_hal_uart.o
                0x0000000008003134                HAL_UART_IRQHandler
 .text.HAL_UART_TxCpltCallback
                0x00000000080036f8       0x14 ./Drivers/STM32L4xx_HAL_Driver/Src/stm32l4xx_hal_uart.o
                0x00000000080036f8                HAL_UART_TxCpltCallback
 .text.HAL_UART_ErrorCallback
                0x000000000800370c       0x14 ./Drivers/STM32L4xx_HAL_Driver/Src/stm32l4xx_hal_uart.o
                0x000000000800370c                HAL_UART_ErrorCallback
 .text.HAL_UARTEx_RxEventCallback
                0x0000000008003720       0x18 ./Drivers/STM32L4xx_HAL_Driver/Src/stm32l4xx_hal_uart.o
                0x0000000008003720                HAL_UARTEx_RxEventCallback
 .text.UART_SetConfig
                0x0000000008003738      0x570 ./Drivers/STM32L4xx_HAL_Driver/Src/stm32l4xx_hal_uart.o
                0x0000000008003738                UART_SetConfig
 .text.UART_AdvFeatureConfig
                0x0000000008003ca8      0x144 ./Drivers/STM32L4xx_HAL_Driver/Src/stm32l4xx_hal_uart.o
                0x0000000008003ca8                UART_AdvFeatureConfig
 .text.UART_CheckIdleState
                0x0000000008003dec       0x92 ./Drivers/STM32L4xx_HAL_Driver/Src/stm32l4xx_hal_uart.o
                0x0000000008003dec                UART_CheckIdleState
 .text.UART_WaitOnFlagUntilTimeout
                0x0000000008003e7e      0x188 ./Drivers/STM32L4xx_HAL_Driver/Src/stm32l4xx_hal_uart.o
                0x0000000008003e7e                UART_WaitOnFlagUntilTimeout
 *fill*         0x0000000008004006        0x2 
 .text.UART_Start_Receive_IT
                0x0000000008004008      0x194 ./Drivers/STM32L4xx_HAL_Driver/Src/stm32l4xx_hal_uart.o
                0x0000000008004008                UART_Start_Receive_IT
 .text.UART_EndRxTransfer
                0x000000000800419c       0xc6 ./Drivers/STM32L4xx_HAL_Driver/Src/stm32l4xx_hal_uart.o
 .text.UART_DMAAbortOnError
                0x0000000008004262       0x2c ./Drivers/STM32L4xx_HAL_Driver/Src/stm32l4xx_hal_uart.o
 .text.UART_EndTransmit_IT
                0x000000000800428e       0x54 ./Drivers/STM32L4xx_HAL_Driver/Src/stm32l4xx_hal_uart.o
 .text.UART_RxISR_8BIT
                0x00000000080042e2      0x160 ./Drivers/STM32L4xx_HAL_Driver/Src/stm32l4xx_hal_uart.o
 .text.UART_RxISR_16BIT
                0x0000000008004442      0x160 ./Drivers/STM32L4xx_HAL_Driver/Src/stm32l4xx_hal_uart.o
 .text.HAL_UARTEx_WakeupCallback
                0x00000000080045a2       0x14 ./Drivers/STM32L4xx_HAL_Driver/Src/stm32l4xx_hal_uart_ex.o
                0x00000000080045a2                HAL_UARTEx_WakeupCallback
 *fill*         0x00000000080045b6        0x2 
 .text.FMC_NORSRAM_Init
                0x00000000080045b8      0x120 ./Drivers/STM32L4xx_HAL_Driver/Src/stm32l4xx_ll_fmc.o
                0x00000000080045b8                FMC_NORSRAM_Init
 .text.FMC_NORSRAM_Timing_Init
                0x00000000080046d8       0xa0 ./Drivers/STM32L4xx_HAL_Driver/Src/stm32l4xx_ll_fmc.o
                0x00000000080046d8                FMC_NORSRAM_Timing_Init
 .text.FMC_NORSRAM_Extended_Timing_Init
                0x0000000008004778       0x70 ./Drivers/STM32L4xx_HAL_Driver/Src/stm32l4xx_ll_fmc.o
                0x0000000008004778                FMC_NORSRAM_Extended_Timing_Init
 .text.loopback_tcps
                0x00000000080047e8      0x268 ./Drivers/ioLibrary_Driver/Application/loopback/loopback.o
                0x00000000080047e8                loopback_tcps
 .text.WIZCHIP_WRITE
                0x0000000008004a50       0x3c ./Drivers/ioLibrary_Driver/Ethernet/W5300/w5300.o
                0x0000000008004a50                WIZCHIP_WRITE
 .text.WIZCHIP_READ
                0x0000000008004a8c       0x3c ./Drivers/ioLibrary_Driver/Ethernet/W5300/w5300.o
                0x0000000008004a8c                WIZCHIP_READ
 .text.getTMSR  0x0000000008004ac8       0x46 ./Drivers/ioLibrary_Driver/Ethernet/W5300/w5300.o
                0x0000000008004ac8                getTMSR
 .text.getRMSR  0x0000000008004b0e       0x46 ./Drivers/ioLibrary_Driver/Ethernet/W5300/w5300.o
                0x0000000008004b0e                getRMSR
 .text.getSn_TX_FSR
                0x0000000008004b54       0x52 ./Drivers/ioLibrary_Driver/Ethernet/W5300/w5300.o
                0x0000000008004b54                getSn_TX_FSR
 *fill*         0x0000000008004ba6        0x2 
 .text.getSn_RX_RSR
                0x0000000008004ba8       0x64 ./Drivers/ioLibrary_Driver/Ethernet/W5300/w5300.o
                0x0000000008004ba8                getSn_RX_RSR
 .text.wiz_send_data
                0x0000000008004c0c       0x64 ./Drivers/ioLibrary_Driver/Ethernet/W5300/w5300.o
                0x0000000008004c0c                wiz_send_data
 .text.wiz_recv_data
                0x0000000008004c70       0x84 ./Drivers/ioLibrary_Driver/Ethernet/W5300/w5300.o
                0x0000000008004c70                wiz_recv_data
 .text.socket   0x0000000008004cf4      0x238 ./Drivers/ioLibrary_Driver/Ethernet/socket.o
                0x0000000008004cf4                socket
 .text.close    0x0000000008004f2c      0x17c ./Drivers/ioLibrary_Driver/Ethernet/socket.o
                0x0000000008004f2c                close
 .text.listen   0x00000000080050a8       0xa6 ./Drivers/ioLibrary_Driver/Ethernet/socket.o
                0x00000000080050a8                listen
 *fill*         0x000000000800514e        0x2 
 .text.disconnect
                0x0000000008005150       0xe0 ./Drivers/ioLibrary_Driver/Ethernet/socket.o
                0x0000000008005150                disconnect
 .text.send     0x0000000008005230      0x1f8 ./Drivers/ioLibrary_Driver/Ethernet/socket.o
                0x0000000008005230                send
 .text.recv     0x0000000008005428      0x2c8 ./Drivers/ioLibrary_Driver/Ethernet/socket.o
                0x0000000008005428                recv
 .text.sendto   0x00000000080056f0      0x410 ./Drivers/ioLibrary_Driver/Ethernet/socket.o
                0x00000000080056f0                sendto
 .text.wizchip_cris_enter
                0x0000000008005b00        0xe ./Drivers/ioLibrary_Driver/Ethernet/wizchip_conf.o
                0x0000000008005b00                wizchip_cris_enter
 .text.wizchip_cris_exit
                0x0000000008005b0e        0xe ./Drivers/ioLibrary_Driver/Ethernet/wizchip_conf.o
                0x0000000008005b0e                wizchip_cris_exit
 .text.wizchip_cs_select
                0x0000000008005b1c        0xe ./Drivers/ioLibrary_Driver/Ethernet/wizchip_conf.o
                0x0000000008005b1c                wizchip_cs_select
 .text.wizchip_cs_deselect
                0x0000000008005b2a        0xe ./Drivers/ioLibrary_Driver/Ethernet/wizchip_conf.o
                0x0000000008005b2a                wizchip_cs_deselect
 .text.wizchip_bus_readdata
                0x0000000008005b38       0x1a ./Drivers/ioLibrary_Driver/Ethernet/wizchip_conf.o
                0x0000000008005b38                wizchip_bus_readdata
 .text.wizchip_bus_writedata
                0x0000000008005b52       0x1e ./Drivers/ioLibrary_Driver/Ethernet/wizchip_conf.o
                0x0000000008005b52                wizchip_bus_writedata
 .text.reg_wizchip_cs_cbfunc
                0x0000000008005b70       0x4c ./Drivers/ioLibrary_Driver/Ethernet/wizchip_conf.o
                0x0000000008005b70                reg_wizchip_cs_cbfunc
 .text.reg_wizchip_bus_cbfunc
                0x0000000008005bbc       0x58 ./Drivers/ioLibrary_Driver/Ethernet/wizchip_conf.o
                0x0000000008005bbc                reg_wizchip_bus_cbfunc
 .text.ctlwizchip
                0x0000000008005c14       0xf8 ./Drivers/ioLibrary_Driver/Ethernet/wizchip_conf.o
                0x0000000008005c14                ctlwizchip
 .text.ctlnetwork
                0x0000000008005d0c       0x7c ./Drivers/ioLibrary_Driver/Ethernet/wizchip_conf.o
                0x0000000008005d0c                ctlnetwork
 .text.wizchip_sw_reset
                0x0000000008005d88      0x1f0 ./Drivers/ioLibrary_Driver/Ethernet/wizchip_conf.o
                0x0000000008005d88                wizchip_sw_reset
 .text.wizchip_init
                0x0000000008005f78       0xd4 ./Drivers/ioLibrary_Driver/Ethernet/wizchip_conf.o
                0x0000000008005f78                wizchip_init
 .text.wizchip_clrinterrupt
                0x000000000800604c       0x44 ./Drivers/ioLibrary_Driver/Ethernet/wizchip_conf.o
                0x000000000800604c                wizchip_clrinterrupt
 .text.wizchip_getinterrupt
                0x0000000008006090       0x48 ./Drivers/ioLibrary_Driver/Ethernet/wizchip_conf.o
                0x0000000008006090                wizchip_getinterrupt
 .text.wizchip_setinterruptmask
                0x00000000080060d8       0x44 ./Drivers/ioLibrary_Driver/Ethernet/wizchip_conf.o
                0x00000000080060d8                wizchip_setinterruptmask
 .text.wizchip_getinterruptmask
                0x000000000800611c       0x50 ./Drivers/ioLibrary_Driver/Ethernet/wizchip_conf.o
                0x000000000800611c                wizchip_getinterruptmask
 .text.wizchip_setnetinfo
                0x000000000800616c      0x13c ./Drivers/ioLibrary_Driver/Ethernet/wizchip_conf.o
                0x000000000800616c                wizchip_setnetinfo
 .text.wizchip_getnetinfo
                0x00000000080062a8      0x160 ./Drivers/ioLibrary_Driver/Ethernet/wizchip_conf.o
                0x00000000080062a8                wizchip_getnetinfo
 .text.wizchip_setnetmode
                0x0000000008006408       0x46 ./Drivers/ioLibrary_Driver/Ethernet/wizchip_conf.o
                0x0000000008006408                wizchip_setnetmode
 .text.wizchip_getnetmode
                0x000000000800644e       0x12 ./Drivers/ioLibrary_Driver/Ethernet/wizchip_conf.o
                0x000000000800644e                wizchip_getnetmode
 .text.wizchip_settimeout
                0x0000000008006460       0x2a ./Drivers/ioLibrary_Driver/Ethernet/wizchip_conf.o
                0x0000000008006460                wizchip_settimeout
 .text.wizchip_gettimeout
                0x000000000800648a       0x2c ./Drivers/ioLibrary_Driver/Ethernet/wizchip_conf.o
                0x000000000800648a                wizchip_gettimeout
 *fill*         0x00000000080064b6        0x2 
 .text.__errno  0x00000000080064b8        0xc c:/st/stm32cubeide_1.6.1/stm32cubeide/plugins/com.st.stm32cube.ide.mcu.externaltools.gnu-tools-for-stm32.10.3-2021.10.win32_1.0.0.202111181127/tools/bin/../lib/gcc/arm-none-eabi/10.3.1/../../../../arm-none-eabi/lib/thumb/v7e-m+fp/hard\libc_nano.a(lib_a-errno.o)
                0x00000000080064b8                __errno
 .text.__libc_init_array
                0x00000000080064c4       0x48 c:/st/stm32cubeide_1.6.1/stm32cubeide/plugins/com.st.stm32cube.ide.mcu.externaltools.gnu-tools-for-stm32.10.3-2021.10.win32_1.0.0.202111181127/tools/bin/../lib/gcc/arm-none-eabi/10.3.1/../../../../arm-none-eabi/lib/thumb/v7e-m+fp/hard\libc_nano.a(lib_a-init.o)
                0x00000000080064c4                __libc_init_array
 .text.memset   0x000000000800650c       0x10 c:/st/stm32cubeide_1.6.1/stm32cubeide/plugins/com.st.stm32cube.ide.mcu.externaltools.gnu-tools-for-stm32.10.3-2021.10.win32_1.0.0.202111181127/tools/bin/../lib/gcc/arm-none-eabi/10.3.1/../../../../arm-none-eabi/lib/thumb/v7e-m+fp/hard\libc_nano.a(lib_a-memset.o)
                0x000000000800650c                memset
 .text._free_r  0x000000000800651c       0x98 c:/st/stm32cubeide_1.6.1/stm32cubeide/plugins/com.st.stm32cube.ide.mcu.externaltools.gnu-tools-for-stm32.10.3-2021.10.win32_1.0.0.202111181127/tools/bin/../lib/gcc/arm-none-eabi/10.3.1/../../../../arm-none-eabi/lib/thumb/v7e-m+fp/hard\libc_nano.a(lib_a-nano-freer.o)
                0x000000000800651c                _free_r
 .text.sbrk_aligned
                0x00000000080065b4       0x40 c:/st/stm32cubeide_1.6.1/stm32cubeide/plugins/com.st.stm32cube.ide.mcu.externaltools.gnu-tools-for-stm32.10.3-2021.10.win32_1.0.0.202111181127/tools/bin/../lib/gcc/arm-none-eabi/10.3.1/../../../../arm-none-eabi/lib/thumb/v7e-m+fp/hard\libc_nano.a(lib_a-nano-mallocr.o)
 .text._malloc_r
                0x00000000080065f4       0xe8 c:/st/stm32cubeide_1.6.1/stm32cubeide/plugins/com.st.stm32cube.ide.mcu.externaltools.gnu-tools-for-stm32.10.3-2021.10.win32_1.0.0.202111181127/tools/bin/../lib/gcc/arm-none-eabi/10.3.1/../../../../arm-none-eabi/lib/thumb/v7e-m+fp/hard\libc_nano.a(lib_a-nano-mallocr.o)
                0x00000000080065f4                _malloc_r
 .text.printf   0x00000000080066dc       0x30 c:/st/stm32cubeide_1.6.1/stm32cubeide/plugins/com.st.stm32cube.ide.mcu.externaltools.gnu-tools-for-stm32.10.3-2021.10.win32_1.0.0.202111181127/tools/bin/../lib/gcc/arm-none-eabi/10.3.1/../../../../arm-none-eabi/lib/thumb/v7e-m+fp/hard\libc_nano.a(lib_a-printf.o)
                0x00000000080066dc                iprintf
                0x00000000080066dc                printf
 .text._puts_r  0x000000000800670c       0xdc c:/st/stm32cubeide_1.6.1/stm32cubeide/plugins/com.st.stm32cube.ide.mcu.externaltools.gnu-tools-for-stm32.10.3-2021.10.win32_1.0.0.202111181127/tools/bin/../lib/gcc/arm-none-eabi/10.3.1/../../../../arm-none-eabi/lib/thumb/v7e-m+fp/hard\libc_nano.a(lib_a-puts.o)
                0x000000000800670c                _puts_r
 .text.puts     0x00000000080067e8       0x10 c:/st/stm32cubeide_1.6.1/stm32cubeide/plugins/com.st.stm32cube.ide.mcu.externaltools.gnu-tools-for-stm32.10.3-2021.10.win32_1.0.0.202111181127/tools/bin/../lib/gcc/arm-none-eabi/10.3.1/../../../../arm-none-eabi/lib/thumb/v7e-m+fp/hard\libc_nano.a(lib_a-puts.o)
                0x00000000080067e8                puts
 .text._sbrk_r  0x00000000080067f8       0x20 c:/st/stm32cubeide_1.6.1/stm32cubeide/plugins/com.st.stm32cube.ide.mcu.externaltools.gnu-tools-for-stm32.10.3-2021.10.win32_1.0.0.202111181127/tools/bin/../lib/gcc/arm-none-eabi/10.3.1/../../../../arm-none-eabi/lib/thumb/v7e-m+fp/hard\libc_nano.a(lib_a-sbrkr.o)
                0x00000000080067f8                _sbrk_r
 .text.__sread  0x0000000008006818       0x22 c:/st/stm32cubeide_1.6.1/stm32cubeide/plugins/com.st.stm32cube.ide.mcu.externaltools.gnu-tools-for-stm32.10.3-2021.10.win32_1.0.0.202111181127/tools/bin/../lib/gcc/arm-none-eabi/10.3.1/../../../../arm-none-eabi/lib/thumb/v7e-m+fp/hard\libc_nano.a(lib_a-stdio.o)
                0x0000000008006818                __sread
 .text.__swrite
                0x000000000800683a       0x38 c:/st/stm32cubeide_1.6.1/stm32cubeide/plugins/com.st.stm32cube.ide.mcu.externaltools.gnu-tools-for-stm32.10.3-2021.10.win32_1.0.0.202111181127/tools/bin/../lib/gcc/arm-none-eabi/10.3.1/../../../../arm-none-eabi/lib/thumb/v7e-m+fp/hard\libc_nano.a(lib_a-stdio.o)
                0x000000000800683a                __swrite
 .text.__sseek  0x0000000008006872       0x24 c:/st/stm32cubeide_1.6.1/stm32cubeide/plugins/com.st.stm32cube.ide.mcu.externaltools.gnu-tools-for-stm32.10.3-2021.10.win32_1.0.0.202111181127/tools/bin/../lib/gcc/arm-none-eabi/10.3.1/../../../../arm-none-eabi/lib/thumb/v7e-m+fp/hard\libc_nano.a(lib_a-stdio.o)
                0x0000000008006872                __sseek
 .text.__sclose
                0x0000000008006896        0x8 c:/st/stm32cubeide_1.6.1/stm32cubeide/plugins/com.st.stm32cube.ide.mcu.externaltools.gnu-tools-for-stm32.10.3-2021.10.win32_1.0.0.202111181127/tools/bin/../lib/gcc/arm-none-eabi/10.3.1/../../../../arm-none-eabi/lib/thumb/v7e-m+fp/hard\libc_nano.a(lib_a-stdio.o)
                0x0000000008006896                __sclose
 *fill*         0x000000000800689e        0x2 
 .text.__swbuf_r
                0x00000000080068a0       0xa4 c:/st/stm32cubeide_1.6.1/stm32cubeide/plugins/com.st.stm32cube.ide.mcu.externaltools.gnu-tools-for-stm32.10.3-2021.10.win32_1.0.0.202111181127/tools/bin/../lib/gcc/arm-none-eabi/10.3.1/../../../../arm-none-eabi/lib/thumb/v7e-m+fp/hard\libc_nano.a(lib_a-wbuf.o)
                0x00000000080068a0                __swbuf_r
 .text._write_r
                0x0000000008006944       0x24 c:/st/stm32cubeide_1.6.1/stm32cubeide/plugins/com.st.stm32cube.ide.mcu.externaltools.gnu-tools-for-stm32.10.3-2021.10.win32_1.0.0.202111181127/tools/bin/../lib/gcc/arm-none-eabi/10.3.1/../../../../arm-none-eabi/lib/thumb/v7e-m+fp/hard\libc_nano.a(lib_a-writer.o)
                0x0000000008006944                _write_r
 .text.__swsetup_r
                0x0000000008006968       0xdc c:/st/stm32cubeide_1.6.1/stm32cubeide/plugins/com.st.stm32cube.ide.mcu.externaltools.gnu-tools-for-stm32.10.3-2021.10.win32_1.0.0.202111181127/tools/bin/../lib/gcc/arm-none-eabi/10.3.1/../../../../arm-none-eabi/lib/thumb/v7e-m+fp/hard\libc_nano.a(lib_a-wsetup.o)
                0x0000000008006968                __swsetup_r
 .text._close_r
                0x0000000008006a44       0x20 c:/st/stm32cubeide_1.6.1/stm32cubeide/plugins/com.st.stm32cube.ide.mcu.externaltools.gnu-tools-for-stm32.10.3-2021.10.win32_1.0.0.202111181127/tools/bin/../lib/gcc/arm-none-eabi/10.3.1/../../../../arm-none-eabi/lib/thumb/v7e-m+fp/hard\libc_nano.a(lib_a-closer.o)
                0x0000000008006a44                _close_r
 .text.__sflush_r
                0x0000000008006a64      0x10c c:/st/stm32cubeide_1.6.1/stm32cubeide/plugins/com.st.stm32cube.ide.mcu.externaltools.gnu-tools-for-stm32.10.3-2021.10.win32_1.0.0.202111181127/tools/bin/../lib/gcc/arm-none-eabi/10.3.1/../../../../arm-none-eabi/lib/thumb/v7e-m+fp/hard\libc_nano.a(lib_a-fflush.o)
                0x0000000008006a64                __sflush_r
 .text._fflush_r
                0x0000000008006b70       0x78 c:/st/stm32cubeide_1.6.1/stm32cubeide/plugins/com.st.stm32cube.ide.mcu.externaltools.gnu-tools-for-stm32.10.3-2021.10.win32_1.0.0.202111181127/tools/bin/../lib/gcc/arm-none-eabi/10.3.1/../../../../arm-none-eabi/lib/thumb/v7e-m+fp/hard\libc_nano.a(lib_a-fflush.o)
                0x0000000008006b70                _fflush_r
 .text.std      0x0000000008006be8       0x48 c:/st/stm32cubeide_1.6.1/stm32cubeide/plugins/com.st.stm32cube.ide.mcu.externaltools.gnu-tools-for-stm32.10.3-2021.10.win32_1.0.0.202111181127/tools/bin/../lib/gcc/arm-none-eabi/10.3.1/../../../../arm-none-eabi/lib/thumb/v7e-m+fp/hard\libc_nano.a(lib_a-findfp.o)
 .text._cleanup_r
                0x0000000008006c30        0xc c:/st/stm32cubeide_1.6.1/stm32cubeide/plugins/com.st.stm32cube.ide.mcu.externaltools.gnu-tools-for-stm32.10.3-2021.10.win32_1.0.0.202111181127/tools/bin/../lib/gcc/arm-none-eabi/10.3.1/../../../../arm-none-eabi/lib/thumb/v7e-m+fp/hard\libc_nano.a(lib_a-findfp.o)
                0x0000000008006c30                _cleanup_r
 .text.__sfmoreglue
                0x0000000008006c3c       0x2c c:/st/stm32cubeide_1.6.1/stm32cubeide/plugins/com.st.stm32cube.ide.mcu.externaltools.gnu-tools-for-stm32.10.3-2021.10.win32_1.0.0.202111181127/tools/bin/../lib/gcc/arm-none-eabi/10.3.1/../../../../arm-none-eabi/lib/thumb/v7e-m+fp/hard\libc_nano.a(lib_a-findfp.o)
                0x0000000008006c3c                __sfmoreglue
 .text.__sfp_lock_acquire
                0x0000000008006c68        0xc c:/st/stm32cubeide_1.6.1/stm32cubeide/plugins/com.st.stm32cube.ide.mcu.externaltools.gnu-tools-for-stm32.10.3-2021.10.win32_1.0.0.202111181127/tools/bin/../lib/gcc/arm-none-eabi/10.3.1/../../../../arm-none-eabi/lib/thumb/v7e-m+fp/hard\libc_nano.a(lib_a-findfp.o)
                0x0000000008006c68                __sfp_lock_acquire
 .text.__sfp_lock_release
                0x0000000008006c74        0xc c:/st/stm32cubeide_1.6.1/stm32cubeide/plugins/com.st.stm32cube.ide.mcu.externaltools.gnu-tools-for-stm32.10.3-2021.10.win32_1.0.0.202111181127/tools/bin/../lib/gcc/arm-none-eabi/10.3.1/../../../../arm-none-eabi/lib/thumb/v7e-m+fp/hard\libc_nano.a(lib_a-findfp.o)
                0x0000000008006c74                __sfp_lock_release
 .text.__sinit_lock_acquire
                0x0000000008006c80        0xc c:/st/stm32cubeide_1.6.1/stm32cubeide/plugins/com.st.stm32cube.ide.mcu.externaltools.gnu-tools-for-stm32.10.3-2021.10.win32_1.0.0.202111181127/tools/bin/../lib/gcc/arm-none-eabi/10.3.1/../../../../arm-none-eabi/lib/thumb/v7e-m+fp/hard\libc_nano.a(lib_a-findfp.o)
                0x0000000008006c80                __sinit_lock_acquire
 .text.__sinit_lock_release
                0x0000000008006c8c        0xc c:/st/stm32cubeide_1.6.1/stm32cubeide/plugins/com.st.stm32cube.ide.mcu.externaltools.gnu-tools-for-stm32.10.3-2021.10.win32_1.0.0.202111181127/tools/bin/../lib/gcc/arm-none-eabi/10.3.1/../../../../arm-none-eabi/lib/thumb/v7e-m+fp/hard\libc_nano.a(lib_a-findfp.o)
                0x0000000008006c8c                __sinit_lock_release
 .text.__sinit  0x0000000008006c98       0x70 c:/st/stm32cubeide_1.6.1/stm32cubeide/plugins/com.st.stm32cube.ide.mcu.externaltools.gnu-tools-for-stm32.10.3-2021.10.win32_1.0.0.202111181127/tools/bin/../lib/gcc/arm-none-eabi/10.3.1/../../../../arm-none-eabi/lib/thumb/v7e-m+fp/hard\libc_nano.a(lib_a-findfp.o)
                0x0000000008006c98                __sinit
 .text.__sfp    0x0000000008006d08       0x8c c:/st/stm32cubeide_1.6.1/stm32cubeide/plugins/com.st.stm32cube.ide.mcu.externaltools.gnu-tools-for-stm32.10.3-2021.10.win32_1.0.0.202111181127/tools/bin/../lib/gcc/arm-none-eabi/10.3.1/../../../../arm-none-eabi/lib/thumb/v7e-m+fp/hard\libc_nano.a(lib_a-findfp.o)
                0x0000000008006d08                __sfp
 .text._fwalk_reent
                0x0000000008006d94       0x3e c:/st/stm32cubeide_1.6.1/stm32cubeide/plugins/com.st.stm32cube.ide.mcu.externaltools.gnu-tools-for-stm32.10.3-2021.10.win32_1.0.0.202111181127/tools/bin/../lib/gcc/arm-none-eabi/10.3.1/../../../../arm-none-eabi/lib/thumb/v7e-m+fp/hard\libc_nano.a(lib_a-fwalk.o)
                0x0000000008006d94                _fwalk_reent
 .text.__retarget_lock_init_recursive
                0x0000000008006dd2        0x2 c:/st/stm32cubeide_1.6.1/stm32cubeide/plugins/com.st.stm32cube.ide.mcu.externaltools.gnu-tools-for-stm32.10.3-2021.10.win32_1.0.0.202111181127/tools/bin/../lib/gcc/arm-none-eabi/10.3.1/../../../../arm-none-eabi/lib/thumb/v7e-m+fp/hard\libc_nano.a(lib_a-lock.o)
                0x0000000008006dd2                __retarget_lock_init_recursive
 .text.__retarget_lock_acquire_recursive
                0x0000000008006dd4        0x2 c:/st/stm32cubeide_1.6.1/stm32cubeide/plugins/com.st.stm32cube.ide.mcu.externaltools.gnu-tools-for-stm32.10.3-2021.10.win32_1.0.0.202111181127/tools/bin/../lib/gcc/arm-none-eabi/10.3.1/../../../../arm-none-eabi/lib/thumb/v7e-m+fp/hard\libc_nano.a(lib_a-lock.o)
                0x0000000008006dd4                __retarget_lock_acquire_recursive
 .text.__retarget_lock_release_recursive
                0x0000000008006dd6        0x2 c:/st/stm32cubeide_1.6.1/stm32cubeide/plugins/com.st.stm32cube.ide.mcu.externaltools.gnu-tools-for-stm32.10.3-2021.10.win32_1.0.0.202111181127/tools/bin/../lib/gcc/arm-none-eabi/10.3.1/../../../../arm-none-eabi/lib/thumb/v7e-m+fp/hard\libc_nano.a(lib_a-lock.o)
                0x0000000008006dd6                __retarget_lock_release_recursive
 .text._lseek_r
                0x0000000008006dd8       0x24 c:/st/stm32cubeide_1.6.1/stm32cubeide/plugins/com.st.stm32cube.ide.mcu.externaltools.gnu-tools-for-stm32.10.3-2021.10.win32_1.0.0.202111181127/tools/bin/../lib/gcc/arm-none-eabi/10.3.1/../../../../arm-none-eabi/lib/thumb/v7e-m+fp/hard\libc_nano.a(lib_a-lseekr.o)
                0x0000000008006dd8                _lseek_r
 .text.__swhatbuf_r
                0x0000000008006dfc       0x4a c:/st/stm32cubeide_1.6.1/stm32cubeide/plugins/com.st.stm32cube.ide.mcu.externaltools.gnu-tools-for-stm32.10.3-2021.10.win32_1.0.0.202111181127/tools/bin/../lib/gcc/arm-none-eabi/10.3.1/../../../../arm-none-eabi/lib/thumb/v7e-m+fp/hard\libc_nano.a(lib_a-makebuf.o)
                0x0000000008006dfc                __swhatbuf_r
 *fill*         0x0000000008006e46        0x2 
 .text.__smakebuf_r
                0x0000000008006e48       0x80 c:/st/stm32cubeide_1.6.1/stm32cubeide/plugins/com.st.stm32cube.ide.mcu.externaltools.gnu-tools-for-stm32.10.3-2021.10.win32_1.0.0.202111181127/tools/bin/../lib/gcc/arm-none-eabi/10.3.1/../../../../arm-none-eabi/lib/thumb/v7e-m+fp/hard\libc_nano.a(lib_a-makebuf.o)
                0x0000000008006e48                __smakebuf_r
 .text.__malloc_lock
                0x0000000008006ec8        0xc c:/st/stm32cubeide_1.6.1/stm32cubeide/plugins/com.st.stm32cube.ide.mcu.externaltools.gnu-tools-for-stm32.10.3-2021.10.win32_1.0.0.202111181127/tools/bin/../lib/gcc/arm-none-eabi/10.3.1/../../../../arm-none-eabi/lib/thumb/v7e-m+fp/hard\libc_nano.a(lib_a-mlock.o)
                0x0000000008006ec8                __malloc_lock
 .text.__malloc_unlock
                0x0000000008006ed4        0xc c:/st/stm32cubeide_1.6.1/stm32cubeide/plugins/com.st.stm32cube.ide.mcu.externaltools.gnu-tools-for-stm32.10.3-2021.10.win32_1.0.0.202111181127/tools/bin/../lib/gcc/arm-none-eabi/10.3.1/../../../../arm-none-eabi/lib/thumb/v7e-m+fp/hard\libc_nano.a(lib_a-mlock.o)
                0x0000000008006ed4                __malloc_unlock
 .text.__sfputc_r
                0x0000000008006ee0       0x2e c:/st/stm32cubeide_1.6.1/stm32cubeide/plugins/com.st.stm32cube.ide.mcu.externaltools.gnu-tools-for-stm32.10.3-2021.10.win32_1.0.0.202111181127/tools/bin/../lib/gcc/arm-none-eabi/10.3.1/../../../../arm-none-eabi/lib/thumb/v7e-m+fp/hard\libc_nano.a(lib_a-nano-vfprintf.o)
 .text.__sfputs_r
                0x0000000008006f0e       0x24 c:/st/stm32cubeide_1.6.1/stm32cubeide/plugins/com.st.stm32cube.ide.mcu.externaltools.gnu-tools-for-stm32.10.3-2021.10.win32_1.0.0.202111181127/tools/bin/../lib/gcc/arm-none-eabi/10.3.1/../../../../arm-none-eabi/lib/thumb/v7e-m+fp/hard\libc_nano.a(lib_a-nano-vfprintf.o)
                0x0000000008006f0e                __sfputs_r
 *fill*         0x0000000008006f32        0x2 
 .text._vfprintf_r
                0x0000000008006f34      0x260 c:/st/stm32cubeide_1.6.1/stm32cubeide/plugins/com.st.stm32cube.ide.mcu.externaltools.gnu-tools-for-stm32.10.3-2021.10.win32_1.0.0.202111181127/tools/bin/../lib/gcc/arm-none-eabi/10.3.1/../../../../arm-none-eabi/lib/thumb/v7e-m+fp/hard\libc_nano.a(lib_a-nano-vfprintf.o)
                0x0000000008006f34                _vfprintf_r
                0x0000000008006f34                _vfiprintf_r
 .text._printf_common
                0x0000000008007194       0xda c:/st/stm32cubeide_1.6.1/stm32cubeide/plugins/com.st.stm32cube.ide.mcu.externaltools.gnu-tools-for-stm32.10.3-2021.10.win32_1.0.0.202111181127/tools/bin/../lib/gcc/arm-none-eabi/10.3.1/../../../../arm-none-eabi/lib/thumb/v7e-m+fp/hard\libc_nano.a(lib_a-nano-vfprintf_i.o)
                0x0000000008007194                _printf_common
 *fill*         0x000000000800726e        0x2 
 .text._printf_i
                0x0000000008007270      0x24c c:/st/stm32cubeide_1.6.1/stm32cubeide/plugins/com.st.stm32cube.ide.mcu.externaltools.gnu-tools-for-stm32.10.3-2021.10.win32_1.0.0.202111181127/tools/bin/../lib/gcc/arm-none-eabi/10.3.1/../../../../arm-none-eabi/lib/thumb/v7e-m+fp/hard\libc_nano.a(lib_a-nano-vfprintf_i.o)
                0x0000000008007270                _printf_i
 .text._read_r  0x00000000080074bc       0x24 c:/st/stm32cubeide_1.6.1/stm32cubeide/plugins/com.st.stm32cube.ide.mcu.externaltools.gnu-tools-for-stm32.10.3-2021.10.win32_1.0.0.202111181127/tools/bin/../lib/gcc/arm-none-eabi/10.3.1/../../../../arm-none-eabi/lib/thumb/v7e-m+fp/hard\libc_nano.a(lib_a-readr.o)
                0x00000000080074bc                _read_r
 .text._fstat_r
                0x00000000080074e0       0x24 c:/st/stm32cubeide_1.6.1/stm32cubeide/plugins/com.st.stm32cube.ide.mcu.externaltools.gnu-tools-for-stm32.10.3-2021.10.win32_1.0.0.202111181127/tools/bin/../lib/gcc/arm-none-eabi/10.3.1/../../../../arm-none-eabi/lib/thumb/v7e-m+fp/hard\libc_nano.a(lib_a-fstatr.o)
                0x00000000080074e0                _fstat_r
 .text._isatty_r
                0x0000000008007504       0x20 c:/st/stm32cubeide_1.6.1/stm32cubeide/plugins/com.st.stm32cube.ide.mcu.externaltools.gnu-tools-for-stm32.10.3-2021.10.win32_1.0.0.202111181127/tools/bin/../lib/gcc/arm-none-eabi/10.3.1/../../../../arm-none-eabi/lib/thumb/v7e-m+fp/hard\libc_nano.a(lib_a-isattyr.o)
                0x0000000008007504                _isatty_r
 *(.glue_7)
 .glue_7        0x0000000008007524        0x0 linker stubs
 *(.glue_7t)
 .glue_7t       0x0000000008007524        0x0 linker stubs
 *(.eh_frame)
 .eh_frame      0x0000000008007524        0x0 c:/st/stm32cubeide_1.6.1/stm32cubeide/plugins/com.st.stm32cube.ide.mcu.externaltools.gnu-tools-for-stm32.10.3-2021.10.win32_1.0.0.202111181127/tools/bin/../lib/gcc/arm-none-eabi/10.3.1/thumb/v7e-m+fp/hard/crtbegin.o
 *(.init)
 .init          0x0000000008007524        0x4 c:/st/stm32cubeide_1.6.1/stm32cubeide/plugins/com.st.stm32cube.ide.mcu.externaltools.gnu-tools-for-stm32.10.3-2021.10.win32_1.0.0.202111181127/tools/bin/../lib/gcc/arm-none-eabi/10.3.1/thumb/v7e-m+fp/hard/crti.o
                0x0000000008007524                _init
 .init          0x0000000008007528        0x8 c:/st/stm32cubeide_1.6.1/stm32cubeide/plugins/com.st.stm32cube.ide.mcu.externaltools.gnu-tools-for-stm32.10.3-2021.10.win32_1.0.0.202111181127/tools/bin/../lib/gcc/arm-none-eabi/10.3.1/thumb/v7e-m+fp/hard/crtn.o
 *(.fini)
 .fini          0x0000000008007530        0x4 c:/st/stm32cubeide_1.6.1/stm32cubeide/plugins/com.st.stm32cube.ide.mcu.externaltools.gnu-tools-for-stm32.10.3-2021.10.win32_1.0.0.202111181127/tools/bin/../lib/gcc/arm-none-eabi/10.3.1/thumb/v7e-m+fp/hard/crti.o
                0x0000000008007530                _fini
 .fini          0x0000000008007534        0x8 c:/st/stm32cubeide_1.6.1/stm32cubeide/plugins/com.st.stm32cube.ide.mcu.externaltools.gnu-tools-for-stm32.10.3-2021.10.win32_1.0.0.202111181127/tools/bin/../lib/gcc/arm-none-eabi/10.3.1/thumb/v7e-m+fp/hard/crtn.o
                0x000000000800753c                . = ALIGN (0x4)
                0x000000000800753c                _etext = .

.vfp11_veneer   0x000000000800753c        0x0
 .vfp11_veneer  0x000000000800753c        0x0 linker stubs

.v4_bx          0x000000000800753c        0x0
 .v4_bx         0x000000000800753c        0x0 linker stubs

.iplt           0x000000000800753c        0x0
 .iplt          0x000000000800753c        0x0 c:/st/stm32cubeide_1.6.1/stm32cubeide/plugins/com.st.stm32cube.ide.mcu.externaltools.gnu-tools-for-stm32.10.3-2021.10.win32_1.0.0.202111181127/tools/bin/../lib/gcc/arm-none-eabi/10.3.1/thumb/v7e-m+fp/hard/crtbegin.o

.rodata         0x000000000800753c      0x2f8
                0x000000000800753c                . = ALIGN (0x4)
 *(.rodata)
 .rodata        0x000000000800753c       0xfb ./Core/Src/main.o
 *fill*         0x0000000008007637        0x1 
 .rodata        0x0000000008007638      0x111 ./Drivers/ioLibrary_Driver/Application/loopback/loopback.o
 *fill*         0x0000000008007749        0x3 
 .rodata        0x000000000800774c        0x5 ./Drivers/ioLibrary_Driver/Ethernet/socket.o
 *(.rodata*)
 *fill*         0x0000000008007751        0x3 
 .rodata.AHBPrescTable
                0x0000000008007754       0x10 ./Core/Src/system_stm32l4xx.o
                0x0000000008007754                AHBPrescTable
 .rodata.APBPrescTable
                0x0000000008007764        0x8 ./Core/Src/system_stm32l4xx.o
                0x0000000008007764                APBPrescTable
 .rodata.MSIRangeTable
                0x000000000800776c       0x30 ./Core/Src/system_stm32l4xx.o
                0x000000000800776c                MSIRangeTable
 .rodata._global_impure_ptr
                0x000000000800779c        0x4 c:/st/stm32cubeide_1.6.1/stm32cubeide/plugins/com.st.stm32cube.ide.mcu.externaltools.gnu-tools-for-stm32.10.3-2021.10.win32_1.0.0.202111181127/tools/bin/../lib/gcc/arm-none-eabi/10.3.1/../../../../arm-none-eabi/lib/thumb/v7e-m+fp/hard\libc_nano.a(lib_a-impure.o)
                0x000000000800779c                _global_impure_ptr
 .rodata.__sf_fake_stderr
                0x00000000080077a0       0x20 c:/st/stm32cubeide_1.6.1/stm32cubeide/plugins/com.st.stm32cube.ide.mcu.externaltools.gnu-tools-for-stm32.10.3-2021.10.win32_1.0.0.202111181127/tools/bin/../lib/gcc/arm-none-eabi/10.3.1/../../../../arm-none-eabi/lib/thumb/v7e-m+fp/hard\libc_nano.a(lib_a-findfp.o)
                0x00000000080077a0                __sf_fake_stderr
 .rodata.__sf_fake_stdin
                0x00000000080077c0       0x20 c:/st/stm32cubeide_1.6.1/stm32cubeide/plugins/com.st.stm32cube.ide.mcu.externaltools.gnu-tools-for-stm32.10.3-2021.10.win32_1.0.0.202111181127/tools/bin/../lib/gcc/arm-none-eabi/10.3.1/../../../../arm-none-eabi/lib/thumb/v7e-m+fp/hard\libc_nano.a(lib_a-findfp.o)
                0x00000000080077c0                __sf_fake_stdin
 .rodata.__sf_fake_stdout
                0x00000000080077e0       0x20 c:/st/stm32cubeide_1.6.1/stm32cubeide/plugins/com.st.stm32cube.ide.mcu.externaltools.gnu-tools-for-stm32.10.3-2021.10.win32_1.0.0.202111181127/tools/bin/../lib/gcc/arm-none-eabi/10.3.1/../../../../arm-none-eabi/lib/thumb/v7e-m+fp/hard\libc_nano.a(lib_a-findfp.o)
                0x00000000080077e0                __sf_fake_stdout
 .rodata._vfprintf_r.str1.1
                0x0000000008007800       0x11 c:/st/stm32cubeide_1.6.1/stm32cubeide/plugins/com.st.stm32cube.ide.mcu.externaltools.gnu-tools-for-stm32.10.3-2021.10.win32_1.0.0.202111181127/tools/bin/../lib/gcc/arm-none-eabi/10.3.1/../../../../arm-none-eabi/lib/thumb/v7e-m+fp/hard\libc_nano.a(lib_a-nano-vfprintf.o)
 .rodata._printf_i.str1.1
                0x0000000008007811       0x22 c:/st/stm32cubeide_1.6.1/stm32cubeide/plugins/com.st.stm32cube.ide.mcu.externaltools.gnu-tools-for-stm32.10.3-2021.10.win32_1.0.0.202111181127/tools/bin/../lib/gcc/arm-none-eabi/10.3.1/../../../../arm-none-eabi/lib/thumb/v7e-m+fp/hard\libc_nano.a(lib_a-nano-vfprintf_i.o)
                0x0000000008007834                . = ALIGN (0x4)
 *fill*         0x0000000008007833        0x1 

.ARM.extab      0x0000000008007834        0x0
                0x0000000008007834                . = ALIGN (0x4)
 *(.ARM.extab* .gnu.linkonce.armextab.*)
                0x0000000008007834                . = ALIGN (0x4)

.ARM            0x0000000008007834        0x8
                0x0000000008007834                . = ALIGN (0x4)
                0x0000000008007834                __exidx_start = .
 *(.ARM.exidx*)
 .ARM.exidx     0x0000000008007834        0x8 c:/st/stm32cubeide_1.6.1/stm32cubeide/plugins/com.st.stm32cube.ide.mcu.externaltools.gnu-tools-for-stm32.10.3-2021.10.win32_1.0.0.202111181127/tools/bin/../lib/gcc/arm-none-eabi/10.3.1/thumb/v7e-m+fp/hard\libgcc.a(_udivmoddi4.o)
                0x000000000800783c                __exidx_end = .
                0x000000000800783c                . = ALIGN (0x4)

.rel.dyn        0x000000000800783c        0x0
 .rel.iplt      0x000000000800783c        0x0 c:/st/stm32cubeide_1.6.1/stm32cubeide/plugins/com.st.stm32cube.ide.mcu.externaltools.gnu-tools-for-stm32.10.3-2021.10.win32_1.0.0.202111181127/tools/bin/../lib/gcc/arm-none-eabi/10.3.1/thumb/v7e-m+fp/hard/crtbegin.o

.preinit_array  0x000000000800783c        0x0
                0x000000000800783c                . = ALIGN (0x4)
                0x000000000800783c                PROVIDE (__preinit_array_start = .)
 *(.preinit_array*)
                0x000000000800783c                PROVIDE (__preinit_array_end = .)
                0x000000000800783c                . = ALIGN (0x4)

.init_array     0x000000000800783c        0x4
                0x000000000800783c                . = ALIGN (0x4)
                0x000000000800783c                PROVIDE (__init_array_start = .)
 *(SORT_BY_NAME(.init_array.*))
 *(.init_array*)
 .init_array    0x000000000800783c        0x4 c:/st/stm32cubeide_1.6.1/stm32cubeide/plugins/com.st.stm32cube.ide.mcu.externaltools.gnu-tools-for-stm32.10.3-2021.10.win32_1.0.0.202111181127/tools/bin/../lib/gcc/arm-none-eabi/10.3.1/thumb/v7e-m+fp/hard/crtbegin.o
                0x0000000008007840                PROVIDE (__init_array_end = .)
                0x0000000008007840                . = ALIGN (0x4)

.fini_array     0x0000000008007840        0x4
                0x0000000008007840                . = ALIGN (0x4)
                [!provide]                        PROVIDE (__fini_array_start = .)
 *(SORT_BY_NAME(.fini_array.*))
 *(.fini_array*)
 .fini_array    0x0000000008007840        0x4 c:/st/stm32cubeide_1.6.1/stm32cubeide/plugins/com.st.stm32cube.ide.mcu.externaltools.gnu-tools-for-stm32.10.3-2021.10.win32_1.0.0.202111181127/tools/bin/../lib/gcc/arm-none-eabi/10.3.1/thumb/v7e-m+fp/hard/crtbegin.o
                [!provide]                        PROVIDE (__fini_array_end = .)
                0x0000000008007844                . = ALIGN (0x4)
                0x0000000008007844                _sidata = LOADADDR (.data)

.data           0x0000000020000000       0xc4 load address 0x0000000008007844
                0x0000000020000000                . = ALIGN (0x4)
                0x0000000020000000                _sdata = .
 *(.data)
 *(.data*)
 .data.wiznet_memsize
                0x0000000020000000       0x10 ./Core/Src/main.o
                0x0000000020000000                wiznet_memsize
 .data.gWIZNETINFO
                0x0000000020000010       0x17 ./Core/Src/main.o
                0x0000000020000010                gWIZNETINFO
 *fill*         0x0000000020000027        0x1 
 .data.SystemCoreClock
                0x0000000020000028        0x4 ./Core/Src/system_stm32l4xx.o
                0x0000000020000028                SystemCoreClock
 .data.uwTickPrio
                0x000000002000002c        0x4 ./Drivers/STM32L4xx_HAL_Driver/Src/stm32l4xx_hal.o
                0x000000002000002c                uwTickPrio
 .data.uwTickFreq
                0x0000000020000030        0x1 ./Drivers/STM32L4xx_HAL_Driver/Src/stm32l4xx_hal.o
                0x0000000020000030                uwTickFreq
 *fill*         0x0000000020000031        0x1 
 .data.sock_any_port
                0x0000000020000032        0x2 ./Drivers/ioLibrary_Driver/Ethernet/socket.o
 .data.WIZCHIP  0x0000000020000034       0x2c ./Drivers/ioLibrary_Driver/Ethernet/wizchip_conf.o
                0x0000000020000034                WIZCHIP
 .data._impure_ptr
                0x0000000020000060        0x4 c:/st/stm32cubeide_1.6.1/stm32cubeide/plugins/com.st.stm32cube.ide.mcu.externaltools.gnu-tools-for-stm32.10.3-2021.10.win32_1.0.0.202111181127/tools/bin/../lib/gcc/arm-none-eabi/10.3.1/../../../../arm-none-eabi/lib/thumb/v7e-m+fp/hard\libc_nano.a(lib_a-impure.o)
                0x0000000020000060                _impure_ptr
 .data.impure_data
                0x0000000020000064       0x60 c:/st/stm32cubeide_1.6.1/stm32cubeide/plugins/com.st.stm32cube.ide.mcu.externaltools.gnu-tools-for-stm32.10.3-2021.10.win32_1.0.0.202111181127/tools/bin/../lib/gcc/arm-none-eabi/10.3.1/../../../../arm-none-eabi/lib/thumb/v7e-m+fp/hard\libc_nano.a(lib_a-impure.o)
 *(.RamFunc)
 *(.RamFunc*)
                0x00000000200000c4                . = ALIGN (0x4)
                0x00000000200000c4                _edata = .

.igot.plt       0x00000000200000c4        0x0 load address 0x0000000008007908
 .igot.plt      0x00000000200000c4        0x0 c:/st/stm32cubeide_1.6.1/stm32cubeide/plugins/com.st.stm32cube.ide.mcu.externaltools.gnu-tools-for-stm32.10.3-2021.10.win32_1.0.0.202111181127/tools/bin/../lib/gcc/arm-none-eabi/10.3.1/thumb/v7e-m+fp/hard/crtbegin.o
                0x00000000200000c4                . = ALIGN (0x4)

.bss            0x00000000200000c4      0x93c load address 0x0000000008007908
                0x00000000200000c4                _sbss = .
                0x00000000200000c4                __bss_start__ = _sbss
 *(.bss)
 .bss           0x00000000200000c4       0x1c c:/st/stm32cubeide_1.6.1/stm32cubeide/plugins/com.st.stm32cube.ide.mcu.externaltools.gnu-tools-for-stm32.10.3-2021.10.win32_1.0.0.202111181127/tools/bin/../lib/gcc/arm-none-eabi/10.3.1/thumb/v7e-m+fp/hard/crtbegin.o
 *(.bss*)
 .bss.hlpuart1  0x00000000200000e0       0x84 ./Core/Src/main.o
                0x00000000200000e0                hlpuart1
 .bss.hsram1    0x0000000020000164       0x50 ./Core/Src/main.o
                0x0000000020000164                hsram1
 .bss.ethBuf0   0x00000000200001b4      0x800 ./Core/Src/main.o
                0x00000000200001b4                ethBuf0
 .bss.rxData    0x00000000200009b4        0x2 ./Core/Src/main.o
                0x00000000200009b4                rxData
 *fill*         0x00000000200009b6        0x2 
 .bss.FMC_Initialized
                0x00000000200009b8        0x4 ./Core/Src/stm32l4xx_hal_msp.o
 .bss.__sbrk_heap_end
                0x00000000200009bc        0x4 ./Core/Src/sysmem.o
 .bss.uwTick    0x00000000200009c0        0x4 ./Drivers/STM32L4xx_HAL_Driver/Src/stm32l4xx_hal.o
                0x00000000200009c0                uwTick
 .bss.sock_io_mode
                0x00000000200009c4        0x2 ./Drivers/ioLibrary_Driver/Ethernet/socket.o
 .bss.sock_is_sending
                0x00000000200009c6        0x2 ./Drivers/ioLibrary_Driver/Ethernet/socket.o
 .bss.sock_remained_size
                0x00000000200009c8       0x10 ./Drivers/ioLibrary_Driver/Ethernet/socket.o
 .bss.sock_pack_info
                0x00000000200009d8        0x8 ./Drivers/ioLibrary_Driver/Ethernet/socket.o
                0x00000000200009d8                sock_pack_info
 .bss.sock_remained_byte
                0x00000000200009e0        0x8 ./Drivers/ioLibrary_Driver/Ethernet/socket.o
                0x00000000200009e0                sock_remained_byte
 .bss._DNS_     0x00000000200009e8        0x4 ./Drivers/ioLibrary_Driver/Ethernet/wizchip_conf.o
 .bss._DHCP_    0x00000000200009ec        0x1 ./Drivers/ioLibrary_Driver/Ethernet/wizchip_conf.o
 *fill*         0x00000000200009ed        0x3 
 .bss.__malloc_free_list
                0x00000000200009f0        0x4 c:/st/stm32cubeide_1.6.1/stm32cubeide/plugins/com.st.stm32cube.ide.mcu.externaltools.gnu-tools-for-stm32.10.3-2021.10.win32_1.0.0.202111181127/tools/bin/../lib/gcc/arm-none-eabi/10.3.1/../../../../arm-none-eabi/lib/thumb/v7e-m+fp/hard\libc_nano.a(lib_a-nano-mallocr.o)
                0x00000000200009f0                __malloc_free_list
 .bss.__malloc_sbrk_start
                0x00000000200009f4        0x4 c:/st/stm32cubeide_1.6.1/stm32cubeide/plugins/com.st.stm32cube.ide.mcu.externaltools.gnu-tools-for-stm32.10.3-2021.10.win32_1.0.0.202111181127/tools/bin/../lib/gcc/arm-none-eabi/10.3.1/../../../../arm-none-eabi/lib/thumb/v7e-m+fp/hard\libc_nano.a(lib_a-nano-mallocr.o)
                0x00000000200009f4                __malloc_sbrk_start
 .bss.__lock___malloc_recursive_mutex
                0x00000000200009f8        0x1 c:/st/stm32cubeide_1.6.1/stm32cubeide/plugins/com.st.stm32cube.ide.mcu.externaltools.gnu-tools-for-stm32.10.3-2021.10.win32_1.0.0.202111181127/tools/bin/../lib/gcc/arm-none-eabi/10.3.1/../../../../arm-none-eabi/lib/thumb/v7e-m+fp/hard\libc_nano.a(lib_a-lock.o)
                0x00000000200009f8                __lock___malloc_recursive_mutex
 .bss.__lock___sfp_recursive_mutex
                0x00000000200009f9        0x1 c:/st/stm32cubeide_1.6.1/stm32cubeide/plugins/com.st.stm32cube.ide.mcu.externaltools.gnu-tools-for-stm32.10.3-2021.10.win32_1.0.0.202111181127/tools/bin/../lib/gcc/arm-none-eabi/10.3.1/../../../../arm-none-eabi/lib/thumb/v7e-m+fp/hard\libc_nano.a(lib_a-lock.o)
                0x00000000200009f9                __lock___sfp_recursive_mutex
 .bss.__lock___sinit_recursive_mutex
                0x00000000200009fa        0x1 c:/st/stm32cubeide_1.6.1/stm32cubeide/plugins/com.st.stm32cube.ide.mcu.externaltools.gnu-tools-for-stm32.10.3-2021.10.win32_1.0.0.202111181127/tools/bin/../lib/gcc/arm-none-eabi/10.3.1/../../../../arm-none-eabi/lib/thumb/v7e-m+fp/hard\libc_nano.a(lib_a-lock.o)
                0x00000000200009fa                __lock___sinit_recursive_mutex
 *fill*         0x00000000200009fb        0x1 
 .bss.errno     0x00000000200009fc        0x4 c:/st/stm32cubeide_1.6.1/stm32cubeide/plugins/com.st.stm32cube.ide.mcu.externaltools.gnu-tools-for-stm32.10.3-2021.10.win32_1.0.0.202111181127/tools/bin/../lib/gcc/arm-none-eabi/10.3.1/../../../../arm-none-eabi/lib/thumb/v7e-m+fp/hard\libc_nano.a(lib_a-reent.o)
                0x00000000200009fc                errno
 *(COMMON)
                0x0000000020000a00                . = ALIGN (0x4)
                0x0000000020000a00                _ebss = .
                0x0000000020000a00                __bss_end__ = _ebss

._user_heap_stack
                0x0000000020000a00      0x600 load address 0x0000000008007908
                0x0000000020000a00                . = ALIGN (0x8)
                [!provide]                        PROVIDE (end = .)
                0x0000000020000a00                PROVIDE (_end = .)
                0x0000000020000c00                . = (. + _Min_Heap_Size)
 *fill*         0x0000000020000a00      0x200 
                0x0000000020001000                . = (. + _Min_Stack_Size)
 *fill*         0x0000000020000c00      0x400 
                0x0000000020001000                . = ALIGN (0x8)

/DISCARD/
 libc.a(*)
 libm.a(*)
 libgcc.a(*)

.ARM.attributes
                0x0000000000000000       0x30
 *(.ARM.attributes)
 .ARM.attributes
                0x0000000000000000       0x1e c:/st/stm32cubeide_1.6.1/stm32cubeide/plugins/com.st.stm32cube.ide.mcu.externaltools.gnu-tools-for-stm32.10.3-2021.10.win32_1.0.0.202111181127/tools/bin/../lib/gcc/arm-none-eabi/10.3.1/thumb/v7e-m+fp/hard/crti.o
 .ARM.attributes
                0x000000000000001e       0x34 c:/st/stm32cubeide_1.6.1/stm32cubeide/plugins/com.st.stm32cube.ide.mcu.externaltools.gnu-tools-for-stm32.10.3-2021.10.win32_1.0.0.202111181127/tools/bin/../lib/gcc/arm-none-eabi/10.3.1/thumb/v7e-m+fp/hard/crtbegin.o
 .ARM.attributes
                0x0000000000000052       0x34 ./Core/Src/main.o
 .ARM.attributes
                0x0000000000000086       0x34 ./Core/Src/stm32l4xx_hal_msp.o
 .ARM.attributes
                0x00000000000000ba       0x34 ./Core/Src/stm32l4xx_it.o
 .ARM.attributes
                0x00000000000000ee       0x34 ./Core/Src/syscalls.o
 .ARM.attributes
                0x0000000000000122       0x34 ./Core/Src/sysmem.o
 .ARM.attributes
                0x0000000000000156       0x34 ./Core/Src/system_stm32l4xx.o
 .ARM.attributes
                0x000000000000018a       0x21 ./Core/Startup/startup_stm32l496zgtx.o
 .ARM.attributes
                0x00000000000001ab       0x34 ./Drivers/STM32L4xx_HAL_Driver/Src/stm32l4xx_hal.o
 .ARM.attributes
                0x00000000000001df       0x34 ./Drivers/STM32L4xx_HAL_Driver/Src/stm32l4xx_hal_cortex.o
 .ARM.attributes
                0x0000000000000213       0x34 ./Drivers/STM32L4xx_HAL_Driver/Src/stm32l4xx_hal_dma.o
 .ARM.attributes
                0x0000000000000247       0x34 ./Drivers/STM32L4xx_HAL_Driver/Src/stm32l4xx_hal_gpio.o
 .ARM.attributes
                0x000000000000027b       0x34 ./Drivers/STM32L4xx_HAL_Driver/Src/stm32l4xx_hal_pwr_ex.o
 .ARM.attributes
                0x00000000000002af       0x34 ./Drivers/STM32L4xx_HAL_Driver/Src/stm32l4xx_hal_rcc.o
 .ARM.attributes
                0x00000000000002e3       0x34 ./Drivers/STM32L4xx_HAL_Driver/Src/stm32l4xx_hal_rcc_ex.o
 .ARM.attributes
                0x0000000000000317       0x34 ./Drivers/STM32L4xx_HAL_Driver/Src/stm32l4xx_hal_sram.o
 .ARM.attributes
                0x000000000000034b       0x34 ./Drivers/STM32L4xx_HAL_Driver/Src/stm32l4xx_hal_uart.o
 .ARM.attributes
                0x000000000000037f       0x34 ./Drivers/STM32L4xx_HAL_Driver/Src/stm32l4xx_hal_uart_ex.o
 .ARM.attributes
                0x00000000000003b3       0x34 ./Drivers/STM32L4xx_HAL_Driver/Src/stm32l4xx_ll_fmc.o
 .ARM.attributes
                0x00000000000003e7       0x34 ./Drivers/ioLibrary_Driver/Application/loopback/loopback.o
 .ARM.attributes
                0x000000000000041b       0x34 ./Drivers/ioLibrary_Driver/Ethernet/W5300/w5300.o
 .ARM.attributes
                0x000000000000044f       0x34 ./Drivers/ioLibrary_Driver/Ethernet/socket.o
 .ARM.attributes
                0x0000000000000483       0x34 ./Drivers/ioLibrary_Driver/Ethernet/wizchip_conf.o
 .ARM.attributes
                0x00000000000004b7       0x34 c:/st/stm32cubeide_1.6.1/stm32cubeide/plugins/com.st.stm32cube.ide.mcu.externaltools.gnu-tools-for-stm32.10.3-2021.10.win32_1.0.0.202111181127/tools/bin/../lib/gcc/arm-none-eabi/10.3.1/../../../../arm-none-eabi/lib/thumb/v7e-m+fp/hard\libc_nano.a(lib_a-errno.o)
 .ARM.attributes
                0x00000000000004eb       0x34 c:/st/stm32cubeide_1.6.1/stm32cubeide/plugins/com.st.stm32cube.ide.mcu.externaltools.gnu-tools-for-stm32.10.3-2021.10.win32_1.0.0.202111181127/tools/bin/../lib/gcc/arm-none-eabi/10.3.1/../../../../arm-none-eabi/lib/thumb/v7e-m+fp/hard\libc_nano.a(lib_a-impure.o)
 .ARM.attributes
                0x000000000000051f       0x34 c:/st/stm32cubeide_1.6.1/stm32cubeide/plugins/com.st.stm32cube.ide.mcu.externaltools.gnu-tools-for-stm32.10.3-2021.10.win32_1.0.0.202111181127/tools/bin/../lib/gcc/arm-none-eabi/10.3.1/../../../../arm-none-eabi/lib/thumb/v7e-m+fp/hard\libc_nano.a(lib_a-init.o)
 .ARM.attributes
                0x0000000000000553       0x34 c:/st/stm32cubeide_1.6.1/stm32cubeide/plugins/com.st.stm32cube.ide.mcu.externaltools.gnu-tools-for-stm32.10.3-2021.10.win32_1.0.0.202111181127/tools/bin/../lib/gcc/arm-none-eabi/10.3.1/../../../../arm-none-eabi/lib/thumb/v7e-m+fp/hard\libc_nano.a(lib_a-memset.o)
 .ARM.attributes
                0x0000000000000587       0x34 c:/st/stm32cubeide_1.6.1/stm32cubeide/plugins/com.st.stm32cube.ide.mcu.externaltools.gnu-tools-for-stm32.10.3-2021.10.win32_1.0.0.202111181127/tools/bin/../lib/gcc/arm-none-eabi/10.3.1/../../../../arm-none-eabi/lib/thumb/v7e-m+fp/hard\libc_nano.a(lib_a-nano-freer.o)
 .ARM.attributes
                0x00000000000005bb       0x34 c:/st/stm32cubeide_1.6.1/stm32cubeide/plugins/com.st.stm32cube.ide.mcu.externaltools.gnu-tools-for-stm32.10.3-2021.10.win32_1.0.0.202111181127/tools/bin/../lib/gcc/arm-none-eabi/10.3.1/../../../../arm-none-eabi/lib/thumb/v7e-m+fp/hard\libc_nano.a(lib_a-nano-mallocr.o)
 .ARM.attributes
                0x00000000000005ef       0x34 c:/st/stm32cubeide_1.6.1/stm32cubeide/plugins/com.st.stm32cube.ide.mcu.externaltools.gnu-tools-for-stm32.10.3-2021.10.win32_1.0.0.202111181127/tools/bin/../lib/gcc/arm-none-eabi/10.3.1/../../../../arm-none-eabi/lib/thumb/v7e-m+fp/hard\libc_nano.a(lib_a-printf.o)
 .ARM.attributes
                0x0000000000000623       0x34 c:/st/stm32cubeide_1.6.1/stm32cubeide/plugins/com.st.stm32cube.ide.mcu.externaltools.gnu-tools-for-stm32.10.3-2021.10.win32_1.0.0.202111181127/tools/bin/../lib/gcc/arm-none-eabi/10.3.1/../../../../arm-none-eabi/lib/thumb/v7e-m+fp/hard\libc_nano.a(lib_a-puts.o)
 .ARM.attributes
                0x0000000000000657       0x34 c:/st/stm32cubeide_1.6.1/stm32cubeide/plugins/com.st.stm32cube.ide.mcu.externaltools.gnu-tools-for-stm32.10.3-2021.10.win32_1.0.0.202111181127/tools/bin/../lib/gcc/arm-none-eabi/10.3.1/../../../../arm-none-eabi/lib/thumb/v7e-m+fp/hard\libc_nano.a(lib_a-sbrkr.o)
 .ARM.attributes
                0x000000000000068b       0x34 c:/st/stm32cubeide_1.6.1/stm32cubeide/plugins/com.st.stm32cube.ide.mcu.externaltools.gnu-tools-for-stm32.10.3-2021.10.win32_1.0.0.202111181127/tools/bin/../lib/gcc/arm-none-eabi/10.3.1/../../../../arm-none-eabi/lib/thumb/v7e-m+fp/hard\libc_nano.a(lib_a-stdio.o)
 .ARM.attributes
                0x00000000000006bf       0x34 c:/st/stm32cubeide_1.6.1/stm32cubeide/plugins/com.st.stm32cube.ide.mcu.externaltools.gnu-tools-for-stm32.10.3-2021.10.win32_1.0.0.202111181127/tools/bin/../lib/gcc/arm-none-eabi/10.3.1/../../../../arm-none-eabi/lib/thumb/v7e-m+fp/hard\libc_nano.a(lib_a-wbuf.o)
 .ARM.attributes
                0x00000000000006f3       0x34 c:/st/stm32cubeide_1.6.1/stm32cubeide/plugins/com.st.stm32cube.ide.mcu.externaltools.gnu-tools-for-stm32.10.3-2021.10.win32_1.0.0.202111181127/tools/bin/../lib/gcc/arm-none-eabi/10.3.1/../../../../arm-none-eabi/lib/thumb/v7e-m+fp/hard\libc_nano.a(lib_a-writer.o)
 .ARM.attributes
                0x0000000000000727       0x34 c:/st/stm32cubeide_1.6.1/stm32cubeide/plugins/com.st.stm32cube.ide.mcu.externaltools.gnu-tools-for-stm32.10.3-2021.10.win32_1.0.0.202111181127/tools/bin/../lib/gcc/arm-none-eabi/10.3.1/../../../../arm-none-eabi/lib/thumb/v7e-m+fp/hard\libc_nano.a(lib_a-wsetup.o)
 .ARM.attributes
                0x000000000000075b       0x34 c:/st/stm32cubeide_1.6.1/stm32cubeide/plugins/com.st.stm32cube.ide.mcu.externaltools.gnu-tools-for-stm32.10.3-2021.10.win32_1.0.0.202111181127/tools/bin/../lib/gcc/arm-none-eabi/10.3.1/../../../../arm-none-eabi/lib/thumb/v7e-m+fp/hard\libc_nano.a(lib_a-closer.o)
 .ARM.attributes
                0x000000000000078f       0x34 c:/st/stm32cubeide_1.6.1/stm32cubeide/plugins/com.st.stm32cube.ide.mcu.externaltools.gnu-tools-for-stm32.10.3-2021.10.win32_1.0.0.202111181127/tools/bin/../lib/gcc/arm-none-eabi/10.3.1/../../../../arm-none-eabi/lib/thumb/v7e-m+fp/hard\libc_nano.a(lib_a-fflush.o)
 .ARM.attributes
                0x00000000000007c3       0x34 c:/st/stm32cubeide_1.6.1/stm32cubeide/plugins/com.st.stm32cube.ide.mcu.externaltools.gnu-tools-for-stm32.10.3-2021.10.win32_1.0.0.202111181127/tools/bin/../lib/gcc/arm-none-eabi/10.3.1/../../../../arm-none-eabi/lib/thumb/v7e-m+fp/hard\libc_nano.a(lib_a-findfp.o)
 .ARM.attributes
                0x00000000000007f7       0x34 c:/st/stm32cubeide_1.6.1/stm32cubeide/plugins/com.st.stm32cube.ide.mcu.externaltools.gnu-tools-for-stm32.10.3-2021.10.win32_1.0.0.202111181127/tools/bin/../lib/gcc/arm-none-eabi/10.3.1/../../../../arm-none-eabi/lib/thumb/v7e-m+fp/hard\libc_nano.a(lib_a-fwalk.o)
 .ARM.attributes
                0x000000000000082b       0x34 c:/st/stm32cubeide_1.6.1/stm32cubeide/plugins/com.st.stm32cube.ide.mcu.externaltools.gnu-tools-for-stm32.10.3-2021.10.win32_1.0.0.202111181127/tools/bin/../lib/gcc/arm-none-eabi/10.3.1/../../../../arm-none-eabi/lib/thumb/v7e-m+fp/hard\libc_nano.a(lib_a-lock.o)
 .ARM.attributes
                0x000000000000085f       0x34 c:/st/stm32cubeide_1.6.1/stm32cubeide/plugins/com.st.stm32cube.ide.mcu.externaltools.gnu-tools-for-stm32.10.3-2021.10.win32_1.0.0.202111181127/tools/bin/../lib/gcc/arm-none-eabi/10.3.1/../../../../arm-none-eabi/lib/thumb/v7e-m+fp/hard\libc_nano.a(lib_a-lseekr.o)
 .ARM.attributes
                0x0000000000000893       0x34 c:/st/stm32cubeide_1.6.1/stm32cubeide/plugins/com.st.stm32cube.ide.mcu.externaltools.gnu-tools-for-stm32.10.3-2021.10.win32_1.0.0.202111181127/tools/bin/../lib/gcc/arm-none-eabi/10.3.1/../../../../arm-none-eabi/lib/thumb/v7e-m+fp/hard\libc_nano.a(lib_a-makebuf.o)
 .ARM.attributes
                0x00000000000008c7       0x34 c:/st/stm32cubeide_1.6.1/stm32cubeide/plugins/com.st.stm32cube.ide.mcu.externaltools.gnu-tools-for-stm32.10.3-2021.10.win32_1.0.0.202111181127/tools/bin/../lib/gcc/arm-none-eabi/10.3.1/../../../../arm-none-eabi/lib/thumb/v7e-m+fp/hard\libc_nano.a(lib_a-mlock.o)
 .ARM.attributes
                0x00000000000008fb       0x34 c:/st/stm32cubeide_1.6.1/stm32cubeide/plugins/com.st.stm32cube.ide.mcu.externaltools.gnu-tools-for-stm32.10.3-2021.10.win32_1.0.0.202111181127/tools/bin/../lib/gcc/arm-none-eabi/10.3.1/../../../../arm-none-eabi/lib/thumb/v7e-m+fp/hard\libc_nano.a(lib_a-nano-vfprintf.o)
 .ARM.attributes
                0x000000000000092f       0x34 c:/st/stm32cubeide_1.6.1/stm32cubeide/plugins/com.st.stm32cube.ide.mcu.externaltools.gnu-tools-for-stm32.10.3-2021.10.win32_1.0.0.202111181127/tools/bin/../lib/gcc/arm-none-eabi/10.3.1/../../../../arm-none-eabi/lib/thumb/v7e-m+fp/hard\libc_nano.a(lib_a-nano-vfprintf_i.o)
 .ARM.attributes
                0x0000000000000963       0x34 c:/st/stm32cubeide_1.6.1/stm32cubeide/plugins/com.st.stm32cube.ide.mcu.externaltools.gnu-tools-for-stm32.10.3-2021.10.win32_1.0.0.202111181127/tools/bin/../lib/gcc/arm-none-eabi/10.3.1/../../../../arm-none-eabi/lib/thumb/v7e-m+fp/hard\libc_nano.a(lib_a-readr.o)
 .ARM.attributes
                0x0000000000000997       0x34 c:/st/stm32cubeide_1.6.1/stm32cubeide/plugins/com.st.stm32cube.ide.mcu.externaltools.gnu-tools-for-stm32.10.3-2021.10.win32_1.0.0.202111181127/tools/bin/../lib/gcc/arm-none-eabi/10.3.1/../../../../arm-none-eabi/lib/thumb/v7e-m+fp/hard\libc_nano.a(lib_a-reent.o)
 .ARM.attributes
                0x00000000000009cb       0x34 c:/st/stm32cubeide_1.6.1/stm32cubeide/plugins/com.st.stm32cube.ide.mcu.externaltools.gnu-tools-for-stm32.10.3-2021.10.win32_1.0.0.202111181127/tools/bin/../lib/gcc/arm-none-eabi/10.3.1/../../../../arm-none-eabi/lib/thumb/v7e-m+fp/hard\libc_nano.a(lib_a-fstatr.o)
 .ARM.attributes
                0x00000000000009ff       0x34 c:/st/stm32cubeide_1.6.1/stm32cubeide/plugins/com.st.stm32cube.ide.mcu.externaltools.gnu-tools-for-stm32.10.3-2021.10.win32_1.0.0.202111181127/tools/bin/../lib/gcc/arm-none-eabi/10.3.1/../../../../arm-none-eabi/lib/thumb/v7e-m+fp/hard\libc_nano.a(lib_a-isattyr.o)
 .ARM.attributes
                0x0000000000000a33       0x1c c:/st/stm32cubeide_1.6.1/stm32cubeide/plugins/com.st.stm32cube.ide.mcu.externaltools.gnu-tools-for-stm32.10.3-2021.10.win32_1.0.0.202111181127/tools/bin/../lib/gcc/arm-none-eabi/10.3.1/../../../../arm-none-eabi/lib/thumb/v7e-m+fp/hard\libc_nano.a(lib_a-memchr.o)
 .ARM.attributes
                0x0000000000000a4f       0x1e c:/st/stm32cubeide_1.6.1/stm32cubeide/plugins/com.st.stm32cube.ide.mcu.externaltools.gnu-tools-for-stm32.10.3-2021.10.win32_1.0.0.202111181127/tools/bin/../lib/gcc/arm-none-eabi/10.3.1/thumb/v7e-m+fp/hard\libgcc.a(_aeabi_uldivmod.o)
 .ARM.attributes
                0x0000000000000a6d       0x34 c:/st/stm32cubeide_1.6.1/stm32cubeide/plugins/com.st.stm32cube.ide.mcu.externaltools.gnu-tools-for-stm32.10.3-2021.10.win32_1.0.0.202111181127/tools/bin/../lib/gcc/arm-none-eabi/10.3.1/thumb/v7e-m+fp/hard\libgcc.a(_udivmoddi4.o)
 .ARM.attributes
                0x0000000000000aa1       0x1e c:/st/stm32cubeide_1.6.1/stm32cubeide/plugins/com.st.stm32cube.ide.mcu.externaltools.gnu-tools-for-stm32.10.3-2021.10.win32_1.0.0.202111181127/tools/bin/../lib/gcc/arm-none-eabi/10.3.1/thumb/v7e-m+fp/hard\libgcc.a(_dvmd_tls.o)
 .ARM.attributes
                0x0000000000000abf       0x1e c:/st/stm32cubeide_1.6.1/stm32cubeide/plugins/com.st.stm32cube.ide.mcu.externaltools.gnu-tools-for-stm32.10.3-2021.10.win32_1.0.0.202111181127/tools/bin/../lib/gcc/arm-none-eabi/10.3.1/thumb/v7e-m+fp/hard/crtn.o
OUTPUT(L496_W5300_bus.elf elf32-littlearm)
LOAD linker stubs
LOAD c:/st/stm32cubeide_1.6.1/stm32cubeide/plugins/com.st.stm32cube.ide.mcu.externaltools.gnu-tools-for-stm32.10.3-2021.10.win32_1.0.0.202111181127/tools/bin/../lib/gcc/arm-none-eabi/10.3.1/../../../../arm-none-eabi/lib/thumb/v7e-m+fp/hard\libc.a
LOAD c:/st/stm32cubeide_1.6.1/stm32cubeide/plugins/com.st.stm32cube.ide.mcu.externaltools.gnu-tools-for-stm32.10.3-2021.10.win32_1.0.0.202111181127/tools/bin/../lib/gcc/arm-none-eabi/10.3.1/../../../../arm-none-eabi/lib/thumb/v7e-m+fp/hard\libm.a
LOAD c:/st/stm32cubeide_1.6.1/stm32cubeide/plugins/com.st.stm32cube.ide.mcu.externaltools.gnu-tools-for-stm32.10.3-2021.10.win32_1.0.0.202111181127/tools/bin/../lib/gcc/arm-none-eabi/10.3.1/thumb/v7e-m+fp/hard\libgcc.a

.debug_info     0x0000000000000000    0x10ec7
 .debug_info    0x0000000000000000     0x1624 ./Core/Src/main.o
 .debug_info    0x0000000000001624     0x12fe ./Core/Src/stm32l4xx_hal_msp.o
 .debug_info    0x0000000000002922      0x751 ./Core/Src/stm32l4xx_it.o
 .debug_info    0x0000000000003073      0x6e0 ./Core/Src/syscalls.o
 .debug_info    0x0000000000003753      0x171 ./Core/Src/sysmem.o
 .debug_info    0x00000000000038c4      0x5e2 ./Core/Src/system_stm32l4xx.o
 .debug_info    0x0000000000003ea6       0x22 ./Core/Startup/startup_stm32l496zgtx.o
 .debug_info    0x0000000000003ec8      0xb95 ./Drivers/STM32L4xx_HAL_Driver/Src/stm32l4xx_hal.o
 .debug_info    0x0000000000004a5d      0xe57 ./Drivers/STM32L4xx_HAL_Driver/Src/stm32l4xx_hal_cortex.o
 .debug_info    0x00000000000058b4      0x76a ./Drivers/STM32L4xx_HAL_Driver/Src/stm32l4xx_hal_dma.o
 .debug_info    0x000000000000601e      0x83d ./Drivers/STM32L4xx_HAL_Driver/Src/stm32l4xx_hal_gpio.o
 .debug_info    0x000000000000685b      0x9e6 ./Drivers/STM32L4xx_HAL_Driver/Src/stm32l4xx_hal_pwr_ex.o
 .debug_info    0x0000000000007241      0xd17 ./Drivers/STM32L4xx_HAL_Driver/Src/stm32l4xx_hal_rcc.o
 .debug_info    0x0000000000007f58     0x1148 ./Drivers/STM32L4xx_HAL_Driver/Src/stm32l4xx_hal_rcc_ex.o
 .debug_info    0x00000000000090a0      0xd98 ./Drivers/STM32L4xx_HAL_Driver/Src/stm32l4xx_hal_sram.o
 .debug_info    0x0000000000009e38     0x3d2a ./Drivers/STM32L4xx_HAL_Driver/Src/stm32l4xx_hal_uart.o
 .debug_info    0x000000000000db62      0xe37 ./Drivers/STM32L4xx_HAL_Driver/Src/stm32l4xx_hal_uart_ex.o
 .debug_info    0x000000000000e999      0x80a ./Drivers/STM32L4xx_HAL_Driver/Src/stm32l4xx_ll_fmc.o
 .debug_info    0x000000000000f1a3      0x44d ./Drivers/ioLibrary_Driver/Application/loopback/loopback.o
 .debug_info    0x000000000000f5f0      0x55e ./Drivers/ioLibrary_Driver/Ethernet/W5300/w5300.o
 .debug_info    0x000000000000fb4e      0x7f8 ./Drivers/ioLibrary_Driver/Ethernet/socket.o
 .debug_info    0x0000000000010346      0xb81 ./Drivers/ioLibrary_Driver/Ethernet/wizchip_conf.o

.debug_abbrev   0x0000000000000000     0x2bec
 .debug_abbrev  0x0000000000000000      0x3ab ./Core/Src/main.o
 .debug_abbrev  0x00000000000003ab      0x240 ./Core/Src/stm32l4xx_hal_msp.o
 .debug_abbrev  0x00000000000005eb      0x166 ./Core/Src/stm32l4xx_it.o
 .debug_abbrev  0x0000000000000751      0x1b3 ./Core/Src/syscalls.o
 .debug_abbrev  0x0000000000000904       0xbb ./Core/Src/sysmem.o
 .debug_abbrev  0x00000000000009bf      0x116 ./Core/Src/system_stm32l4xx.o
 .debug_abbrev  0x0000000000000ad5       0x12 ./Core/Startup/startup_stm32l496zgtx.o
 .debug_abbrev  0x0000000000000ae7      0x23a ./Drivers/STM32L4xx_HAL_Driver/Src/stm32l4xx_hal.o
 .debug_abbrev  0x0000000000000d21      0x316 ./Drivers/STM32L4xx_HAL_Driver/Src/stm32l4xx_hal_cortex.o
 .debug_abbrev  0x0000000000001037      0x1d7 ./Drivers/STM32L4xx_HAL_Driver/Src/stm32l4xx_hal_dma.o
 .debug_abbrev  0x000000000000120e      0x1bb ./Drivers/STM32L4xx_HAL_Driver/Src/stm32l4xx_hal_gpio.o
 .debug_abbrev  0x00000000000013c9      0x1f3 ./Drivers/STM32L4xx_HAL_Driver/Src/stm32l4xx_hal_pwr_ex.o
 .debug_abbrev  0x00000000000015bc      0x2bd ./Drivers/STM32L4xx_HAL_Driver/Src/stm32l4xx_hal_rcc.o
 .debug_abbrev  0x0000000000001879      0x299 ./Drivers/STM32L4xx_HAL_Driver/Src/stm32l4xx_hal_rcc_ex.o
 .debug_abbrev  0x0000000000001b12      0x1f8 ./Drivers/STM32L4xx_HAL_Driver/Src/stm32l4xx_hal_sram.o
 .debug_abbrev  0x0000000000001d0a      0x2bc ./Drivers/STM32L4xx_HAL_Driver/Src/stm32l4xx_hal_uart.o
 .debug_abbrev  0x0000000000001fc6      0x2ab ./Drivers/STM32L4xx_HAL_Driver/Src/stm32l4xx_hal_uart_ex.o
 .debug_abbrev  0x0000000000002271      0x196 ./Drivers/STM32L4xx_HAL_Driver/Src/stm32l4xx_ll_fmc.o
 .debug_abbrev  0x0000000000002407      0x12b ./Drivers/ioLibrary_Driver/Application/loopback/loopback.o
 .debug_abbrev  0x0000000000002532      0x1e4 ./Drivers/ioLibrary_Driver/Ethernet/W5300/w5300.o
 .debug_abbrev  0x0000000000002716      0x1ae ./Drivers/ioLibrary_Driver/Ethernet/socket.o
 .debug_abbrev  0x00000000000028c4      0x328 ./Drivers/ioLibrary_Driver/Ethernet/wizchip_conf.o

.debug_aranges  0x0000000000000000      0xe68
 .debug_aranges
                0x0000000000000000       0x90 ./Core/Src/main.o
 .debug_aranges
                0x0000000000000090       0x50 ./Core/Src/stm32l4xx_hal_msp.o
 .debug_aranges
                0x00000000000000e0       0x68 ./Core/Src/stm32l4xx_it.o
 .debug_aranges
                0x0000000000000148       0xa8 ./Core/Src/syscalls.o
 .debug_aranges
                0x00000000000001f0       0x20 ./Core/Src/sysmem.o
 .debug_aranges
                0x0000000000000210       0x28 ./Core/Src/system_stm32l4xx.o
 .debug_aranges
                0x0000000000000238       0x28 ./Core/Startup/startup_stm32l496zgtx.o
 .debug_aranges
                0x0000000000000260      0x130 ./Drivers/STM32L4xx_HAL_Driver/Src/stm32l4xx_hal.o
 .debug_aranges
                0x0000000000000390      0x118 ./Drivers/STM32L4xx_HAL_Driver/Src/stm32l4xx_hal_cortex.o
 .debug_aranges
                0x00000000000004a8       0x80 ./Drivers/STM32L4xx_HAL_Driver/Src/stm32l4xx_hal_dma.o
 .debug_aranges
                0x0000000000000528       0x58 ./Drivers/STM32L4xx_HAL_Driver/Src/stm32l4xx_hal_gpio.o
 .debug_aranges
                0x0000000000000580      0x150 ./Drivers/STM32L4xx_HAL_Driver/Src/stm32l4xx_hal_pwr_ex.o
 .debug_aranges
                0x00000000000006d0       0x90 ./Drivers/STM32L4xx_HAL_Driver/Src/stm32l4xx_hal_rcc.o
 .debug_aranges
                0x0000000000000760      0x108 ./Drivers/STM32L4xx_HAL_Driver/Src/stm32l4xx_hal_rcc_ex.o
 .debug_aranges
                0x0000000000000868       0xb8 ./Drivers/STM32L4xx_HAL_Driver/Src/stm32l4xx_hal_sram.o
 .debug_aranges
                0x0000000000000920      0x228 ./Drivers/STM32L4xx_HAL_Driver/Src/stm32l4xx_hal_uart.o
 .debug_aranges
                0x0000000000000b48       0x78 ./Drivers/STM32L4xx_HAL_Driver/Src/stm32l4xx_hal_uart_ex.o
 .debug_aranges
                0x0000000000000bc0       0x80 ./Drivers/STM32L4xx_HAL_Driver/Src/stm32l4xx_ll_fmc.o
 .debug_aranges
                0x0000000000000c40       0x30 ./Drivers/ioLibrary_Driver/Application/loopback/loopback.o
 .debug_aranges
                0x0000000000000c70       0x70 ./Drivers/ioLibrary_Driver/Ethernet/W5300/w5300.o
 .debug_aranges
                0x0000000000000ce0       0x78 ./Drivers/ioLibrary_Driver/Ethernet/socket.o
 .debug_aranges
                0x0000000000000d58      0x110 ./Drivers/ioLibrary_Driver/Ethernet/wizchip_conf.o

.debug_ranges   0x0000000000000000      0xd58
 .debug_ranges  0x0000000000000000       0x80 ./Core/Src/main.o
 .debug_ranges  0x0000000000000080       0x40 ./Core/Src/stm32l4xx_hal_msp.o
 .debug_ranges  0x00000000000000c0       0x58 ./Core/Src/stm32l4xx_it.o
 .debug_ranges  0x0000000000000118       0x98 ./Core/Src/syscalls.o
 .debug_ranges  0x00000000000001b0       0x10 ./Core/Src/sysmem.o
 .debug_ranges  0x00000000000001c0       0x18 ./Core/Src/system_stm32l4xx.o
 .debug_ranges  0x00000000000001d8       0x20 ./Core/Startup/startup_stm32l496zgtx.o
 .debug_ranges  0x00000000000001f8      0x120 ./Drivers/STM32L4xx_HAL_Driver/Src/stm32l4xx_hal.o