../Drivers/STM32U5xx_HAL_Driver/Src/stm32u5xx_ll_usb.c:83:19:USB_CoreInit	16	static
../Drivers/STM32U5xx_HAL_Driver/Src/stm32u5xx_ll_usb.c:132:19:USB_SetTurnaroundTime	0	static
../Drivers/STM32U5xx_HAL_Driver/Src/stm32u5xx_ll_usb.c:215:19:USB_EnableGlobalInt	0	static
../Drivers/STM32U5xx_HAL_Driver/Src/stm32u5xx_ll_usb.c:227:19:USB_DisableGlobalInt	0	static
../Drivers/STM32U5xx_HAL_Driver/Src/stm32u5xx_ll_usb.c:242:19:USB_SetCurrentMode	16	static
../Drivers/STM32U5xx_HAL_Driver/Src/stm32u5xx_ll_usb.c:289:19:USB_DevInit	40	static
../Drivers/STM32U5xx_HAL_Driver/Src/stm32u5xx_ll_usb.c:457:19:USB_FlushTxFifo	8	static
../Drivers/STM32U5xx_HAL_Driver/Src/stm32u5xx_ll_usb.c:494:19:USB_FlushRxFifo	8	static
../Drivers/STM32U5xx_HAL_Driver/Src/stm32u5xx_ll_usb.c:537:19:USB_SetDevSpeed	0	static
../Drivers/STM32U5xx_HAL_Driver/Src/stm32u5xx_ll_usb.c:553:9:USB_GetDevSpeed	0	static
../Drivers/STM32U5xx_HAL_Driver/Src/stm32u5xx_ll_usb.c:582:19:USB_ActivateEndpoint	8	static
../Drivers/STM32U5xx_HAL_Driver/Src/stm32u5xx_ll_usb.c:620:19:USB_ActivateDedicatedEndpoint	4	static
../Drivers/STM32U5xx_HAL_Driver/Src/stm32u5xx_ll_usb.c:659:19:USB_DeactivateEndpoint	8	static
../Drivers/STM32U5xx_HAL_Driver/Src/stm32u5xx_ll_usb.c:706:19:USB_DeactivateDedicatedEndpoint	4	static
../Drivers/STM32U5xx_HAL_Driver/Src/stm32u5xx_ll_usb.c:748:19:USB_EPStartXfer	20	static
../Drivers/STM32U5xx_HAL_Driver/Src/stm32u5xx_ll_usb.c:894:19:USB_EP0StartXfer	16	static
../Drivers/STM32U5xx_HAL_Driver/Src/stm32u5xx_ll_usb.c:991:19:USB_EPStopXfer	8	static
../Drivers/STM32U5xx_HAL_Driver/Src/stm32u5xx_ll_usb.c:1055:19:USB_WritePacket	4	static
../Drivers/STM32U5xx_HAL_Driver/Src/stm32u5xx_ll_usb.c:1086:7:USB_ReadPacket	16	static
../Drivers/STM32U5xx_HAL_Driver/Src/stm32u5xx_ll_usb.c:1128:19:USB_EPSetStall	0	static
../Drivers/STM32U5xx_HAL_Driver/Src/stm32u5xx_ll_usb.c:1159:19:USB_EPClearStall	0	static
../Drivers/STM32U5xx_HAL_Driver/Src/stm32u5xx_ll_usb.c:1188:19:USB_StopDevice	16	static
../Drivers/STM32U5xx_HAL_Driver/Src/stm32u5xx_ll_usb.c:1229:20:USB_SetDevAddress	0	static
../Drivers/STM32U5xx_HAL_Driver/Src/stm32u5xx_ll_usb.c:1244:20:USB_DevConnect	0	static
../Drivers/STM32U5xx_HAL_Driver/Src/stm32u5xx_ll_usb.c:1261:20:USB_DevDisconnect	0	static
../Drivers/STM32U5xx_HAL_Driver/Src/stm32u5xx_ll_usb.c:1278:11:USB_ReadInterrupts	0	static
../Drivers/STM32U5xx_HAL_Driver/Src/stm32u5xx_ll_usb.c:1293:10:USB_ReadDevAllOutEpInterrupt	0	static
../Drivers/STM32U5xx_HAL_Driver/Src/stm32u5xx_ll_usb.c:1309:10:USB_ReadDevAllInEpInterrupt	0	static
../Drivers/STM32U5xx_HAL_Driver/Src/stm32u5xx_ll_usb.c:1327:10:USB_ReadDevOutEPInterrupt	0	static
../Drivers/STM32U5xx_HAL_Driver/Src/stm32u5xx_ll_usb.c:1345:10:USB_ReadDevInEPInterrupt	0	static
../Drivers/STM32U5xx_HAL_Driver/Src/stm32u5xx_ll_usb.c:1366:7:USB_ClearInterrupts	0	static
../Drivers/STM32U5xx_HAL_Driver/Src/stm32u5xx_ll_usb.c:1379:10:USB_GetMode	0	static
../Drivers/STM32U5xx_HAL_Driver/Src/stm32u5xx_ll_usb.c:1389:20:USB_ActivateSetup	0	static
../Drivers/STM32U5xx_HAL_Driver/Src/stm32u5xx_ll_usb.c:1411:19:USB_EP0_OutStart	4	static
../Drivers/STM32U5xx_HAL_Driver/Src/stm32u5xx_ll_usb.c:1484:19:USB_HostInit	24	static
../Drivers/STM32U5xx_HAL_Driver/Src/stm32u5xx_ll_usb.c:1587:19:USB_InitFSLSPClkSel	0	static
../Drivers/STM32U5xx_HAL_Driver/Src/stm32u5xx_ll_usb.c:1617:19:USB_ResetPort	24	static
../Drivers/STM32U5xx_HAL_Driver/Src/stm32u5xx_ll_usb.c:1644:19:USB_DriveVbus	8	static
../Drivers/STM32U5xx_HAL_Driver/Src/stm32u5xx_ll_usb.c:1674:10:USB_GetHostSpeed	8	static
../Drivers/STM32U5xx_HAL_Driver/Src/stm32u5xx_ll_usb.c:1688:10:USB_GetCurrentFrame	0	static
../Drivers/STM32U5xx_HAL_Driver/Src/stm32u5xx_ll_usb.c:1719:19:USB_HC_Init	40	static
../Drivers/STM32U5xx_HAL_Driver/Src/stm32u5xx_ll_usb.c:1845:19:USB_HC_StartXfer	32	static
../Drivers/STM32U5xx_HAL_Driver/Src/stm32u5xx_ll_usb.c:1984:10:USB_HC_ReadInterrupt	0	static
../Drivers/STM32U5xx_HAL_Driver/Src/stm32u5xx_ll_usb.c:1998:19:USB_HC_Halt	16	static
../Drivers/STM32U5xx_HAL_Driver/Src/stm32u5xx_ll_usb.c:2073:19:USB_DoPing	0	static
../Drivers/STM32U5xx_HAL_Driver/Src/stm32u5xx_ll_usb.c:2097:19:USB_StopHost	24	static
../Drivers/STM32U5xx_HAL_Driver/Src/stm32u5xx_ll_usb.c:2162:19:USB_ActivateRemoteWakeup	0	static
../Drivers/STM32U5xx_HAL_Driver/Src/stm32u5xx_ll_usb.c:2180:19:USB_DeActivateRemoteWakeup	0	static
