../Drivers/STM32U5xx_HAL_Driver/Src/stm32u5xx_hal_uart.c:4042:13:UART_TxISR_16BIT	0	static,ignoring_inline_asm
../Drivers/STM32U5xx_HAL_Driver/Src/stm32u5xx_hal_uart.c:4114:13:UART_TxISR_16BIT_FIFOEN	4	static,ignoring_inline_asm
../Drivers/STM32U5xx_HAL_Driver/Src/stm32u5xx_hal_uart.c:4013:13:UART_TxISR_8BIT	0	static,ignoring_inline_asm
../Drivers/STM32U5xx_HAL_Driver/Src/stm32u5xx_hal_uart.c:4074:13:UART_TxISR_8BIT_FIFOEN	4	static,ignoring_inline_asm
../Drivers/STM32U5xx_HAL_Driver/Src/stm32u5xx_hal_uart.c:670:13:HAL_UART_MspInit	0	static
../Drivers/STM32U5xx_HAL_Driver/Src/stm32u5xx_hal_uart.c:685:13:HAL_UART_MspDeInit	0	static
../Drivers/STM32U5xx_HAL_Driver/Src/stm32u5xx_hal_uart.c:624:19:HAL_UART_DeInit	16	static
../Drivers/STM32U5xx_HAL_Driver/Src/stm32u5xx_hal_uart.c:1208:19:HAL_UART_Receive	32	static,ignoring_inline_asm
../Drivers/STM32U5xx_HAL_Driver/Src/stm32u5xx_hal_uart.c:1300:19:HAL_UART_Transmit_IT	8	static,ignoring_inline_asm
../Drivers/STM32U5xx_HAL_Driver/Src/stm32u5xx_hal_uart.c:1380:19:HAL_UART_Receive_IT	8	static,ignoring_inline_asm
../Drivers/STM32U5xx_HAL_Driver/Src/stm32u5xx_hal_uart.c:1429:19:HAL_UART_Transmit_DMA	16	static,ignoring_inline_asm
../Drivers/STM32U5xx_HAL_Driver/Src/stm32u5xx_hal_uart.c:1582:19:HAL_UART_DMAPause	16	static,ignoring_inline_asm
../Drivers/STM32U5xx_HAL_Driver/Src/stm32u5xx_hal_uart.c:1648:19:HAL_UART_DMAResume	16	static,ignoring_inline_asm
../Drivers/STM32U5xx_HAL_Driver/Src/stm32u5xx_hal_uart.c:1701:19:HAL_UART_DMAStop	16	static,ignoring_inline_asm
../Drivers/STM32U5xx_HAL_Driver/Src/stm32u5xx_hal_uart.c:1776:19:HAL_UART_Abort	16	static,ignoring_inline_asm
../Drivers/STM32U5xx_HAL_Driver/Src/stm32u5xx_hal_uart.c:1873:19:HAL_UART_AbortTransmit	8	static,ignoring_inline_asm
../Drivers/STM32U5xx_HAL_Driver/Src/stm32u5xx_hal_uart.c:1929:19:HAL_UART_AbortReceive	16	static,ignoring_inline_asm
../Drivers/STM32U5xx_HAL_Driver/Src/stm32u5xx_hal_uart.c:2614:13:HAL_UART_TxCpltCallback	0	static
../Drivers/STM32U5xx_HAL_Driver/Src/stm32u5xx_hal_uart.c:3642:13:UART_DMATransmitCplt	8	static,ignoring_inline_asm
../Drivers/STM32U5xx_HAL_Driver/Src/stm32u5xx_hal_uart.c:2629:13:HAL_UART_TxHalfCpltCallback	0	static
../Drivers/STM32U5xx_HAL_Driver/Src/stm32u5xx_hal_uart.c:3672:13:UART_DMATxHalfCplt	8	static
../Drivers/STM32U5xx_HAL_Driver/Src/stm32u5xx_hal_uart.c:2644:13:HAL_UART_RxCpltCallback	0	static
../Drivers/STM32U5xx_HAL_Driver/Src/stm32u5xx_hal_uart.c:2659:13:HAL_UART_RxHalfCpltCallback	0	static
../Drivers/STM32U5xx_HAL_Driver/Src/stm32u5xx_hal_uart.c:2674:13:HAL_UART_ErrorCallback	0	static
../Drivers/STM32U5xx_HAL_Driver/Src/stm32u5xx_hal_uart.c:3777:13:UART_DMAError	8	static,ignoring_inline_asm
../Drivers/STM32U5xx_HAL_Driver/Src/stm32u5xx_hal_uart.c:3817:13:UART_DMAAbortOnError	8	static
../Drivers/STM32U5xx_HAL_Driver/Src/stm32u5xx_hal_uart.c:2689:13:HAL_UART_AbortCpltCallback	0	static
../Drivers/STM32U5xx_HAL_Driver/Src/stm32u5xx_hal_uart.c:1994:19:HAL_UART_Abort_IT	16	static,ignoring_inline_asm
../Drivers/STM32U5xx_HAL_Driver/Src/stm32u5xx_hal_uart.c:3895:13:UART_DMARxAbortCallback	8	static
../Drivers/STM32U5xx_HAL_Driver/Src/stm32u5xx_hal_uart.c:3840:13:UART_DMATxAbortCallback	8	static
../Drivers/STM32U5xx_HAL_Driver/Src/stm32u5xx_hal_uart.c:2704:13:HAL_UART_AbortTransmitCpltCallback	0	static
../Drivers/STM32U5xx_HAL_Driver/Src/stm32u5xx_hal_uart.c:2141:19:HAL_UART_AbortTransmit_IT	8	static,ignoring_inline_asm
../Drivers/STM32U5xx_HAL_Driver/Src/stm32u5xx_hal_uart.c:3947:13:UART_DMATxOnlyAbortCallback	8	static
../Drivers/STM32U5xx_HAL_Driver/Src/stm32u5xx_hal_uart.c:2719:13:HAL_UART_AbortReceiveCpltCallback	0	static
../Drivers/STM32U5xx_HAL_Driver/Src/stm32u5xx_hal_uart.c:2229:19:HAL_UART_AbortReceive_IT	16	static,ignoring_inline_asm
../Drivers/STM32U5xx_HAL_Driver/Src/stm32u5xx_hal_uart.c:3980:13:UART_DMARxOnlyAbortCallback	8	static
../Drivers/STM32U5xx_HAL_Driver/Src/stm32u5xx_hal_uart.c:2736:13:HAL_UARTEx_RxEventCallback	0	static
../Drivers/STM32U5xx_HAL_Driver/Src/stm32u5xx_hal_uart.c:2319:6:HAL_UART_IRQHandler	16	static,ignoring_inline_asm
../Drivers/STM32U5xx_HAL_Driver/Src/stm32u5xx_hal_uart.c:4180:13:UART_RxISR_8BIT.part.0	8	static,ignoring_inline_asm
../Drivers/STM32U5xx_HAL_Driver/Src/stm32u5xx_hal_uart.c:4257:13:UART_RxISR_16BIT	0	static
../Drivers/STM32U5xx_HAL_Driver/Src/stm32u5xx_hal_uart.c:4180:13:UART_RxISR_8BIT	0	static
../Drivers/STM32U5xx_HAL_Driver/Src/stm32u5xx_hal_uart.c:4336:13:UART_RxISR_8BIT_FIFOEN	40	static,ignoring_inline_asm
../Drivers/STM32U5xx_HAL_Driver/Src/stm32u5xx_hal_uart.c:4484:13:UART_RxISR_16BIT_FIFOEN	40	static,ignoring_inline_asm
../Drivers/STM32U5xx_HAL_Driver/Src/stm32u5xx_hal_uart.c:3743:13:UART_DMARxHalfCplt	8	static
../Drivers/STM32U5xx_HAL_Driver/Src/stm32u5xx_hal_uart.c:3690:13:UART_DMAReceiveCplt	8	static,ignoring_inline_asm
../Drivers/STM32U5xx_HAL_Driver/Src/stm32u5xx_hal_uart.c:2784:6:HAL_UART_ReceiverTimeout_Config	0	static
../Drivers/STM32U5xx_HAL_Driver/Src/stm32u5xx_hal_uart.c:2799:19:HAL_UART_EnableReceiverTimeout	0	static
../Drivers/STM32U5xx_HAL_Driver/Src/stm32u5xx_hal_uart.c:2837:19:HAL_UART_DisableReceiverTimeout	0	static
../Drivers/STM32U5xx_HAL_Driver/Src/stm32u5xx_hal_uart.c:2915:6:HAL_MultiProcessor_EnterMuteMode	0	static
../Drivers/STM32U5xx_HAL_Driver/Src/stm32u5xx_hal_uart.c:2925:19:HAL_HalfDuplex_EnableTransmitter	0	static,ignoring_inline_asm
../Drivers/STM32U5xx_HAL_Driver/Src/stm32u5xx_hal_uart.c:2948:19:HAL_HalfDuplex_EnableReceiver	0	static,ignoring_inline_asm
../Drivers/STM32U5xx_HAL_Driver/Src/stm32u5xx_hal_uart.c:2972:19:HAL_LIN_SendBreak	4	static
../Drivers/STM32U5xx_HAL_Driver/Src/stm32u5xx_hal_uart.c:3017:23:HAL_UART_GetState	0	static
../Drivers/STM32U5xx_HAL_Driver/Src/stm32u5xx_hal_uart.c:3033:10:HAL_UART_GetError	0	static
../Drivers/STM32U5xx_HAL_Driver/Src/stm32u5xx_hal_uart.c:3078:19:UART_SetConfig	16	static
../Drivers/STM32U5xx_HAL_Driver/Src/stm32u5xx_hal_uart.c:3235:6:UART_AdvFeatureConfig	4	static
../Drivers/STM32U5xx_HAL_Driver/Src/stm32u5xx_hal_uart.c:3309:19:UART_CheckIdleState	16	static,ignoring_inline_asm
../Drivers/STM32U5xx_HAL_Driver/Src/stm32u5xx_hal_uart.c:453:19:HAL_LIN_Init	16	static
../Drivers/STM32U5xx_HAL_Driver/Src/stm32u5xx_hal_uart.c:3361:19:UART_WaitOnFlagUntilTimeout	32	static,ignoring_inline_asm
../Drivers/STM32U5xx_HAL_Driver/Src/stm32u5xx_hal_uart.c:1113:19:HAL_UART_Transmit	40	static,ignoring_inline_asm
../Drivers/STM32U5xx_HAL_Driver/Src/stm32u5xx_hal_uart.c:2895:19:HAL_MultiProcessor_DisableMuteMode	32	static,ignoring_inline_asm
../Drivers/STM32U5xx_HAL_Driver/Src/stm32u5xx_hal_uart.c:2875:19:HAL_MultiProcessor_EnableMuteMode	32	static,ignoring_inline_asm
../Drivers/STM32U5xx_HAL_Driver/Src/stm32u5xx_hal_uart.c:307:19:HAL_UART_Init	32	static
../Drivers/STM32U5xx_HAL_Driver/Src/stm32u5xx_hal_uart.c:380:19:HAL_HalfDuplex_Init	32	static
../Drivers/STM32U5xx_HAL_Driver/Src/stm32u5xx_hal_uart.c:550:19:HAL_MultiProcessor_Init	32	static
../Drivers/STM32U5xx_HAL_Driver/Src/stm32u5xx_hal_uart.c:3425:19:UART_Start_Receive_IT	4	static,ignoring_inline_asm
../Drivers/STM32U5xx_HAL_Driver/Src/stm32u5xx_hal_uart.c:3501:19:UART_Start_Receive_DMA	16	static,ignoring_inline_asm
../Drivers/STM32U5xx_HAL_Driver/Src/stm32u5xx_hal_uart.c:1544:19:HAL_UART_Receive_DMA	8	static,ignoring_inline_asm
