../Drivers/STM32U5xx_HAL_Driver/Src/stm32u5xx_ll_utils.c:273:13:LL_SetFlashLatency.part.0	0	static
../Drivers/STM32U5xx_HAL_Driver/Src/stm32u5xx_ll_utils.c:748:20:UTILS_EnablePLLAndSwitchSystem	24	static
../Drivers/STM32U5xx_HAL_Driver/Src/stm32u5xx_ll_utils.c:170:6:LL_Init1msTick	4	static
../Drivers/STM32U5xx_HAL_Driver/Src/stm32u5xx_ll_utils.c:187:6:LL_mDelay	8	static
../Drivers/STM32U5xx_HAL_Driver/Src/stm32u5xx_ll_utils.c:259:6:LL_SetSystemCoreClock	0	static
../Drivers/STM32U5xx_HAL_Driver/Src/stm32u5xx_ll_utils.c:273:13:LL_SetFlashLatency	0	static
../Drivers/STM32U5xx_HAL_Driver/Src/stm32u5xx_ll_utils.c:437:13:LL_PLL_ConfigSystemClock_MSI	16	static
../Drivers/STM32U5xx_HAL_Driver/Src/stm32u5xx_ll_utils.c:548:13:LL_PLL_ConfigSystemClock_HSI	16	static
../Drivers/STM32U5xx_HAL_Driver/Src/stm32u5xx_ll_utils.c:607:13:LL_PLL_ConfigSystemClock_HSE	16	static
