../Drivers/STM32U5xx_HAL_Driver/Src/stm32u5xx_hal_rcc_ex.c:3771:26:RCCEx_PLLSource_Enable	16	static
../Drivers/STM32U5xx_HAL_Driver/Src/stm32u5xx_hal_rcc_ex.c:3934:26:RCCEx_PLL3_Config	16	static
../Drivers/STM32U5xx_HAL_Driver/Src/stm32u5xx_hal_rcc_ex.c:3860:26:RCCEx_PLL2_Config	16	static
../Drivers/STM32U5xx_HAL_Driver/Src/stm32u5xx_hal_rcc_ex.c:418:19:HAL_RCCEx_PeriphCLKConfig	40	static
../Drivers/STM32U5xx_HAL_Driver/Src/stm32u5xx_hal_rcc_ex.c:1257:6:HAL_RCCEx_GetPeriphCLKConfig	0	static
../Drivers/STM32U5xx_HAL_Driver/Src/stm32u5xx_hal_rcc_ex.c:1459:6:HAL_RCCEx_GetPLL1ClockFreq	12	static
../Drivers/STM32U5xx_HAL_Driver/Src/stm32u5xx_hal_rcc_ex.c:1556:6:HAL_RCCEx_GetPLL2ClockFreq	12	static
../Drivers/STM32U5xx_HAL_Driver/Src/stm32u5xx_hal_rcc_ex.c:1652:6:HAL_RCCEx_GetPLL3ClockFreq	12	static
../Drivers/STM32U5xx_HAL_Driver/Src/stm32u5xx_hal_rcc_ex.c:1772:10:HAL_RCCEx_GetPeriphCLKFreq	24	static
../Drivers/STM32U5xx_HAL_Driver/Src/stm32u5xx_hal_rcc_ex.c:2892:19:HAL_RCCEx_EnablePLL2	24	static
../Drivers/STM32U5xx_HAL_Driver/Src/stm32u5xx_hal_rcc_ex.c:2974:19:HAL_RCCEx_DisablePLL2	16	static
../Drivers/STM32U5xx_HAL_Driver/Src/stm32u5xx_hal_rcc_ex.c:3008:19:HAL_RCCEx_EnablePLL3	24	static
../Drivers/STM32U5xx_HAL_Driver/Src/stm32u5xx_hal_rcc_ex.c:3088:19:HAL_RCCEx_DisablePLL3	16	static
../Drivers/STM32U5xx_HAL_Driver/Src/stm32u5xx_hal_rcc_ex.c:3127:19:HAL_RCCEx_EnableMSIPLLModeSelection	0	static
../Drivers/STM32U5xx_HAL_Driver/Src/stm32u5xx_hal_rcc_ex.c:3156:19:HAL_RCCEx_EnableMSIPLLFastStartup	0	static
../Drivers/STM32U5xx_HAL_Driver/Src/stm32u5xx_hal_rcc_ex.c:3175:19:HAL_RCCEx_DisableMSIPLLFastStartup	0	static
../Drivers/STM32U5xx_HAL_Driver/Src/stm32u5xx_hal_rcc_ex.c:3198:6:HAL_RCCEx_WakeUpStopCLKConfig	0	static
../Drivers/STM32U5xx_HAL_Driver/Src/stm32u5xx_hal_rcc_ex.c:3213:6:HAL_RCCEx_KerWakeUpStopCLKConfig	0	static
../Drivers/STM32U5xx_HAL_Driver/Src/stm32u5xx_hal_rcc_ex.c:3232:6:HAL_RCCEx_StandbyMSIRangeConfig	0	static
../Drivers/STM32U5xx_HAL_Driver/Src/stm32u5xx_hal_rcc_ex.c:3246:6:HAL_RCCEx_EnableLSECSS	0	static
../Drivers/STM32U5xx_HAL_Driver/Src/stm32u5xx_hal_rcc_ex.c:3256:6:HAL_RCCEx_DisableLSECSS	0	static
../Drivers/STM32U5xx_HAL_Driver/Src/stm32u5xx_hal_rcc_ex.c:3278:13:HAL_RCCEx_LSECSS_Callback	0	static
../Drivers/STM32U5xx_HAL_Driver/Src/stm32u5xx_hal_rcc_ex.c:3265:6:HAL_RCCEx_LSECSS_IRQHandler	8	static
../Drivers/STM32U5xx_HAL_Driver/Src/stm32u5xx_hal_rcc_ex.c:3293:6:HAL_RCCEx_EnableLSCO	48	static
../Drivers/STM32U5xx_HAL_Driver/Src/stm32u5xx_hal_rcc_ex.c:3340:6:HAL_RCCEx_DisableLSCO	16	static
../Drivers/STM32U5xx_HAL_Driver/Src/stm32u5xx_hal_rcc_ex.c:3378:6:HAL_RCCEx_EnableMSIPLLMode	0	static
../Drivers/STM32U5xx_HAL_Driver/Src/stm32u5xx_hal_rcc_ex.c:3388:6:HAL_RCCEx_DisableMSIPLLMode	0	static
../Drivers/STM32U5xx_HAL_Driver/Src/stm32u5xx_hal_rcc_ex.c:3467:6:HAL_RCCEx_CRSConfig	4	static
../Drivers/STM32U5xx_HAL_Driver/Src/stm32u5xx_hal_rcc_ex.c:3509:6:HAL_RCCEx_CRSSoftwareSynchronizationGenerate	0	static
../Drivers/STM32U5xx_HAL_Driver/Src/stm32u5xx_hal_rcc_ex.c:3519:6:HAL_RCCEx_CRSGetSynchronizationInfo	0	static
../Drivers/STM32U5xx_HAL_Driver/Src/stm32u5xx_hal_rcc_ex.c:3552:10:HAL_RCCEx_CRSWaitSynchronization	24	static
../Drivers/STM32U5xx_HAL_Driver/Src/stm32u5xx_hal_rcc_ex.c:3700:13:HAL_RCCEx_CRS_SyncOkCallback	0	static
../Drivers/STM32U5xx_HAL_Driver/Src/stm32u5xx_hal_rcc_ex.c:3711:13:HAL_RCCEx_CRS_SyncWarnCallback	0	static
../Drivers/STM32U5xx_HAL_Driver/Src/stm32u5xx_hal_rcc_ex.c:3722:13:HAL_RCCEx_CRS_ExpectedSyncCallback	0	static
../Drivers/STM32U5xx_HAL_Driver/Src/stm32u5xx_hal_rcc_ex.c:3738:13:HAL_RCCEx_CRS_ErrorCallback	0	static
../Drivers/STM32U5xx_HAL_Driver/Src/stm32u5xx_hal_rcc_ex.c:3635:6:HAL_RCCEx_CRS_IRQHandler	8	static
