../Drivers/STM32U5xx_HAL_Driver/Src/stm32u5xx_hal_adc.c:1227:13:HAL_ADC_MspInit	0	static
../Drivers/STM32U5xx_HAL_Driver/Src/stm32u5xx_hal_adc.c:406:19:HAL_ADC_Init	32	static
../Drivers/STM32U5xx_HAL_Driver/Src/stm32u5xx_hal_adc.c:1244:13:HAL_ADC_MspDeInit	0	static
../Drivers/STM32U5xx_HAL_Driver/Src/stm32u5xx_hal_adc.c:1711:19:HAL_ADC_PollForConversion	24	static
../Drivers/STM32U5xx_HAL_Driver/Src/stm32u5xx_hal_adc.c:1953:19:HAL_ADC_PollForEvent	24	static
../Drivers/STM32U5xx_HAL_Driver/Src/stm32u5xx_hal_adc.c:2646:10:HAL_ADC_GetValue	0	static
../Drivers/STM32U5xx_HAL_Driver/Src/stm32u5xx_hal_adc.c:3067:13:HAL_ADC_ConvCpltCallback	0	static
../Drivers/STM32U5xx_HAL_Driver/Src/stm32u5xx_hal_adc.c:3082:13:HAL_ADC_ConvHalfCpltCallback	0	static
../Drivers/STM32U5xx_HAL_Driver/Src/stm32u5xx_hal_adc.c:4349:6:ADC_DMAHalfConvCplt	8	static
../Drivers/STM32U5xx_HAL_Driver/Src/stm32u5xx_hal_adc.c:3097:13:HAL_ADC_LevelOutOfWindowCallback	0	static
../Drivers/STM32U5xx_HAL_Driver/Src/stm32u5xx_hal_adc.c:3119:13:HAL_ADC_ErrorCallback	0	static
../Drivers/STM32U5xx_HAL_Driver/Src/stm32u5xx_hal_adc.c:2663:6:HAL_ADC_IRQHandler	16	static
../Drivers/STM32U5xx_HAL_Driver/Src/stm32u5xx_hal_adc.c:4271:6:ADC_DMAConvCplt	8	static
../Drivers/STM32U5xx_HAL_Driver/Src/stm32u5xx_hal_adc.c:4367:6:ADC_DMAError	8	static
../Drivers/STM32U5xx_HAL_Driver/Src/stm32u5xx_hal_adc.c:3165:19:HAL_ADC_ConfigChannel	40	static,ignoring_inline_asm
../Drivers/STM32U5xx_HAL_Driver/Src/stm32u5xx_hal_adc.c:3661:19:HAL_ADC_AnalogWDGConfig	12	static,ignoring_inline_asm
../Drivers/STM32U5xx_HAL_Driver/Src/stm32u5xx_hal_adc.c:3954:10:HAL_ADC_GetState	0	static
../Drivers/STM32U5xx_HAL_Driver/Src/stm32u5xx_hal_adc.c:3968:10:HAL_ADC_GetError	0	static
../Drivers/STM32U5xx_HAL_Driver/Src/stm32u5xx_hal_adc.c:3998:19:ADC_ConversionStop	16	static
../Drivers/STM32U5xx_HAL_Driver/Src/stm32u5xx_hal_adc.c:4126:19:ADC_Enable	16	static
../Drivers/STM32U5xx_HAL_Driver/Src/stm32u5xx_hal_adc.c:1516:19:HAL_ADC_Start	16	static
../Drivers/STM32U5xx_HAL_Driver/Src/stm32u5xx_hal_adc.c:2088:19:HAL_ADC_Start_IT	16	static
../Drivers/STM32U5xx_HAL_Driver/Src/stm32u5xx_hal_adc.c:2344:19:HAL_ADC_Start_DMA	136	static
../Drivers/STM32U5xx_HAL_Driver/Src/stm32u5xx_hal_adc.c:4210:19:ADC_Disable	16	static
../Drivers/STM32U5xx_HAL_Driver/Src/stm32u5xx_hal_adc.c:967:19:HAL_ADC_DeInit	24	static
../Drivers/STM32U5xx_HAL_Driver/Src/stm32u5xx_hal_adc.c:1660:19:HAL_ADC_Stop	8	static
../Drivers/STM32U5xx_HAL_Driver/Src/stm32u5xx_hal_adc.c:2294:19:HAL_ADC_Stop_IT	8	static
../Drivers/STM32U5xx_HAL_Driver/Src/stm32u5xx_hal_adc.c:2551:19:HAL_ADC_Stop_DMA	16	static
