../Drivers/STM32U5xx_HAL_Driver/Src/stm32u5xx_hal_adc_ex.c:134:19:HAL_ADCEx_Calibration_Start	24	static
../Drivers/STM32U5xx_HAL_Driver/Src/stm32u5xx_hal_adc_ex.c:201:10:HAL_ADCEx_Calibration_GetValue	16	static
../Drivers/STM32U5xx_HAL_Driver/Src/stm32u5xx_hal_adc_ex.c:235:19:HAL_ADCEx_LinearCalibration_GetValue	16	static
../Drivers/STM32U5xx_HAL_Driver/Src/stm32u5xx_hal_adc_ex.c:274:19:HAL_ADCEx_Calibration_SetValue	8	static
../Drivers/STM32U5xx_HAL_Driver/Src/stm32u5xx_hal_adc_ex.c:323:19:HAL_ADCEx_LinearCalibration_SetValue	24	static
../Drivers/STM32U5xx_HAL_Driver/Src/stm32u5xx_hal_adc_ex.c:406:19:HAL_ADCEx_InjectedStart	16	static
../Drivers/STM32U5xx_HAL_Driver/Src/stm32u5xx_hal_adc_ex.c:529:19:HAL_ADCEx_InjectedStop	8	static
../Drivers/STM32U5xx_HAL_Driver/Src/stm32u5xx_hal_adc_ex.c:579:19:HAL_ADCEx_InjectedPollForConversion	24	static
../Drivers/STM32U5xx_HAL_Driver/Src/stm32u5xx_hal_adc_ex.c:715:19:HAL_ADCEx_InjectedStart_IT	16	static
../Drivers/STM32U5xx_HAL_Driver/Src/stm32u5xx_hal_adc_ex.c:857:19:HAL_ADCEx_InjectedStop_IT	8	static
../Drivers/STM32U5xx_HAL_Driver/Src/stm32u5xx_hal_adc_ex.c:1429:10:HAL_ADCEx_InjectedGetValue	0	static
../Drivers/STM32U5xx_HAL_Driver/Src/stm32u5xx_hal_adc_ex.c:1463:13:HAL_ADCEx_InjectedConvCpltCallback	0	static
../Drivers/STM32U5xx_HAL_Driver/Src/stm32u5xx_hal_adc_ex.c:1482:13:HAL_ADCEx_InjectedQueueOverflowCallback	0	static
../Drivers/STM32U5xx_HAL_Driver/Src/stm32u5xx_hal_adc_ex.c:1497:13:HAL_ADCEx_LevelOutOfWindow2Callback	0	static
../Drivers/STM32U5xx_HAL_Driver/Src/stm32u5xx_hal_adc_ex.c:1512:13:HAL_ADCEx_LevelOutOfWindow3Callback	0	static
../Drivers/STM32U5xx_HAL_Driver/Src/stm32u5xx_hal_adc_ex.c:1528:13:HAL_ADCEx_EndOfSamplingCallback	0	static
../Drivers/STM32U5xx_HAL_Driver/Src/stm32u5xx_hal_adc_ex.c:1546:19:HAL_ADCEx_RegularStop	8	static
../Drivers/STM32U5xx_HAL_Driver/Src/stm32u5xx_hal_adc_ex.c:1599:19:HAL_ADCEx_RegularStop_IT	8	static
../Drivers/STM32U5xx_HAL_Driver/Src/stm32u5xx_hal_adc_ex.c:1654:19:HAL_ADCEx_RegularStop_DMA	16	static
../Drivers/STM32U5xx_HAL_Driver/Src/stm32u5xx_hal_adc_ex.c:1906:19:HAL_ADCEx_InjectedConfigChannel	40	static,ignoring_inline_asm
../Drivers/STM32U5xx_HAL_Driver/Src/stm32u5xx_hal_adc_ex.c:2471:19:HAL_ADCEx_DisableVoltageRegulator	0	static
../Drivers/STM32U5xx_HAL_Driver/Src/stm32u5xx_hal_adc_ex.c:2508:19:HAL_ADCEx_EnterADCDeepPowerDownMode	0	static
