../Drivers/STM32U5xx_HAL_Driver/Src/stm32u5xx_hal_cortex.c:185:6:HAL_NVIC_SetPriorityGrouping	0	static
../Drivers/STM32U5xx_HAL_Driver/Src/stm32u5xx_hal_cortex.c:208:6:HAL_NVIC_SetPriority	4	static
../Drivers/STM32U5xx_HAL_Driver/Src/stm32u5xx_hal_cortex.c:231:6:HAL_NVIC_EnableIRQ	0	static,ignoring_inline_asm
../Drivers/STM32U5xx_HAL_Driver/Src/stm32u5xx_hal_cortex.c:248:6:HAL_NVIC_DisableIRQ	0	static,ignoring_inline_asm
../Drivers/STM32U5xx_HAL_Driver/Src/stm32u5xx_hal_cortex.c:261:6:HAL_NVIC_SystemReset	0	static,ignoring_inline_asm
../Drivers/STM32U5xx_HAL_Driver/Src/stm32u5xx_hal_cortex.c:274:10:HAL_SYSTICK_Config	4	static
../Drivers/STM32U5xx_HAL_Driver/Src/stm32u5xx_hal_cortex.c:302:10:HAL_NVIC_GetPriorityGrouping	0	static
../Drivers/STM32U5xx_HAL_Driver/Src/stm32u5xx_hal_cortex.c:330:6:HAL_NVIC_GetPriority	4	static
../Drivers/STM32U5xx_HAL_Driver/Src/stm32u5xx_hal_cortex.c:347:6:HAL_NVIC_SetPendingIRQ	0	static
../Drivers/STM32U5xx_HAL_Driver/Src/stm32u5xx_hal_cortex.c:363:10:HAL_NVIC_GetPendingIRQ	0	static
../Drivers/STM32U5xx_HAL_Driver/Src/stm32u5xx_hal_cortex.c:377:6:HAL_NVIC_ClearPendingIRQ	0	static
../Drivers/STM32U5xx_HAL_Driver/Src/stm32u5xx_hal_cortex.c:392:10:HAL_NVIC_GetActive	0	static
../Drivers/STM32U5xx_HAL_Driver/Src/stm32u5xx_hal_cortex.c:408:6:HAL_SYSTICK_CLKSourceConfig	0	static
../Drivers/STM32U5xx_HAL_Driver/Src/stm32u5xx_hal_cortex.c:452:13:HAL_SYSTICK_Callback	0	static
../Drivers/STM32U5xx_HAL_Driver/Src/stm32u5xx_hal_cortex.c:443:6:HAL_SYSTICK_IRQHandler	8	static
../Drivers/STM32U5xx_HAL_Driver/Src/stm32u5xx_hal_cortex.c:471:6:HAL_MPU_Enable	0	static,ignoring_inline_asm
../Drivers/STM32U5xx_HAL_Driver/Src/stm32u5xx_hal_cortex.c:516:6:HAL_MPU_Disable	0	static,ignoring_inline_asm
../Drivers/STM32U5xx_HAL_Driver/Src/stm32u5xx_hal_cortex.c:544:6:HAL_MPU_ConfigRegion	0	static,ignoring_inline_asm
../Drivers/STM32U5xx_HAL_Driver/Src/stm32u5xx_hal_cortex.c:568:6:HAL_MPU_ConfigMemoryAttributes	4	static,ignoring_inline_asm
