../Drivers/STM32U5xx_HAL_Driver/Src/stm32u5xx_hal.c:200:13:HAL_MspInit	0	static
../Drivers/STM32U5xx_HAL_Driver/Src/stm32u5xx_hal.c:211:13:HAL_MspDeInit	0	static
../Drivers/STM32U5xx_HAL_Driver/Src/stm32u5xx_hal.c:171:19:HAL_DeInit	16	static
../Drivers/STM32U5xx_HAL_Driver/Src/stm32u5xx_hal.c:234:26:HAL_InitTick	16	static
../Drivers/STM32U5xx_HAL_Driver/Src/stm32u5xx_hal.c:140:19:HAL_Init	8	static
../Drivers/STM32U5xx_HAL_Driver/Src/stm32u5xx_hal.c:299:13:HAL_IncTick	0	static
../Drivers/STM32U5xx_HAL_Driver/Src/stm32u5xx_hal.c:310:17:HAL_GetTick	0	static
../Drivers/STM32U5xx_HAL_Driver/Src/stm32u5xx_hal.c:319:10:HAL_GetTickPrio	0	static
../Drivers/STM32U5xx_HAL_Driver/Src/stm32u5xx_hal.c:328:19:HAL_SetTickFreq	16	static
../Drivers/STM32U5xx_HAL_Driver/Src/stm32u5xx_hal.c:351:21:HAL_GetTickFreq	0	static
../Drivers/STM32U5xx_HAL_Driver/Src/stm32u5xx_hal.c:367:13:HAL_Delay	16	static
../Drivers/STM32U5xx_HAL_Driver/Src/stm32u5xx_hal.c:393:13:HAL_SuspendTick	0	static
../Drivers/STM32U5xx_HAL_Driver/Src/stm32u5xx_hal.c:409:13:HAL_ResumeTick	0	static
../Drivers/STM32U5xx_HAL_Driver/Src/stm32u5xx_hal.c:419:10:HAL_GetHalVersion	0	static
../Drivers/STM32U5xx_HAL_Driver/Src/stm32u5xx_hal.c:428:10:HAL_GetREVID	0	static
../Drivers/STM32U5xx_HAL_Driver/Src/stm32u5xx_hal.c:437:10:HAL_GetDEVID	0	static
../Drivers/STM32U5xx_HAL_Driver/Src/stm32u5xx_hal.c:466:6:HAL_DBGMCU_EnableDBGStopMode	0	static
../Drivers/STM32U5xx_HAL_Driver/Src/stm32u5xx_hal.c:475:6:HAL_DBGMCU_DisableDBGStopMode	0	static
../Drivers/STM32U5xx_HAL_Driver/Src/stm32u5xx_hal.c:484:6:HAL_DBGMCU_EnableDBGStandbyMode	0	static
../Drivers/STM32U5xx_HAL_Driver/Src/stm32u5xx_hal.c:493:6:HAL_DBGMCU_DisableDBGStandbyMode	0	static
../Drivers/STM32U5xx_HAL_Driver/Src/stm32u5xx_hal.c:532:6:HAL_SYSCFG_VREFBUF_VoltageScalingConfig	0	static
../Drivers/STM32U5xx_HAL_Driver/Src/stm32u5xx_hal.c:548:6:HAL_SYSCFG_VREFBUF_HighImpedanceConfig	0	static
../Drivers/STM32U5xx_HAL_Driver/Src/stm32u5xx_hal.c:560:6:HAL_SYSCFG_VREFBUF_TrimmingConfig	0	static
../Drivers/STM32U5xx_HAL_Driver/Src/stm32u5xx_hal.c:572:19:HAL_SYSCFG_EnableVREFBUF	16	static
../Drivers/STM32U5xx_HAL_Driver/Src/stm32u5xx_hal.c:598:6:HAL_SYSCFG_DisableVREFBUF	0	static
../Drivers/STM32U5xx_HAL_Driver/Src/stm32u5xx_hal.c:608:6:HAL_SYSCFG_EnableIOAnalogSwitchBooster	0	static
../Drivers/STM32U5xx_HAL_Driver/Src/stm32u5xx_hal.c:618:6:HAL_SYSCFG_DisableIOAnalogSwitchBooster	0	static
../Drivers/STM32U5xx_HAL_Driver/Src/stm32u5xx_hal.c:630:6:HAL_SYSCFG_EnableVddCompensationCell	0	static
../Drivers/STM32U5xx_HAL_Driver/Src/stm32u5xx_hal.c:642:6:HAL_SYSCFG_EnableVddIO2CompensationCell	0	static
../Drivers/STM32U5xx_HAL_Driver/Src/stm32u5xx_hal.c:665:6:HAL_SYSCFG_DisableVddCompensationCell	0	static
../Drivers/STM32U5xx_HAL_Driver/Src/stm32u5xx_hal.c:677:6:HAL_SYSCFG_DisableVddIO2CompensationCell	0	static
../Drivers/STM32U5xx_HAL_Driver/Src/stm32u5xx_hal.c:717:6:HAL_SYSCFG_Lock	0	static
../Drivers/STM32U5xx_HAL_Driver/Src/stm32u5xx_hal.c:738:19:HAL_SYSCFG_GetLock	0	static
