../Drivers/STM32U5xx_HAL_Driver/Src/stm32u5xx_hal_dma_ex.c:4224:17:DMA_List_FindNode	36	static
../Drivers/STM32U5xx_HAL_Driver/Src/stm32u5xx_hal_dma_ex.c:4616:13:DMA_List_UpdateStaticQueueNodesCLLR	20	static
../Drivers/STM32U5xx_HAL_Driver/Src/stm32u5xx_hal_dma_ex.c:4540:13:DMA_List_UpdateDynamicQueueNodesCLLR	48	static
../Drivers/STM32U5xx_HAL_Driver/Src/stm32u5xx_hal_dma_ex.c:601:19:HAL_DMAEx_List_Init	16	static
../Drivers/STM32U5xx_HAL_Driver/Src/stm32u5xx_hal_dma_ex.c:670:19:HAL_DMAEx_List_DeInit	24	static
../Drivers/STM32U5xx_HAL_Driver/Src/stm32u5xx_hal_dma_ex.c:807:19:HAL_DMAEx_List_Start	12	static
../Drivers/STM32U5xx_HAL_Driver/Src/stm32u5xx_hal_dma_ex.c:869:19:HAL_DMAEx_List_Start_IT	4	static
../Drivers/STM32U5xx_HAL_Driver/Src/stm32u5xx_hal_dma_ex.c:1035:19:HAL_DMAEx_List_BuildNode	16	static
../Drivers/STM32U5xx_HAL_Driver/Src/stm32u5xx_hal_dma_ex.c:1109:19:HAL_DMAEx_List_GetNodeConfig	8	static
../Drivers/STM32U5xx_HAL_Driver/Src/stm32u5xx_hal_dma_ex.c:1133:19:HAL_DMAEx_List_InsertNode	56	static
../Drivers/STM32U5xx_HAL_Driver/Src/stm32u5xx_hal_dma_ex.c:1263:19:HAL_DMAEx_List_InsertNode_Head	12	static
../Drivers/STM32U5xx_HAL_Driver/Src/stm32u5xx_hal_dma_ex.c:1342:19:HAL_DMAEx_List_InsertNode_Tail	24	static
../Drivers/STM32U5xx_HAL_Driver/Src/stm32u5xx_hal_dma_ex.c:1429:19:HAL_DMAEx_List_RemoveNode	36	static
../Drivers/STM32U5xx_HAL_Driver/Src/stm32u5xx_hal_dma_ex.c:1570:19:HAL_DMAEx_List_RemoveNode_Head	20	static
../Drivers/STM32U5xx_HAL_Driver/Src/stm32u5xx_hal_dma_ex.c:1667:19:HAL_DMAEx_List_RemoveNode_Tail	20	static
../Drivers/STM32U5xx_HAL_Driver/Src/stm32u5xx_hal_dma_ex.c:1762:19:HAL_DMAEx_List_ReplaceNode	48	static
../Drivers/STM32U5xx_HAL_Driver/Src/stm32u5xx_hal_dma_ex.c:1925:19:HAL_DMAEx_List_ReplaceNode_Head	28	static
../Drivers/STM32U5xx_HAL_Driver/Src/stm32u5xx_hal_dma_ex.c:2022:19:HAL_DMAEx_List_ReplaceNode_Tail	36	static
../Drivers/STM32U5xx_HAL_Driver/Src/stm32u5xx_hal_dma_ex.c:2113:19:HAL_DMAEx_List_ResetQ	24	static
../Drivers/STM32U5xx_HAL_Driver/Src/stm32u5xx_hal_dma_ex.c:2185:19:HAL_DMAEx_List_InsertQ	64	static
../Drivers/STM32U5xx_HAL_Driver/Src/stm32u5xx_hal_dma_ex.c:2393:19:HAL_DMAEx_List_InsertQ_Head	36	static
../Drivers/STM32U5xx_HAL_Driver/Src/stm32u5xx_hal_dma_ex.c:2530:19:HAL_DMAEx_List_InsertQ_Tail	72	static
../Drivers/STM32U5xx_HAL_Driver/Src/stm32u5xx_hal_dma_ex.c:2666:19:HAL_DMAEx_List_SetCircularModeConfig	48	static
../Drivers/STM32U5xx_HAL_Driver/Src/stm32u5xx_hal_dma_ex.c:2761:19:HAL_DMAEx_List_SetCircularMode	24	static
../Drivers/STM32U5xx_HAL_Driver/Src/stm32u5xx_hal_dma_ex.c:2844:19:HAL_DMAEx_List_ClearCircularMode	16	static
../Drivers/STM32U5xx_HAL_Driver/Src/stm32u5xx_hal_dma_ex.c:2915:19:HAL_DMAEx_List_ConvertQToDynamic	136	static
../Drivers/STM32U5xx_HAL_Driver/Src/stm32u5xx_hal_dma_ex.c:3017:19:HAL_DMAEx_List_ConvertQToStatic	176	static
../Drivers/STM32U5xx_HAL_Driver/Src/stm32u5xx_hal_dma_ex.c:3094:19:HAL_DMAEx_List_LinkQ	0	static
../Drivers/STM32U5xx_HAL_Driver/Src/stm32u5xx_hal_dma_ex.c:3175:19:HAL_DMAEx_List_UnLinkQ	0	static
../Drivers/STM32U5xx_HAL_Driver/Src/stm32u5xx_hal_dma_ex.c:3245:19:HAL_DMAEx_ConfigDataHandling	4	static
../Drivers/STM32U5xx_HAL_Driver/Src/stm32u5xx_hal_dma_ex.c:3285:19:HAL_DMAEx_ConfigTrigger	4	static
../Drivers/STM32U5xx_HAL_Driver/Src/stm32u5xx_hal_dma_ex.c:3330:19:HAL_DMAEx_ConfigRepeatBlock	8	static
../Drivers/STM32U5xx_HAL_Driver/Src/stm32u5xx_hal_dma_ex.c:3469:19:HAL_DMAEx_Suspend	16	static
../Drivers/STM32U5xx_HAL_Driver/Src/stm32u5xx_hal_dma_ex.c:3528:19:HAL_DMAEx_Suspend_IT	0	static
../Drivers/STM32U5xx_HAL_Driver/Src/stm32u5xx_hal_dma_ex.c:3562:19:HAL_DMAEx_Resume	0	static
../Drivers/STM32U5xx_HAL_Driver/Src/stm32u5xx_hal_dma_ex.c:3623:10:HAL_DMAEx_GetFifoLevel	0	static
