../Drivers/STM32U5xx_HAL_Driver/Src/stm32u5xx_hal_sram.c:258:13:HAL_SRAM_MspInit	0	static
../Drivers/STM32U5xx_HAL_Driver/Src/stm32u5xx_hal_sram.c:167:19:HAL_SRAM_Init	16	static
../Drivers/STM32U5xx_HAL_Driver/Src/stm32u5xx_hal_sram.c:274:13:HAL_SRAM_MspDeInit	0	static
../Drivers/STM32U5xx_HAL_Driver/Src/stm32u5xx_hal_sram.c:225:19:HAL_SRAM_DeInit	8	static
../Drivers/STM32U5xx_HAL_Driver/Src/stm32u5xx_hal_sram.c:290:13:HAL_SRAM_DMA_XferCpltCallback	0	static
../Drivers/STM32U5xx_HAL_Driver/Src/stm32u5xx_hal_sram.c:1184:13:SRAM_DMACpltProt	8	static
../Drivers/STM32U5xx_HAL_Driver/Src/stm32u5xx_hal_sram.c:1162:13:SRAM_DMACplt	8	static
../Drivers/STM32U5xx_HAL_Driver/Src/stm32u5xx_hal_sram.c:306:13:HAL_SRAM_DMA_XferErrorCallback	0	static
../Drivers/STM32U5xx_HAL_Driver/Src/stm32u5xx_hal_sram.c:1206:13:SRAM_DMAError	8	static
../Drivers/STM32U5xx_HAL_Driver/Src/stm32u5xx_hal_sram.c:343:19:HAL_SRAM_Read_8b	8	static
../Drivers/STM32U5xx_HAL_Driver/Src/stm32u5xx_hal_sram.c:391:19:HAL_SRAM_Write_8b	4	static
../Drivers/STM32U5xx_HAL_Driver/Src/stm32u5xx_hal_sram.c:438:19:HAL_SRAM_Read_16b	16	static
../Drivers/STM32U5xx_HAL_Driver/Src/stm32u5xx_hal_sram.c:498:19:HAL_SRAM_Write_16b	12	static
../Drivers/STM32U5xx_HAL_Driver/Src/stm32u5xx_hal_sram.c:557:19:HAL_SRAM_Read_32b	8	static
../Drivers/STM32U5xx_HAL_Driver/Src/stm32u5xx_hal_sram.c:605:19:HAL_SRAM_Write_32b	4	static
../Drivers/STM32U5xx_HAL_Driver/Src/stm32u5xx_hal_sram.c:652:19:HAL_SRAM_Read_DMA	16	static
../Drivers/STM32U5xx_HAL_Driver/Src/stm32u5xx_hal_sram.c:762:19:HAL_SRAM_Write_DMA	16	static
../Drivers/STM32U5xx_HAL_Driver/Src/stm32u5xx_hal_sram.c:1057:19:HAL_SRAM_WriteOperation_Enable	16	static
../Drivers/STM32U5xx_HAL_Driver/Src/stm32u5xx_hal_sram.c:1091:19:HAL_SRAM_WriteOperation_Disable	8	static
../Drivers/STM32U5xx_HAL_Driver/Src/stm32u5xx_hal_sram.c:1144:23:HAL_SRAM_GetState	0	static
