../Drivers/STM32U5xx_HAL_Driver/Src/stm32u5xx_hal_pcd.c:287:13:HAL_PCD_MspInit	0	static
../Drivers/STM32U5xx_HAL_Driver/Src/stm32u5xx_hal_pcd.c:123:19:HAL_PCD_Init	64	static
../Drivers/STM32U5xx_HAL_Driver/Src/stm32u5xx_hal_pcd.c:302:13:HAL_PCD_MspDeInit	0	static
../Drivers/STM32U5xx_HAL_Driver/Src/stm32u5xx_hal_pcd.c:248:19:HAL_PCD_DeInit	16	static
../Drivers/STM32U5xx_HAL_Driver/Src/stm32u5xx_hal_pcd.c:1005:19:HAL_PCD_Start	8	static
../Drivers/STM32U5xx_HAL_Driver/Src/stm32u5xx_hal_pcd.c:1031:19:HAL_PCD_Stop	16	static
../Drivers/STM32U5xx_HAL_Driver/Src/stm32u5xx_hal_pcd.c:1524:13:HAL_PCD_DataOutStageCallback	0	static
../Drivers/STM32U5xx_HAL_Driver/Src/stm32u5xx_hal_pcd.c:1541:13:HAL_PCD_DataInStageCallback	0	static
../Drivers/STM32U5xx_HAL_Driver/Src/stm32u5xx_hal_pcd.c:1556:13:HAL_PCD_SetupStageCallback	0	static
../Drivers/STM32U5xx_HAL_Driver/Src/stm32u5xx_hal_pcd.c:1571:13:HAL_PCD_SOFCallback	0	static
../Drivers/STM32U5xx_HAL_Driver/Src/stm32u5xx_hal_pcd.c:1586:13:HAL_PCD_ResetCallback	0	static
../Drivers/STM32U5xx_HAL_Driver/Src/stm32u5xx_hal_pcd.c:1601:13:HAL_PCD_SuspendCallback	0	static
../Drivers/STM32U5xx_HAL_Driver/Src/stm32u5xx_hal_pcd.c:1616:13:HAL_PCD_ResumeCallback	0	static
../Drivers/STM32U5xx_HAL_Driver/Src/stm32u5xx_hal_pcd.c:1632:13:HAL_PCD_ISOOUTIncompleteCallback	0	static
../Drivers/STM32U5xx_HAL_Driver/Src/stm32u5xx_hal_pcd.c:1649:13:HAL_PCD_ISOINIncompleteCallback	0	static
../Drivers/STM32U5xx_HAL_Driver/Src/stm32u5xx_hal_pcd.c:1665:13:HAL_PCD_ConnectCallback	0	static
../Drivers/STM32U5xx_HAL_Driver/Src/stm32u5xx_hal_pcd.c:1680:13:HAL_PCD_DisconnectCallback	0	static
../Drivers/STM32U5xx_HAL_Driver/Src/stm32u5xx_hal_pcd.c:1062:6:HAL_PCD_IRQHandler	72	static
../Drivers/STM32U5xx_HAL_Driver/Src/stm32u5xx_hal_pcd.c:1714:19:HAL_PCD_DevConnect	8	static
../Drivers/STM32U5xx_HAL_Driver/Src/stm32u5xx_hal_pcd.c:1741:19:HAL_PCD_DevDisconnect	16	static
../Drivers/STM32U5xx_HAL_Driver/Src/stm32u5xx_hal_pcd.c:1769:19:HAL_PCD_SetAddress	8	static
../Drivers/STM32U5xx_HAL_Driver/Src/stm32u5xx_hal_pcd.c:1786:19:HAL_PCD_EP_Open	8	static
../Drivers/STM32U5xx_HAL_Driver/Src/stm32u5xx_hal_pcd.c:1831:19:HAL_PCD_EP_Close	8	static
../Drivers/STM32U5xx_HAL_Driver/Src/stm32u5xx_hal_pcd.c:1862:19:HAL_PCD_EP_Receive	16	static
../Drivers/STM32U5xx_HAL_Driver/Src/stm32u5xx_hal_pcd.c:1898:10:HAL_PCD_EP_GetRxCount	0	static
../Drivers/STM32U5xx_HAL_Driver/Src/stm32u5xx_hal_pcd.c:1910:19:HAL_PCD_EP_Transmit	16	static
../Drivers/STM32U5xx_HAL_Driver/Src/stm32u5xx_hal_pcd.c:1946:19:HAL_PCD_EP_SetStall	16	static
../Drivers/STM32U5xx_HAL_Driver/Src/stm32u5xx_hal_pcd.c:1989:19:HAL_PCD_EP_ClrStall	16	static
../Drivers/STM32U5xx_HAL_Driver/Src/stm32u5xx_hal_pcd.c:2025:19:HAL_PCD_EP_Abort	0	static
../Drivers/STM32U5xx_HAL_Driver/Src/stm32u5xx_hal_pcd.c:2051:19:HAL_PCD_EP_Flush	8	static
../Drivers/STM32U5xx_HAL_Driver/Src/stm32u5xx_hal_pcd.c:2074:19:HAL_PCD_ActivateRemoteWakeup	0	static
../Drivers/STM32U5xx_HAL_Driver/Src/stm32u5xx_hal_pcd.c:2084:19:HAL_PCD_DeActivateRemoteWakeup	0	static
../Drivers/STM32U5xx_HAL_Driver/Src/stm32u5xx_hal_pcd.c:2113:18:HAL_PCD_GetState	0	static
../Drivers/STM32U5xx_HAL_Driver/Src/stm32u5xx_hal_pcd.c:2124:19:HAL_PCD_SetTestMode	0	static
