../Drivers/STM32U5xx_HAL_Driver/Src/stm32u5xx_hal_pwr.c:203:6:HAL_PWR_DeInit	0	static
../Drivers/STM32U5xx_HAL_Driver/Src/stm32u5xx_hal_pwr.c:215:6:HAL_PWR_EnableBkUpAccess	0	static
../Drivers/STM32U5xx_HAL_Driver/Src/stm32u5xx_hal_pwr.c:226:6:HAL_PWR_DisableBkUpAccess	0	static
../Drivers/STM32U5xx_HAL_Driver/Src/stm32u5xx_hal_pwr.c:387:19:HAL_PWR_ConfigPVD	4	static
../Drivers/STM32U5xx_HAL_Driver/Src/stm32u5xx_hal_pwr.c:439:6:HAL_PWR_EnablePVD	0	static
../Drivers/STM32U5xx_HAL_Driver/Src/stm32u5xx_hal_pwr.c:448:6:HAL_PWR_DisablePVD	0	static
../Drivers/STM32U5xx_HAL_Driver/Src/stm32u5xx_hal_pwr.c:470:6:HAL_PWR_EnableWakeUpPin	0	static,ignoring_inline_asm
../Drivers/STM32U5xx_HAL_Driver/Src/stm32u5xx_hal_pwr.c:501:6:HAL_PWR_DisableWakeUpPin	0	static
../Drivers/STM32U5xx_HAL_Driver/Src/stm32u5xx_hal_pwr.c:534:6:HAL_PWR_EnterSLEEPMode	0	static,ignoring_inline_asm
../Drivers/STM32U5xx_HAL_Driver/Src/stm32u5xx_hal_pwr.c:589:6:HAL_PWR_EnterSTOPMode	0	static,ignoring_inline_asm
../Drivers/STM32U5xx_HAL_Driver/Src/stm32u5xx_hal_pwr.c:638:6:HAL_PWR_EnterSTANDBYMode	0	static,ignoring_inline_asm
../Drivers/STM32U5xx_HAL_Driver/Src/stm32u5xx_hal_pwr.c:664:6:HAL_PWR_EnableSleepOnExit	0	static
../Drivers/STM32U5xx_HAL_Driver/Src/stm32u5xx_hal_pwr.c:677:6:HAL_PWR_DisableSleepOnExit	0	static
../Drivers/STM32U5xx_HAL_Driver/Src/stm32u5xx_hal_pwr.c:690:6:HAL_PWR_EnableSEVOnPend	0	static
../Drivers/STM32U5xx_HAL_Driver/Src/stm32u5xx_hal_pwr.c:702:6:HAL_PWR_DisableSEVOnPend	0	static
../Drivers/STM32U5xx_HAL_Driver/Src/stm32u5xx_hal_pwr.c:738:13:HAL_PWR_PVDCallback	0	static
../Drivers/STM32U5xx_HAL_Driver/Src/stm32u5xx_hal_pwr.c:713:6:HAL_PWR_PVD_IRQHandler	8	static
../Drivers/STM32U5xx_HAL_Driver/Src/stm32u5xx_hal_pwr.c:834:6:HAL_PWR_ConfigAttributes	0	static
../Drivers/STM32U5xx_HAL_Driver/Src/stm32u5xx_hal_pwr.c:899:19:HAL_PWR_GetConfigAttributes	0	static
