../Drivers/STM32U5xx_HAL_Driver/Src/stm32u5xx_ll_dma.c:274:10:LL_DMA_DeInit	8	static
../Drivers/STM32U5xx_HAL_Driver/Src/stm32u5xx_ll_dma.c:392:10:LL_DMA_Init	32	static
../Drivers/STM32U5xx_HAL_Driver/Src/stm32u5xx_ll_dma.c:613:6:LL_DMA_StructInit	0	static
../Drivers/STM32U5xx_HAL_Driver/Src/stm32u5xx_ll_dma.c:660:6:LL_DMA_ListStructInit	0	static
../Drivers/STM32U5xx_HAL_Driver/Src/stm32u5xx_ll_dma.c:698:10:LL_DMA_List_DeInit	8	static
../Drivers/STM32U5xx_HAL_Driver/Src/stm32u5xx_ll_dma.c:735:10:LL_DMA_List_Init	4	static
../Drivers/STM32U5xx_HAL_Driver/Src/stm32u5xx_ll_dma.c:776:6:LL_DMA_NodeStructInit	4	static
../Drivers/STM32U5xx_HAL_Driver/Src/stm32u5xx_ll_dma.c:833:10:LL_DMA_CreateLinkNode	36	static
../Drivers/STM32U5xx_HAL_Driver/Src/stm32u5xx_ll_dma.c:1145:6:LL_DMA_ConnectLinkNode	4	static
../Drivers/STM32U5xx_HAL_Driver/Src/stm32u5xx_ll_dma.c:1160:6:LL_DMA_DisconnectNextLinkNode	0	static
