Archive member included to satisfy reference by file (symbol)

c:/st/stm32cubeide_1.6.1/stm32cubeide/plugins/com.st.stm32cube.ide.mcu.externaltools.gnu-tools-for-stm32.10.3-2021.10.win32_1.0.0.202111181127/tools/bin/../lib/gcc/arm-none-eabi/10.3.1/../../../../arm-none-eabi/lib/thumb/v8-m.main+fp/hard\libc_nano.a(lib_a-errno.o)
                              ./Core/Src/syscalls.o (__errno)
c:/st/stm32cubeide_1.6.1/stm32cubeide/plugins/com.st.stm32cube.ide.mcu.externaltools.gnu-tools-for-stm32.10.3-2021.10.win32_1.0.0.202111181127/tools/bin/../lib/gcc/arm-none-eabi/10.3.1/../../../../arm-none-eabi/lib/thumb/v8-m.main+fp/hard\libc_nano.a(lib_a-exit.o)
                              c:/st/stm32cubeide_1.6.1/stm32cubeide/plugins/com.st.stm32cube.ide.mcu.externaltools.gnu-tools-for-stm32.10.3-2021.10.win32_1.0.0.202111181127/tools/bin/../lib/gcc/arm-none-eabi/10.3.1/../../../../arm-none-eabi/lib/thumb/v8-m.main+fp/hard/crt0.o (exit)
c:/st/stm32cubeide_1.6.1/stm32cubeide/plugins/com.st.stm32cube.ide.mcu.externaltools.gnu-tools-for-stm32.10.3-2021.10.win32_1.0.0.202111181127/tools/bin/../lib/gcc/arm-none-eabi/10.3.1/../../../../arm-none-eabi/lib/thumb/v8-m.main+fp/hard\libc_nano.a(lib_a-impure.o)
                              c:/st/stm32cubeide_1.6.1/stm32cubeide/plugins/com.st.stm32cube.ide.mcu.externaltools.gnu-tools-for-stm32.10.3-2021.10.win32_1.0.0.202111181127/tools/bin/../lib/gcc/arm-none-eabi/10.3.1/../../../../arm-none-eabi/lib/thumb/v8-m.main+fp/hard\libc_nano.a(lib_a-exit.o) (_global_impure_ptr)
c:/st/stm32cubeide_1.6.1/stm32cubeide/plugins/com.st.stm32cube.ide.mcu.externaltools.gnu-tools-for-stm32.10.3-2021.10.win32_1.0.0.202111181127/tools/bin/../lib/gcc/arm-none-eabi/10.3.1/../../../../arm-none-eabi/lib/thumb/v8-m.main+fp/hard\libc_nano.a(lib_a-init.o)
                              c:/st/stm32cubeide_1.6.1/stm32cubeide/plugins/com.st.stm32cube.ide.mcu.externaltools.gnu-tools-for-stm32.10.3-2021.10.win32_1.0.0.202111181127/tools/bin/../lib/gcc/arm-none-eabi/10.3.1/../../../../arm-none-eabi/lib/thumb/v8-m.main+fp/hard/crt0.o (__libc_init_array)
c:/st/stm32cubeide_1.6.1/stm32cubeide/plugins/com.st.stm32cube.ide.mcu.externaltools.gnu-tools-for-stm32.10.3-2021.10.win32_1.0.0.202111181127/tools/bin/../lib/gcc/arm-none-eabi/10.3.1/../../../../arm-none-eabi/lib/thumb/v8-m.main+fp/hard\libc_nano.a(lib_a-memset.o)
                              c:/st/stm32cubeide_1.6.1/stm32cubeide/plugins/com.st.stm32cube.ide.mcu.externaltools.gnu-tools-for-stm32.10.3-2021.10.win32_1.0.0.202111181127/tools/bin/../lib/gcc/arm-none-eabi/10.3.1/../../../../arm-none-eabi/lib/thumb/v8-m.main+fp/hard/crt0.o (memset)
c:/st/stm32cubeide_1.6.1/stm32cubeide/plugins/com.st.stm32cube.ide.mcu.externaltools.gnu-tools-for-stm32.10.3-2021.10.win32_1.0.0.202111181127/tools/bin/../lib/gcc/arm-none-eabi/10.3.1/thumb/v8-m.main+fp/hard\libgcc.a(_aeabi_uldivmod.o)
                              ./Drivers/STM32U5xx_HAL_Driver/Src/stm32u5xx_hal_uart.o (__aeabi_uldivmod)
c:/st/stm32cubeide_1.6.1/stm32cubeide/plugins/com.st.stm32cube.ide.mcu.externaltools.gnu-tools-for-stm32.10.3-2021.10.win32_1.0.0.202111181127/tools/bin/../lib/gcc/arm-none-eabi/10.3.1/thumb/v8-m.main+fp/hard\libgcc.a(_udivmoddi4.o)
                              c:/st/stm32cubeide_1.6.1/stm32cubeide/plugins/com.st.stm32cube.ide.mcu.externaltools.gnu-tools-for-stm32.10.3-2021.10.win32_1.0.0.202111181127/tools/bin/../lib/gcc/arm-none-eabi/10.3.1/thumb/v8-m.main+fp/hard\libgcc.a(_aeabi_uldivmod.o) (__udivmoddi4)
c:/st/stm32cubeide_1.6.1/stm32cubeide/plugins/com.st.stm32cube.ide.mcu.externaltools.gnu-tools-for-stm32.10.3-2021.10.win32_1.0.0.202111181127/tools/bin/../lib/gcc/arm-none-eabi/10.3.1/thumb/v8-m.main+fp/hard\libgcc.a(_dvmd_tls.o)
                              c:/st/stm32cubeide_1.6.1/stm32cubeide/plugins/com.st.stm32cube.ide.mcu.externaltools.gnu-tools-for-stm32.10.3-2021.10.win32_1.0.0.202111181127/tools/bin/../lib/gcc/arm-none-eabi/10.3.1/thumb/v8-m.main+fp/hard\libgcc.a(_aeabi_uldivmod.o) (__aeabi_ldiv0)

Discarded input sections

 .text          0x0000000000000000        0x0 c:/st/stm32cubeide_1.6.1/stm32cubeide/plugins/com.st.stm32cube.ide.mcu.externaltools.gnu-tools-for-stm32.10.3-2021.10.win32_1.0.0.202111181127/tools/bin/../lib/gcc/arm-none-eabi/10.3.1/thumb/v8-m.main+fp/hard/crti.o
 .data          0x0000000000000000        0x0 c:/st/stm32cubeide_1.6.1/stm32cubeide/plugins/com.st.stm32cube.ide.mcu.externaltools.gnu-tools-for-stm32.10.3-2021.10.win32_1.0.0.202111181127/tools/bin/../lib/gcc/arm-none-eabi/10.3.1/thumb/v8-m.main+fp/hard/crti.o
 .bss           0x0000000000000000        0x0 c:/st/stm32cubeide_1.6.1/stm32cubeide/plugins/com.st.stm32cube.ide.mcu.externaltools.gnu-tools-for-stm32.10.3-2021.10.win32_1.0.0.202111181127/tools/bin/../lib/gcc/arm-none-eabi/10.3.1/thumb/v8-m.main+fp/hard/crti.o
[...]
Memory Configuration

Name             Origin             Length             Attributes
RAM              0x0000000020000000 0x00000000000c0000 xrw
SRAM4            0x0000000028000000 0x0000000000004000 xrw
FLASH            0x0000000008000000 0x0000000000200000 xr
*default*        0x0000000000000000 0xffffffffffffffff

Linker script and memory map

LOAD c:/st/stm32cubeide_1.6.1/stm32cubeide/plugins/com.st.stm32cube.ide.mcu.externaltools.gnu-tools-for-stm32.10.3-2021.10.win32_1.0.0.202111181127/tools/bin/../lib/gcc/arm-none-eabi/10.3.1/thumb/v8-m.main+fp/hard/crti.o
LOAD c:/st/stm32cubeide_1.6.1/stm32cubeide/plugins/com.st.stm32cube.ide.mcu.externaltools.gnu-tools-for-stm32.10.3-2021.10.win32_1.0.0.202111181127/tools/bin/../lib/gcc/arm-none-eabi/10.3.1/thumb/v8-m.main+fp/hard/crtbegin.o
LOAD c:/st/stm32cubeide_1.6.1/stm32cubeide/plugins/com.st.stm32cube.ide.mcu.externaltools.gnu-tools-for-stm32.10.3-2021.10.win32_1.0.0.202111181127/tools/bin/../lib/gcc/arm-none-eabi/10.3.1/../../../../arm-none-eabi/lib/thumb/v8-m.main+fp/hard/crt0.o
LOAD ./Core/Src/main.o
LOAD ./Core/Src/stm32u5xx_hal_msp.o
LOAD ./Core/Src/stm32u5xx_it.o
LOAD ./Core/Src/syscalls.o
LOAD ./Core/Src/sysmem.o
LOAD ./Core/Src/system_stm32u5xx.o
LOAD ./Core/Startup/startup_stm32u575zitxq.o
LOAD ./Drivers/STM32U5xx_HAL_Driver/Src/stm32u5xx_hal.o
LOAD ./Drivers/STM32U5xx_HAL_Driver/Src/stm32u5xx_hal_adc.o
LOAD ./Drivers/STM32U5xx_HAL_Driver/Src/stm32u5xx_hal_adc_ex.o
LOAD ./Drivers/STM32U5xx_HAL_Driver/Src/stm32u5xx_hal_cortex.o
LOAD ./Drivers/STM32U5xx_HAL_Driver/Src/stm32u5xx_hal_dma.o
LOAD ./Drivers/STM32U5xx_HAL_Driver/Src/stm32u5xx_hal_dma_ex.o
LOAD ./Drivers/STM32U5xx_HAL_Driver/Src/stm32u5xx_hal_exti.o
LOAD ./Drivers/STM32U5xx_HAL_Driver/Src/stm32u5xx_hal_flash.o
LOAD ./Drivers/STM32U5xx_HAL_Driver/Src/stm32u5xx_hal_flash_ex.o
LOAD ./Drivers/STM32U5xx_HAL_Driver/Src/stm32u5xx_hal_gpio.o
LOAD ./Drivers/STM32U5xx_HAL_Driver/Src/stm32u5xx_hal_gtzc.o
LOAD ./Drivers/STM32U5xx_HAL_Driver/Src/stm32u5xx_hal_i2c.o
LOAD ./Drivers/STM32U5xx_HAL_Driver/Src/stm32u5xx_hal_i2c_ex.o
LOAD ./Drivers/STM32U5xx_HAL_Driver/Src/stm32u5xx_hal_icache.o
LOAD ./Drivers/STM32U5xx_HAL_Driver/Src/stm32u5xx_hal_pcd.o
LOAD ./Drivers/STM32U5xx_HAL_Driver/Src/stm32u5xx_hal_pcd_ex.o
LOAD ./Drivers/STM32U5xx_HAL_Driver/Src/stm32u5xx_hal_pwr.o
LOAD ./Drivers/STM32U5xx_HAL_Driver/Src/stm32u5xx_hal_pwr_ex.o
LOAD ./Drivers/STM32U5xx_HAL_Driver/Src/stm32u5xx_hal_rcc.o
LOAD ./Drivers/STM32U5xx_HAL_Driver/Src/stm32u5xx_hal_rcc_ex.o
LOAD ./Drivers/STM32U5xx_HAL_Driver/Src/stm32u5xx_hal_sram.o
LOAD ./Drivers/STM32U5xx_HAL_Driver/Src/stm32u5xx_hal_tim.o
LOAD ./Drivers/STM32U5xx_HAL_Driver/Src/stm32u5xx_hal_tim_ex.o
LOAD ./Drivers/STM32U5xx_HAL_Driver/Src/stm32u5xx_hal_uart.o
LOAD ./Drivers/STM32U5xx_HAL_Driver/Src/stm32u5xx_hal_uart_ex.o
LOAD ./Drivers/STM32U5xx_HAL_Driver/Src/stm32u5xx_ll_dma.o
LOAD ./Drivers/STM32U5xx_HAL_Driver/Src/stm32u5xx_ll_exti.o
LOAD ./Drivers/STM32U5xx_HAL_Driver/Src/stm32u5xx_ll_fmc.o
LOAD ./Drivers/STM32U5xx_HAL_Driver/Src/stm32u5xx_ll_gpio.o
LOAD ./Drivers/STM32U5xx_HAL_Driver/Src/stm32u5xx_ll_lpgpio.o
LOAD ./Drivers/STM32U5xx_HAL_Driver/Src/stm32u5xx_ll_ucpd.o
LOAD ./Drivers/STM32U5xx_HAL_Driver/Src/stm32u5xx_ll_usb.o
LOAD ./Drivers/STM32U5xx_HAL_Driver/Src/stm32u5xx_ll_utils.o
START GROUP
LOAD c:/st/stm32cubeide_1.6.1/stm32cubeide/plugins/com.st.stm32cube.ide.mcu.externaltools.gnu-tools-for-stm32.10.3-2021.10.win32_1.0.0.202111181127/tools/bin/../lib/gcc/arm-none-eabi/10.3.1/../../../../arm-none-eabi/lib/thumb/v8-m.main+fp/hard\libc_nano.a
LOAD c:/st/stm32cubeide_1.6.1/stm32cubeide/plugins/com.st.stm32cube.ide.mcu.externaltools.gnu-tools-for-stm32.10.3-2021.10.win32_1.0.0.202111181127/tools/bin/../lib/gcc/arm-none-eabi/10.3.1/../../../../arm-none-eabi/lib/thumb/v8-m.main+fp/hard\libm.a
END GROUP
START GROUP
LOAD c:/st/stm32cubeide_1.6.1/stm32cubeide/plugins/com.st.stm32cube.ide.mcu.externaltools.gnu-tools-for-stm32.10.3-2021.10.win32_1.0.0.202111181127/tools/bin/../lib/gcc/arm-none-eabi/10.3.1/thumb/v8-m.main+fp/hard\libgcc.a
LOAD c:/st/stm32cubeide_1.6.1/stm32cubeide/plugins/com.st.stm32cube.ide.mcu.externaltools.gnu-tools-for-stm32.10.3-2021.10.win32_1.0.0.202111181127/tools/bin/../lib/gcc/arm-none-eabi/10.3.1/../../../../arm-none-eabi/lib/thumb/v8-m.main+fp/hard\libc_nano.a
END GROUP
START GROUP
LOAD c:/st/stm32cubeide_1.6.1/stm32cubeide/plugins/com.st.stm32cube.ide.mcu.externaltools.gnu-tools-for-stm32.10.3-2021.10.win32_1.0.0.202111181127/tools/bin/../lib/gcc/arm-none-eabi/10.3.1/thumb/v8-m.main+fp/hard\libgcc.a
LOAD c:/st/stm32cubeide_1.6.1/stm32cubeide/plugins/com.st.stm32cube.ide.mcu.externaltools.gnu-tools-for-stm32.10.3-2021.10.win32_1.0.0.202111181127/tools/bin/../lib/gcc/arm-none-eabi/10.3.1/../../../../arm-none-eabi/lib/thumb/v8-m.main+fp/hard\libc_nano.a
LOAD c:/st/stm32cubeide_1.6.1/stm32cubeide/plugins/com.st.stm32cube.ide.mcu.externaltools.gnu-tools-for-stm32.10.3-2021.10.win32_1.0.0.202111181127/tools/bin/../lib/gcc/arm-none-eabi/10.3.1/../../../../arm-none-eabi/lib/thumb/v8-m.main+fp/hard\libnosys.a
END GROUP
START GROUP
LOAD c:/st/stm32cubeide_1.6.1/stm32cubeide/plugins/com.st.stm32cube.ide.mcu.externaltools.gnu-tools-for-stm32.10.3-2021.10.win32_1.0.0.202111181127/tools/bin/../lib/gcc/arm-none-eabi/10.3.1/thumb/v8-m.main+fp/hard\libgcc.a
LOAD c:/st/stm32cubeide_1.6.1/stm32cubeide/plugins/com.st.stm32cube.ide.mcu.externaltools.gnu-tools-for-stm32.10.3-2021.10.win32_1.0.0.202111181127/tools/bin/../lib/gcc/arm-none-eabi/10.3.1/../../../../arm-none-eabi/lib/thumb/v8-m.main+fp/hard\libc_nano.a
LOAD c:/st/stm32cubeide_1.6.1/stm32cubeide/plugins/com.st.stm32cube.ide.mcu.externaltools.gnu-tools-for-stm32.10.3-2021.10.win32_1.0.0.202111181127/tools/bin/../lib/gcc/arm-none-eabi/10.3.1/../../../../arm-none-eabi/lib/thumb/v8-m.main+fp/hard\libnosys.a
END GROUP
LOAD c:/st/stm32cubeide_1.6.1/stm32cubeide/plugins/com.st.stm32cube.ide.mcu.externaltools.gnu-tools-for-stm32.10.3-2021.10.win32_1.0.0.202111181127/tools/bin/../lib/gcc/arm-none-eabi/10.3.1/thumb/v8-m.main+fp/hard/crtend.o
LOAD c:/st/stm32cubeide_1.6.1/stm32cubeide/plugins/com.st.stm32cube.ide.mcu.externaltools.gnu-tools-for-stm32.10.3-2021.10.win32_1.0.0.202111181127/tools/bin/../lib/gcc/arm-none-eabi/10.3.1/thumb/v8-m.main+fp/hard/crtn.o
                0x00000000200c0000                _estack = (ORIGIN (RAM) + LENGTH (RAM))
                0x0000000000000200                _Min_Heap_Size = 0x200
                0x0000000000000400                _Min_Stack_Size = 0x400

.isr_vector     0x0000000008000000      0x234
 *(.isr_vector)
 .isr_vector    0x0000000008000000      0x234 ./Core/Startup/startup_stm32u575zitxq.o
                0x0000000008000000                g_pfnVectors

.text           0x0000000008000234     0x8a98
 *(.text)
 .text          0x0000000008000234       0x40 c:/st/stm32cubeide_1.6.1/stm32cubeide/plugins/com.st.stm32cube.ide.mcu.externaltools.gnu-tools-for-stm32.10.3-2021.10.win32_1.0.0.202111181127/tools/bin/../lib/gcc/arm-none-eabi/10.3.1/thumb/v8-m.main+fp/hard/crtbegin.o
 .text          0x0000000008000274       0x30 c:/st/stm32cubeide_1.6.1/stm32cubeide/plugins/com.st.stm32cube.ide.mcu.externaltools.gnu-tools-for-stm32.10.3-2021.10.win32_1.0.0.202111181127/tools/bin/../lib/gcc/arm-none-eabi/10.3.1/thumb/v8-m.main+fp/hard\libgcc.a(_aeabi_uldivmod.o)
                0x0000000008000274                __aeabi_uldivmod
 .text          0x00000000080002a4      0x2ec c:/st/stm32cubeide_1.6.1/stm32cubeide/plugins/com.st.stm32cube.ide.mcu.externaltools.gnu-tools-for-stm32.10.3-2021.10.win32_1.0.0.202111181127/tools/bin/../lib/gcc/arm-none-eabi/10.3.1/thumb/v8-m.main+fp/hard\libgcc.a(_udivmoddi4.o)
                0x00000000080002a4                __udivmoddi4
 .text          0x0000000008000590        0x4 c:/st/stm32cubeide_1.6.1/stm32cubeide/plugins/com.st.stm32cube.ide.mcu.externaltools.gnu-tools-for-stm32.10.3-2021.10.win32_1.0.0.202111181127/tools/bin/../lib/gcc/arm-none-eabi/10.3.1/thumb/v8-m.main+fp/hard\libgcc.a(_dvmd_tls.o)
                0x0000000008000590                __aeabi_idiv0
                0x0000000008000590                __aeabi_ldiv0
 *(.text*)
 .text.LL_AHB2_GRP1_EnableClock
                0x0000000008000594       0x38 ./Core/Src/main.o
 .text.LL_APB1_GRP2_EnableClock
                0x00000000080005cc       0x38 ./Core/Src/main.o
 .text.main     0x0000000008000604       0x2a ./Core/Src/main.o
                0x0000000008000604                main
 .text.SystemClock_Config
                0x000000000800062e       0xc8 ./Core/Src/main.o
                0x000000000800062e                SystemClock_Config
 .text.SystemPower_Config
                0x00000000080006f6       0x1c ./Core/Src/main.o
 *fill*         0x0000000008000712        0x2 
 .text.MX_ADC1_Init
                0x0000000008000714       0x88 ./Core/Src/main.o
 .text.MX_UCPD1_Init
                0x000000000800079c       0x6c ./Core/Src/main.o
 .text.MX_USART1_UART_Init
                0x0000000008000808       0x98 ./Core/Src/main.o
 .text.MX_USB_OTG_FS_PCD_Init
                0x00000000080008a0       0x58 ./Core/Src/main.o
 .text.MX_FMC_Init
                0x00000000080008f8       0xd0 ./Core/Src/main.o
 .text.MX_GPIO_Init
                0x00000000080009c8      0x1c8 ./Core/Src/main.o
 .text.Error_Handler
                0x0000000008000b90        0xa ./Core/Src/main.o
                0x0000000008000b90                Error_Handler
 *fill*         0x0000000008000b9a        0x2 
 .text.HAL_MspInit
                0x0000000008000b9c       0x38 ./Core/Src/stm32u5xx_hal_msp.o
                0x0000000008000b9c                HAL_MspInit
 .text.HAL_ADC_MspInit
                0x0000000008000bd4       0xc8 ./Core/Src/stm32u5xx_hal_msp.o
                0x0000000008000bd4                HAL_ADC_MspInit
 .text.HAL_UART_MspInit
                0x0000000008000c9c       0xd0 ./Core/Src/stm32u5xx_hal_msp.o
                0x0000000008000c9c                HAL_UART_MspInit
 .text.HAL_PCD_MspInit
                0x0000000008000d6c      0x128 ./Core/Src/stm32u5xx_hal_msp.o
                0x0000000008000d6c                HAL_PCD_MspInit
 .text.HAL_FMC_MspInit
                0x0000000008000e94       0xc0 ./Core/Src/stm32u5xx_hal_msp.o
 .text.HAL_SRAM_MspInit
                0x0000000008000f54       0x14 ./Core/Src/stm32u5xx_hal_msp.o
                0x0000000008000f54                HAL_SRAM_MspInit
 .text.NMI_Handler
                0x0000000008000f68        0x6 ./Core/Src/stm32u5xx_it.o
                0x0000000008000f68                NMI_Handler
 .text.HardFault_Handler
                0x0000000008000f6e        0x6 ./Core/Src/stm32u5xx_it.o
                0x0000000008000f6e                HardFault_Handler
 .text.MemManage_Handler
                0x0000000008000f74        0x6 ./Core/Src/stm32u5xx_it.o
                0x0000000008000f74                MemManage_Handler
 .text.BusFault_Handler
                0x0000000008000f7a        0x6 ./Core/Src/stm32u5xx_it.o
                0x0000000008000f7a                BusFault_Handler
 .text.UsageFault_Handler
                0x0000000008000f80        0x6 ./Core/Src/stm32u5xx_it.o
                0x0000000008000f80                UsageFault_Handler
 .text.SVC_Handler
                0x0000000008000f86        0xe ./Core/Src/stm32u5xx_it.o
                0x0000000008000f86                SVC_Handler
 .text.DebugMon_Handler
                0x0000000008000f94        0xe ./Core/Src/stm32u5xx_it.o
                0x0000000008000f94                DebugMon_Handler
 .text.PendSV_Handler
                0x0000000008000fa2        0xe ./Core/Src/stm32u5xx_it.o
                0x0000000008000fa2                PendSV_Handler
 .text.SysTick_Handler
                0x0000000008000fb0        0xc ./Core/Src/stm32u5xx_it.o
                0x0000000008000fb0                SysTick_Handler
 .text.OTG_FS_IRQHandler
                0x0000000008000fbc       0x14 ./Core/Src/stm32u5xx_it.o
                0x0000000008000fbc                OTG_FS_IRQHandler
 .text.SystemInit
                0x0000000008000fd0       0x70 ./Core/Src/system_stm32u5xx.o
                0x0000000008000fd0                SystemInit
 .text.Reset_Handler
                0x0000000008001040       0x50 ./Core/Startup/startup_stm32u575zitxq.o
                0x0000000008001040                Reset_Handler
 .text.Default_Handler
                0x0000000008001090        0x2 ./Core/Startup/startup_stm32u575zitxq.o
                0x0000000008001090                EXTI2_IRQHandler
                0x0000000008001090                TIM8_TRG_COM_IRQHandler
                0x0000000008001090                TIM8_CC_IRQHandler
                0x0000000008001090                EXTI5_IRQHandler
                0x0000000008001090                FLASH_S_IRQHandler
                0x0000000008001090                EXTI13_IRQHandler
                0x0000000008001090                TIM1_CC_IRQHandler
                0x0000000008001090                TSC_IRQHandler
                0x0000000008001090                TAMP_IRQHandler
                0x0000000008001090                TIM6_IRQHandler
                0x0000000008001090                EXTI12_IRQHandler
                0x0000000008001090                CORDIC_IRQHandler
                0x0000000008001090                EXTI3_IRQHandler
                0x0000000008001090                LPTIM4_IRQHandler
                0x0000000008001090                GPDMA1_Channel5_IRQHandler
                0x0000000008001090                EXTI8_IRQHandler
                0x0000000008001090                LPTIM2_IRQHandler
                0x0000000008001090                I2C3_ER_IRQHandler
                0x0000000008001090                PWR_S3WU_IRQHandler
                0x0000000008001090                MDF1_FLT2_IRQHandler
                0x0000000008001090                LPDMA1_Channel3_IRQHandler
                0x0000000008001090                LPTIM3_IRQHandler
                0x0000000008001090                EXTI0_IRQHandler
                0x0000000008001090                I2C2_EV_IRQHandler
                0x0000000008001090                FPU_IRQHandler
                0x0000000008001090                GPDMA1_Channel3_IRQHandler
                0x0000000008001090                GPDMA1_Channel7_IRQHandler
                0x0000000008001090                MDF1_FLT4_IRQHandler
                0x0000000008001090                FDCAN1_IT1_IRQHandler
                0x0000000008001090                RAMCFG_IRQHandler
                0x0000000008001090                GPDMA1_Channel9_IRQHandler
                0x0000000008001090                DCACHE1_IRQHandler
                0x0000000008001090                SPI1_IRQHandler
                0x0000000008001090                OCTOSPI1_IRQHandler
                0x0000000008001090                GPDMA1_Channel2_IRQHandler
                0x0000000008001090                TIM8_UP_IRQHandler
                0x0000000008001090                RCC_S_IRQHandler
                0x0000000008001090                OCTOSPI2_IRQHandler
                0x0000000008001090                SAI2_IRQHandler
                0x0000000008001090                MDF1_FLT1_IRQHandler
                0x0000000008001090                ADC1_IRQHandler
                0x0000000008001090                MDF1_FLT5_IRQHandler
                0x0000000008001090                EXTI15_IRQHandler
                0x0000000008001090                TIM17_IRQHandler
                0x0000000008001090                USART3_IRQHandler
                0x0000000008001090                RTC_IRQHandler
                0x0000000008001090                EXTI9_IRQHandler
                0x0000000008001090                UART5_IRQHandler
                0x0000000008001090                TIM4_IRQHandler
                0x0000000008001090                I2C1_EV_IRQHandler
                0x0000000008001090                GPDMA1_Channel12_IRQHandler
                0x0000000008001090                GPDMA1_Channel1_IRQHandler
                0x0000000008001090                TIM16_IRQHandler
                0x0000000008001090                GPDMA1_Channel15_IRQHandler
                0x0000000008001090                UART4_IRQHandler
                0x0000000008001090                SecureFault_Handler
                0x0000000008001090                TIM3_IRQHandler
                0x0000000008001090                RCC_IRQHandler
                0x0000000008001090                TIM1_TRG_COM_IRQHandler
                0x0000000008001090                Default_Handler
                0x0000000008001090                GPDMA1_Channel8_IRQHandler
                0x0000000008001090                FMAC_IRQHandler
                0x0000000008001090                GPDMA1_Channel11_IRQHandler
                0x0000000008001090                TIM7_IRQHandler
                0x0000000008001090                SDMMC1_IRQHandler
                0x0000000008001090                TIM5_IRQHandler
                0x0000000008001090                UCPD1_IRQHandler
                0x0000000008001090                GPDMA1_Channel0_IRQHandler
                0x0000000008001090                TIM15_IRQHandler
                0x0000000008001090                I2C3_EV_IRQHandler
                0x0000000008001090                LPDMA1_Channel0_IRQHandler
                0x0000000008001090                PVD_PVM_IRQHandler
                0x0000000008001090                SPI2_IRQHandler
                0x0000000008001090                LPDMA1_Channel1_IRQHandler
                0x0000000008001090                EXTI14_IRQHandler
                0x0000000008001090                EXTI11_IRQHandler
                0x0000000008001090                CRS_IRQHandler
                0x0000000008001090                GPDMA1_Channel14_IRQHandler
                0x0000000008001090                EXTI4_IRQHandler
                0x0000000008001090                RTC_S_IRQHandler
                0x0000000008001090                GPDMA1_Channel13_IRQHandler
                0x0000000008001090                RNG_IRQHandler
                0x0000000008001090                COMP_IRQHandler
                0x0000000008001090                TIM1_UP_IRQHandler
                0x0000000008001090                ADC4_IRQHandler
                0x0000000008001090                WWDG_IRQHandler
                0x0000000008001090                I2C4_EV_IRQHandler
                0x0000000008001090                ADF1_IRQHandler
                0x0000000008001090                IWDG_IRQHandler
                0x0000000008001090                LPUART1_IRQHandler
                0x0000000008001090                MDF1_FLT0_IRQHandler
                0x0000000008001090                FDCAN1_IT0_IRQHandler
                0x0000000008001090                TIM2_IRQHandler
                0x0000000008001090                GPDMA1_Channel4_IRQHandler
                0x0000000008001090                EXTI7_IRQHandler
                0x0000000008001090                DMA2D_IRQHandler
                0x0000000008001090                TIM1_BRK_IRQHandler
                0x0000000008001090                EXTI1_IRQHandler
                0x0000000008001090                SDMMC2_IRQHandler
                0x0000000008001090                DAC1_IRQHandler
                0x0000000008001090                GTZC_IRQHandler
                0x0000000008001090                MDF1_FLT3_IRQHandler
                0x0000000008001090                USART2_IRQHandler
                0x0000000008001090                GPDMA1_Channel6_IRQHandler
                0x0000000008001090                I2C2_ER_IRQHandler
                0x0000000008001090                TIM8_BRK_IRQHandler
                0x0000000008001090                FLASH_IRQHandler
                0x0000000008001090                USART1_IRQHandler
                0x0000000008001090                EXTI10_IRQHandler
                0x0000000008001090                SPI3_IRQHandler
                0x0000000008001090                LPDMA1_Channel2_IRQHandler
                0x0000000008001090                I2C1_ER_IRQHandler
                0x0000000008001090                FMC_IRQHandler
                0x0000000008001090                EXTI6_IRQHandler
                0x0000000008001090                LPTIM1_IRQHandler
                0x0000000008001090                DCMI_PSSI_IRQHandler
                0x0000000008001090                I2C4_ER_IRQHandler
                0x0000000008001090                GPDMA1_Channel10_IRQHandler
                0x0000000008001090                ICACHE_IRQHandler
                0x0000000008001090                SAI1_IRQHandler
                0x0000000008001090                HASH_IRQHandler
 *fill*         0x0000000008001092        0x2 
 .text.HAL_Init
                0x0000000008001094       0x5c ./Drivers/STM32U5xx_HAL_Driver/Src/stm32u5xx_hal.o
                0x0000000008001094                HAL_Init
 .text.HAL_InitTick
                0x00000000080010f0       0x6c ./Drivers/STM32U5xx_HAL_Driver/Src/stm32u5xx_hal.o
                0x00000000080010f0                HAL_InitTick
 .text.HAL_IncTick
                0x000000000800115c       0x28 ./Drivers/STM32U5xx_HAL_Driver/Src/stm32u5xx_hal.o
                0x000000000800115c                HAL_IncTick
 .text.HAL_GetTick
                0x0000000008001184       0x18 ./Drivers/STM32U5xx_HAL_Driver/Src/stm32u5xx_hal.o
                0x0000000008001184                HAL_GetTick
 .text.HAL_Delay
                0x000000000800119c       0x48 ./Drivers/STM32U5xx_HAL_Driver/Src/stm32u5xx_hal.o
                0x000000000800119c                HAL_Delay
 .text.LL_ADC_SetCommonClock
                0x00000000080011e4       0x26 ./Drivers/STM32U5xx_HAL_Driver/Src/stm32u5xx_hal_adc.o
 .text.LL_ADC_SetGainCompensation
                0x000000000800120a       0x46 ./Drivers/STM32U5xx_HAL_Driver/Src/stm32u5xx_hal_adc.o
 .text.LL_ADC_SetSamplingTimeCommonChannels
                0x0000000008001250       0x3e ./Drivers/STM32U5xx_HAL_Driver/Src/stm32u5xx_hal_adc.o
 .text.LL_ADC_DisableDeepPowerDown
                0x000000000800128e       0x24 ./Drivers/STM32U5xx_HAL_Driver/Src/stm32u5xx_hal_adc.o
 .text.LL_ADC_IsDeepPowerDownEnabled
                0x00000000080012b2       0x28 ./Drivers/STM32U5xx_HAL_Driver/Src/stm32u5xx_hal_adc.o
 .text.LL_ADC_EnableInternalRegulator
                0x00000000080012da       0x28 ./Drivers/STM32U5xx_HAL_Driver/Src/stm32u5xx_hal_adc.o
 .text.LL_ADC_IsInternalRegulatorEnabled
                0x0000000008001302       0x28 ./Drivers/STM32U5xx_HAL_Driver/Src/stm32u5xx_hal_adc.o
 .text.LL_ADC_IsEnabled
                0x000000000800132a       0x26 ./Drivers/STM32U5xx_HAL_Driver/Src/stm32u5xx_hal_adc.o
 .text.LL_ADC_REG_IsConversionOngoing
                0x0000000008001350       0x26 ./Drivers/STM32U5xx_HAL_Driver/Src/stm32u5xx_hal_adc.o
 .text.LL_ADC_INJ_IsConversionOngoing
                0x0000000008001376       0x26 ./Drivers/STM32U5xx_HAL_Driver/Src/stm32u5xx_hal_adc.o
 .text.HAL_ADC_Init
                0x000000000800139c      0x5f4 ./Drivers/STM32U5xx_HAL_Driver/Src/stm32u5xx_hal_adc.o
                0x000000000800139c                HAL_ADC_Init
 .text.__NVIC_SetPriorityGrouping
                0x0000000008001990       0x48 ./Drivers/STM32U5xx_HAL_Driver/Src/stm32u5xx_hal_cortex.o
 .text.__NVIC_GetPriorityGrouping
                0x00000000080019d8       0x1c ./Drivers/STM32U5xx_HAL_Driver/Src/stm32u5xx_hal_cortex.o
 .text.__NVIC_EnableIRQ
                0x00000000080019f4       0x3c ./Drivers/STM32U5xx_HAL_Driver/Src/stm32u5xx_hal_cortex.o
 .text.__NVIC_SetPriority
                0x0000000008001a30       0x54 ./Drivers/STM32U5xx_HAL_Driver/Src/stm32u5xx_hal_cortex.o
 .text.NVIC_EncodePriority
                0x0000000008001a84       0x66 ./Drivers/STM32U5xx_HAL_Driver/Src/stm32u5xx_hal_cortex.o
 *fill*         0x0000000008001aea        0x2 
 .text.SysTick_Config
                0x0000000008001aec       0x44 ./Drivers/STM32U5xx_HAL_Driver/Src/stm32u5xx_hal_cortex.o
 .text.HAL_NVIC_SetPriorityGrouping
                0x0000000008001b30       0x16 ./Drivers/STM32U5xx_HAL_Driver/Src/stm32u5xx_hal_cortex.o
                0x0000000008001b30                HAL_NVIC_SetPriorityGrouping
 .text.HAL_NVIC_SetPriority
                0x0000000008001b46       0x34 ./Drivers/STM32U5xx_HAL_Driver/Src/stm32u5xx_hal_cortex.o
                0x0000000008001b46                HAL_NVIC_SetPriority
 .text.HAL_NVIC_EnableIRQ
                0x0000000008001b7a       0x1c ./Drivers/STM32U5xx_HAL_Driver/Src/stm32u5xx_hal_cortex.o
                0x0000000008001b7a                HAL_NVIC_EnableIRQ
 .text.HAL_SYSTICK_Config
                0x0000000008001b96       0x18 ./Drivers/STM32U5xx_HAL_Driver/Src/stm32u5xx_hal_cortex.o
                0x0000000008001b96                HAL_SYSTICK_Config
 *fill*         0x0000000008001bae        0x2 
 .text.HAL_GPIO_Init
                0x0000000008001bb0      0x3b0 ./Drivers/STM32U5xx_HAL_Driver/Src/stm32u5xx_hal_gpio.o
                0x0000000008001bb0                HAL_GPIO_Init
 .text.HAL_GPIO_WritePin
                0x0000000008001f60       0x30 ./Drivers/STM32U5xx_HAL_Driver/Src/stm32u5xx_hal_gpio.o
                0x0000000008001f60                HAL_GPIO_WritePin
 .text.HAL_PCD_Init
                0x0000000008001f90      0x248 ./Drivers/STM32U5xx_HAL_Driver/Src/stm32u5xx_hal_pcd.o
                0x0000000008001f90                HAL_PCD_Init
 .text.HAL_PCD_IRQHandler
                0x00000000080021d8      0x998 ./Drivers/STM32U5xx_HAL_Driver/Src/stm32u5xx_hal_pcd.o
                0x00000000080021d8                HAL_PCD_IRQHandler
 .text.HAL_PCD_DataOutStageCallback
                0x0000000008002b70       0x18 ./Drivers/STM32U5xx_HAL_Driver/Src/stm32u5xx_hal_pcd.o
                0x0000000008002b70                HAL_PCD_DataOutStageCallback
 .text.HAL_PCD_DataInStageCallback
                0x0000000008002b88       0x18 ./Drivers/STM32U5xx_HAL_Driver/Src/stm32u5xx_hal_pcd.o
                0x0000000008002b88                HAL_PCD_DataInStageCallback
 .text.HAL_PCD_SetupStageCallback
                0x0000000008002ba0       0x14 ./Drivers/STM32U5xx_HAL_Driver/Src/stm32u5xx_hal_pcd.o
                0x0000000008002ba0                HAL_PCD_SetupStageCallback
 .text.HAL_PCD_SOFCallback
                0x0000000008002bb4       0x14 ./Drivers/STM32U5xx_HAL_Driver/Src/stm32u5xx_hal_pcd.o
                0x0000000008002bb4                HAL_PCD_SOFCallback
 .text.HAL_PCD_ResetCallback
                0x0000000008002bc8       0x14 ./Drivers/STM32U5xx_HAL_Driver/Src/stm32u5xx_hal_pcd.o
                0x0000000008002bc8                HAL_PCD_ResetCallback
 .text.HAL_PCD_SuspendCallback
                0x0000000008002bdc       0x14 ./Drivers/STM32U5xx_HAL_Driver/Src/stm32u5xx_hal_pcd.o
                0x0000000008002bdc                HAL_PCD_SuspendCallback
 .text.HAL_PCD_ResumeCallback
                0x0000000008002bf0       0x14 ./Drivers/STM32U5xx_HAL_Driver/Src/stm32u5xx_hal_pcd.o
                0x0000000008002bf0                HAL_PCD_ResumeCallback
 .text.HAL_PCD_ISOOUTIncompleteCallback
                0x0000000008002c04       0x18 ./Drivers/STM32U5xx_HAL_Driver/Src/stm32u5xx_hal_pcd.o
                0x0000000008002c04                HAL_PCD_ISOOUTIncompleteCallback
 .text.HAL_PCD_ISOINIncompleteCallback
                0x0000000008002c1c       0x18 ./Drivers/STM32U5xx_HAL_Driver/Src/stm32u5xx_hal_pcd.o
                0x0000000008002c1c                HAL_PCD_ISOINIncompleteCallback
 .text.HAL_PCD_ConnectCallback
                0x0000000008002c34       0x14 ./Drivers/STM32U5xx_HAL_Driver/Src/stm32u5xx_hal_pcd.o
                0x0000000008002c34                HAL_PCD_ConnectCallback
 .text.HAL_PCD_DisconnectCallback
                0x0000000008002c48       0x14 ./Drivers/STM32U5xx_HAL_Driver/Src/stm32u5xx_hal_pcd.o
                0x0000000008002c48                HAL_PCD_DisconnectCallback
 .text.HAL_PCD_EP_Abort
                0x0000000008002c5c       0x62 ./Drivers/STM32U5xx_HAL_Driver/Src/stm32u5xx_hal_pcd.o
                0x0000000008002c5c                HAL_PCD_EP_Abort
 .text.PCD_WriteEmptyTxFifo
                0x0000000008002cbe      0x11a ./Drivers/STM32U5xx_HAL_Driver/Src/stm32u5xx_hal_pcd.o
 .text.PCD_EP_OutXfrComplete_int
                0x0000000008002dd8      0x1d0 ./Drivers/STM32U5xx_HAL_Driver/Src/stm32u5xx_hal_pcd.o
 .text.PCD_EP_OutSetupPacket_int
                0x0000000008002fa8       0x8c ./Drivers/STM32U5xx_HAL_Driver/Src/stm32u5xx_hal_pcd.o
 .text.HAL_PCDEx_ActivateLPM
                0x0000000008003034       0x48 ./Drivers/STM32U5xx_HAL_Driver/Src/stm32u5xx_hal_pcd_ex.o
                0x0000000008003034                HAL_PCDEx_ActivateLPM
 .text.HAL_PCDEx_LPM_Callback
                0x000000000800307c       0x18 ./Drivers/STM32U5xx_HAL_Driver/Src/stm32u5xx_hal_pcd_ex.o
                0x000000000800307c                HAL_PCDEx_LPM_Callback
 .text.HAL_PWREx_ControlVoltageScaling
                0x0000000008003094       0xe8 ./Drivers/STM32U5xx_HAL_Driver/Src/stm32u5xx_hal_pwr_ex.o
                0x0000000008003094                HAL_PWREx_ControlVoltageScaling
 .text.HAL_PWREx_GetVoltageRange
                0x000000000800317c       0x1c ./Drivers/STM32U5xx_HAL_Driver/Src/stm32u5xx_hal_pwr_ex.o
                0x000000000800317c                HAL_PWREx_GetVoltageRange
 .text.HAL_PWREx_ConfigSupply
                0x0000000008003198       0xa0 ./Drivers/STM32U5xx_HAL_Driver/Src/stm32u5xx_hal_pwr_ex.o
                0x0000000008003198                HAL_PWREx_ConfigSupply
 .text.HAL_PWREx_EnableVddUSB
                0x0000000008003238       0x20 ./Drivers/STM32U5xx_HAL_Driver/Src/stm32u5xx_hal_pwr_ex.o
                0x0000000008003238                HAL_PWREx_EnableVddUSB
 .text.HAL_PWREx_EnableVddIO2
                0x0000000008003258       0x20 ./Drivers/STM32U5xx_HAL_Driver/Src/stm32u5xx_hal_pwr_ex.o
                0x0000000008003258                HAL_PWREx_EnableVddIO2
 .text.HAL_RCC_OscConfig
                0x0000000008003278      0xdac ./Drivers/STM32U5xx_HAL_Driver/Src/stm32u5xx_hal_rcc.o
                0x0000000008003278                HAL_RCC_OscConfig
 .text.HAL_RCC_ClockConfig
                0x0000000008004024      0x3e4 ./Drivers/STM32U5xx_HAL_Driver/Src/stm32u5xx_hal_rcc.o
                0x0000000008004024                HAL_RCC_ClockConfig
 .text.HAL_RCC_GetSysClockFreq
                0x0000000008004408      0x210 ./Drivers/STM32U5xx_HAL_Driver/Src/stm32u5xx_hal_rcc.o
                0x0000000008004408                HAL_RCC_GetSysClockFreq
 .text.HAL_RCC_GetHCLKFreq
                0x0000000008004618       0x34 ./Drivers/STM32U5xx_HAL_Driver/Src/stm32u5xx_hal_rcc.o
                0x0000000008004618                HAL_RCC_GetHCLKFreq
 .text.HAL_RCC_GetPCLK1Freq
                0x000000000800464c       0x28 ./Drivers/STM32U5xx_HAL_Driver/Src/stm32u5xx_hal_rcc.o
                0x000000000800464c                HAL_RCC_GetPCLK1Freq
 .text.HAL_RCC_GetPCLK2Freq
                0x0000000008004674       0x28 ./Drivers/STM32U5xx_HAL_Driver/Src/stm32u5xx_hal_rcc.o
                0x0000000008004674                HAL_RCC_GetPCLK2Freq
 .text.HAL_RCC_GetPCLK3Freq
                0x000000000800469c       0x28 ./Drivers/STM32U5xx_HAL_Driver/Src/stm32u5xx_hal_rcc.o
                0x000000000800469c                HAL_RCC_GetPCLK3Freq
 .text.RCC_SetFlashLatencyFromMSIRange
                0x00000000080046c4      0x10c ./Drivers/STM32U5xx_HAL_Driver/Src/stm32u5xx_hal_rcc.o
 .text.HAL_RCCEx_PeriphCLKConfig
                0x00000000080047d0      0xb80 ./Drivers/STM32U5xx_HAL_Driver/Src/stm32u5xx_hal_rcc_ex.o
                0x00000000080047d0                HAL_RCCEx_PeriphCLKConfig
 .text.HAL_RCCEx_GetPLL1ClockFreq
                0x0000000008005350      0x2cc ./Drivers/STM32U5xx_HAL_Driver/Src/stm32u5xx_hal_rcc_ex.o
                0x0000000008005350                HAL_RCCEx_GetPLL1ClockFreq
 .text.HAL_RCCEx_GetPLL2ClockFreq
                0x000000000800561c      0x2cc ./Drivers/STM32U5xx_HAL_Driver/Src/stm32u5xx_hal_rcc_ex.o
                0x000000000800561c                HAL_RCCEx_GetPLL2ClockFreq
 .text.HAL_RCCEx_GetPLL3ClockFreq
                0x00000000080058e8      0x2cc ./Drivers/STM32U5xx_HAL_Driver/Src/stm32u5xx_hal_rcc_ex.o
                0x00000000080058e8                HAL_RCCEx_GetPLL3ClockFreq
 .text.HAL_RCCEx_GetPeriphCLKFreq
                0x0000000008005bb4     0x1250 ./Drivers/STM32U5xx_HAL_Driver/Src/stm32u5xx_hal_rcc_ex.o
                0x0000000008005bb4                HAL_RCCEx_GetPeriphCLKFreq
 .text.RCCEx_PLL2_Config
                0x0000000008006e04      0x130 ./Drivers/STM32U5xx_HAL_Driver/Src/stm32u5xx_hal_rcc_ex.o
 .text.RCCEx_PLL3_Config
                0x0000000008006f34      0x130 ./Drivers/STM32U5xx_HAL_Driver/Src/stm32u5xx_hal_rcc_ex.o
 .text.HAL_SRAM_Init
                0x0000000008007064       0xa0 ./Drivers/STM32U5xx_HAL_Driver/Src/stm32u5xx_hal_sram.o
                0x0000000008007064                HAL_SRAM_Init
 .text.HAL_UART_Init
                0x0000000008007104       0xa0 ./Drivers/STM32U5xx_HAL_Driver/Src/stm32u5xx_hal_uart.o
                0x0000000008007104                HAL_UART_Init
 .text.UART_SetConfig
                0x00000000080071a4      0x344 ./Drivers/STM32U5xx_HAL_Driver/Src/stm32u5xx_hal_uart.o
                0x00000000080071a4                UART_SetConfig
 .text.UART_AdvFeatureConfig
                0x00000000080074e8      0x144 ./Drivers/STM32U5xx_HAL_Driver/Src/stm32u5xx_hal_uart.o
                0x00000000080074e8                UART_AdvFeatureConfig
 .text.UART_CheckIdleState
                0x000000000800762c       0x96 ./Drivers/STM32U5xx_HAL_Driver/Src/stm32u5xx_hal_uart.o
                0x000000000800762c                UART_CheckIdleState
 .text.UART_WaitOnFlagUntilTimeout
                0x00000000080076c2      0x190 ./Drivers/STM32U5xx_HAL_Driver/Src/stm32u5xx_hal_uart.o
                0x00000000080076c2                UART_WaitOnFlagUntilTimeout
 .text.HAL_UARTEx_DisableFifoMode
                0x0000000008007852       0x72 ./Drivers/STM32U5xx_HAL_Driver/Src/stm32u5xx_hal_uart_ex.o
                0x0000000008007852                HAL_UARTEx_DisableFifoMode
 .text.HAL_UARTEx_SetTxFifoThreshold
                0x00000000080078c4       0x7c ./Drivers/STM32U5xx_HAL_Driver/Src/stm32u5xx_hal_uart_ex.o
                0x00000000080078c4                HAL_UARTEx_SetTxFifoThreshold
 .text.HAL_UARTEx_SetRxFifoThreshold
                0x0000000008007940       0x7c ./Drivers/STM32U5xx_HAL_Driver/Src/stm32u5xx_hal_uart_ex.o
                0x0000000008007940                HAL_UARTEx_SetRxFifoThreshold
 .text.UARTEx_SetNbDataToProcess
                0x00000000080079bc       0x9c ./Drivers/STM32U5xx_HAL_Driver/Src/stm32u5xx_hal_uart_ex.o
 .text.FMC_NORSRAM_Init
                0x0000000008007a58      0x1a0 ./Drivers/STM32U5xx_HAL_Driver/Src/stm32u5xx_ll_fmc.o
                0x0000000008007a58                FMC_NORSRAM_Init
 .text.FMC_NORSRAM_Timing_Init
                0x0000000008007bf8       0xa4 ./Drivers/STM32U5xx_HAL_Driver/Src/stm32u5xx_ll_fmc.o
                0x0000000008007bf8                FMC_NORSRAM_Timing_Init
 .text.FMC_NORSRAM_Extended_Timing_Init
                0x0000000008007c9c       0x74 ./Drivers/STM32U5xx_HAL_Driver/Src/stm32u5xx_ll_fmc.o
                0x0000000008007c9c                FMC_NORSRAM_Extended_Timing_Init
 .text.LL_GPIO_SetPinMode
                0x0000000008007d10       0x7a ./Drivers/STM32U5xx_HAL_Driver/Src/stm32u5xx_ll_gpio.o
 .text.LL_GPIO_SetPinOutputType
                0x0000000008007d8a       0x30 ./Drivers/STM32U5xx_HAL_Driver/Src/stm32u5xx_ll_gpio.o
 .text.LL_GPIO_SetPinSpeed
                0x0000000008007dba       0x7a ./Drivers/STM32U5xx_HAL_Driver/Src/stm32u5xx_ll_gpio.o
 .text.LL_GPIO_SetPinPull
                0x0000000008007e34       0x7a ./Drivers/STM32U5xx_HAL_Driver/Src/stm32u5xx_ll_gpio.o
 .text.LL_GPIO_SetAFPin_0_7
                0x0000000008007eae       0x7a ./Drivers/STM32U5xx_HAL_Driver/Src/stm32u5xx_ll_gpio.o
 .text.LL_GPIO_SetAFPin_8_15
                0x0000000008007f28       0x7e ./Drivers/STM32U5xx_HAL_Driver/Src/stm32u5xx_ll_gpio.o
 .text.LL_GPIO_Init
                0x0000000008007fa6      0x10c ./Drivers/STM32U5xx_HAL_Driver/Src/stm32u5xx_ll_gpio.o
                0x0000000008007fa6                LL_GPIO_Init
 .text.USB_CoreInit
                0x00000000080080b2       0x58 ./Drivers/STM32U5xx_HAL_Driver/Src/stm32u5xx_ll_usb.o
                0x00000000080080b2                USB_CoreInit
 *fill*         0x000000000800810a        0x2 
 .text.USB_SetTurnaroundTime
                0x000000000800810c      0x144 ./Drivers/STM32U5xx_HAL_Driver/Src/stm32u5xx_ll_usb.o
                0x000000000800810c                USB_SetTurnaroundTime
 .text.USB_DisableGlobalInt
                0x0000000008008250       0x22 ./Drivers/STM32U5xx_HAL_Driver/Src/stm32u5xx_ll_usb.o
                0x0000000008008250                USB_DisableGlobalInt
 .text.USB_SetCurrentMode
                0x0000000008008272       0x98 ./Drivers/STM32U5xx_HAL_Driver/Src/stm32u5xx_ll_usb.o
                0x0000000008008272                USB_SetCurrentMode
 *fill*         0x000000000800830a        0x2 
 .text.USB_DevInit
                0x000000000800830c      0x29c ./Drivers/STM32U5xx_HAL_Driver/Src/stm32u5xx_ll_usb.o
                0x000000000800830c                USB_DevInit
 .text.USB_FlushTxFifo
                0x00000000080085a8       0x68 ./Drivers/STM32U5xx_HAL_Driver/Src/stm32u5xx_ll_usb.o
                0x00000000080085a8                USB_FlushTxFifo
 .text.USB_FlushRxFifo
                0x0000000008008610       0x60 ./Drivers/STM32U5xx_HAL_Driver/Src/stm32u5xx_ll_usb.o
                0x0000000008008610                USB_FlushRxFifo
 .text.USB_SetDevSpeed
                0x0000000008008670       0x32 ./Drivers/STM32U5xx_HAL_Driver/Src/stm32u5xx_ll_usb.o
                0x0000000008008670                USB_SetDevSpeed
 .text.USB_GetDevSpeed
                0x00000000080086a2       0x4a ./Drivers/STM32U5xx_HAL_Driver/Src/stm32u5xx_ll_usb.o
                0x00000000080086a2                USB_GetDevSpeed
 .text.USB_EPStopXfer
                0x00000000080086ec      0x154 ./Drivers/STM32U5xx_HAL_Driver/Src/stm32u5xx_ll_usb.o
                0x00000000080086ec                USB_EPStopXfer
 .text.USB_WritePacket
                0x0000000008008840       0x7c ./Drivers/STM32U5xx_HAL_Driver/Src/stm32u5xx_ll_usb.o
                0x0000000008008840                USB_WritePacket
 .text.USB_ReadPacket
                0x00000000080088bc       0xb0 ./Drivers/STM32U5xx_HAL_Driver/Src/stm32u5xx_ll_usb.o
                0x00000000080088bc                USB_ReadPacket
 .text.USB_DevDisconnect
                0x000000000800896c       0x42 ./Drivers/STM32U5xx_HAL_Driver/Src/stm32u5xx_ll_usb.o
                0x000000000800896c                USB_DevDisconnect
 .text.USB_ReadInterrupts
                0x00000000080089ae       0x26 ./Drivers/STM32U5xx_HAL_Driver/Src/stm32u5xx_ll_usb.o
                0x00000000080089ae                USB_ReadInterrupts
 .text.USB_ReadDevAllOutEpInterrupt
                0x00000000080089d4       0x34 ./Drivers/STM32U5xx_HAL_Driver/Src/stm32u5xx_ll_usb.o
                0x00000000080089d4                USB_ReadDevAllOutEpInterrupt
 .text.USB_ReadDevAllInEpInterrupt
                0x0000000008008a08       0x34 ./Drivers/STM32U5xx_HAL_Driver/Src/stm32u5xx_ll_usb.o
                0x0000000008008a08                USB_ReadDevAllInEpInterrupt
 .text.USB_ReadDevOutEPInterrupt
                0x0000000008008a3c       0x3c ./Drivers/STM32U5xx_HAL_Driver/Src/stm32u5xx_ll_usb.o
                0x0000000008008a3c                USB_ReadDevOutEPInterrupt
 .text.USB_ReadDevInEPInterrupt
                0x0000000008008a78       0x5c ./Drivers/STM32U5xx_HAL_Driver/Src/stm32u5xx_ll_usb.o
                0x0000000008008a78                USB_ReadDevInEPInterrupt
 .text.USB_GetMode
                0x0000000008008ad4       0x1c ./Drivers/STM32U5xx_HAL_Driver/Src/stm32u5xx_ll_usb.o
                0x0000000008008ad4                USB_GetMode
 .text.USB_ActivateSetup
                0x0000000008008af0       0x46 ./Drivers/STM32U5xx_HAL_Driver/Src/stm32u5xx_ll_usb.o
                0x0000000008008af0                USB_ActivateSetup
 *fill*         0x0000000008008b36        0x2 
 .text.USB_EP0_OutStart
                0x0000000008008b38       0xbc ./Drivers/STM32U5xx_HAL_Driver/Src/stm32u5xx_ll_usb.o
                0x0000000008008b38                USB_EP0_OutStart
 .text.USB_CoreReset
                0x0000000008008bf4       0x68 ./Drivers/STM32U5xx_HAL_Driver/Src/stm32u5xx_ll_usb.o
 .text.__libc_init_array
                0x0000000008008c5c       0x48 c:/st/stm32cubeide_1.6.1/stm32cubeide/plugins/com.st.stm32cube.ide.mcu.externaltools.gnu-tools-for-stm32.10.3-2021.10.win32_1.0.0.202111181127/tools/bin/../lib/gcc/arm-none-eabi/10.3.1/../../../../arm-none-eabi/lib/thumb/v8-m.main+fp/hard\libc_nano.a(lib_a-init.o)
                0x0000000008008c5c                __libc_init_array
 .text.memset   0x0000000008008ca4       0x10 c:/st/stm32cubeide_1.6.1/stm32cubeide/plugins/com.st.stm32cube.ide.mcu.externaltools.gnu-tools-for-stm32.10.3-2021.10.win32_1.0.0.202111181127/tools/bin/../lib/gcc/arm-none-eabi/10.3.1/../../../../arm-none-eabi/lib/thumb/v8-m.main+fp/hard\libc_nano.a(lib_a-memset.o)
                0x0000000008008ca4                memset
 *(.glue_7)
 .glue_7        0x0000000008008cb4        0x0 linker stubs
 *(.glue_7t)
 .glue_7t       0x0000000008008cb4        0x0 linker stubs
 *(.eh_frame)
 .eh_frame      0x0000000008008cb4        0x0 c:/st/stm32cubeide_1.6.1/stm32cubeide/plugins/com.st.stm32cube.ide.mcu.externaltools.gnu-tools-for-stm32.10.3-2021.10.win32_1.0.0.202111181127/tools/bin/../lib/gcc/arm-none-eabi/10.3.1/thumb/v8-m.main+fp/hard/crtbegin.o
 *(.init)
 .init          0x0000000008008cb4        0x4 c:/st/stm32cubeide_1.6.1/stm32cubeide/plugins/com.st.stm32cube.ide.mcu.externaltools.gnu-tools-for-stm32.10.3-2021.10.win32_1.0.0.202111181127/tools/bin/../lib/gcc/arm-none-eabi/10.3.1/thumb/v8-m.main+fp/hard/crti.o
                0x0000000008008cb4                _init
 .init          0x0000000008008cb8        0x8 c:/st/stm32cubeide_1.6.1/stm32cubeide/plugins/com.st.stm32cube.ide.mcu.externaltools.gnu-tools-for-stm32.10.3-2021.10.win32_1.0.0.202111181127/tools/bin/../lib/gcc/arm-none-eabi/10.3.1/thumb/v8-m.main+fp/hard/crtn.o
 *(.fini)
 .fini          0x0000000008008cc0        0x4 c:/st/stm32cubeide_1.6.1/stm32cubeide/plugins/com.st.stm32cube.ide.mcu.externaltools.gnu-tools-for-stm32.10.3-2021.10.win32_1.0.0.202111181127/tools/bin/../lib/gcc/arm-none-eabi/10.3.1/thumb/v8-m.main+fp/hard/crti.o
                0x0000000008008cc0                _fini
 .fini          0x0000000008008cc4        0x8 c:/st/stm32cubeide_1.6.1/stm32cubeide/plugins/com.st.stm32cube.ide.mcu.externaltools.gnu-tools-for-stm32.10.3-2021.10.win32_1.0.0.202111181127/tools/bin/../lib/gcc/arm-none-eabi/10.3.1/thumb/v8-m.main+fp/hard/crtn.o
                0x0000000008008ccc                _etext = .

.vfp11_veneer   0x0000000008008ccc        0x0
 .vfp11_veneer  0x0000000008008ccc        0x0 linker stubs

.v4_bx          0x0000000008008ccc        0x0
 .v4_bx         0x0000000008008ccc        0x0 linker stubs

.iplt           0x0000000008008ccc        0x0
 .iplt          0x0000000008008ccc        0x0 c:/st/stm32cubeide_1.6.1/stm32cubeide/plugins/com.st.stm32cube.ide.mcu.externaltools.gnu-tools-for-stm32.10.3-2021.10.win32_1.0.0.202111181127/tools/bin/../lib/gcc/arm-none-eabi/10.3.1/thumb/v8-m.main+fp/hard/crtbegin.o

.rodata         0x0000000008008ccc      0x100
 *(.rodata)
 *(.rodata*)
 .rodata.AHBPrescTable
                0x0000000008008ccc       0x10 ./Core/Src/system_stm32u5xx.o
                0x0000000008008ccc                AHBPrescTable
 .rodata.APBPrescTable
                0x0000000008008cdc        0x8 ./Core/Src/system_stm32u5xx.o
                0x0000000008008cdc                APBPrescTable
 .rodata.MSIRangeTable
                0x0000000008008ce4       0x40 ./Core/Src/system_stm32u5xx.o
                0x0000000008008ce4                MSIRangeTable
 .rodata.LPGPIO_Map
                0x0000000008008d24       0x80 ./Drivers/STM32U5xx_HAL_Driver/Src/stm32u5xx_hal_gpio.o
 .rodata.UARTPrescTable
                0x0000000008008da4       0x18 ./Drivers/STM32U5xx_HAL_Driver/Src/stm32u5xx_hal_uart.o
                0x0000000008008da4                UARTPrescTable
 .rodata.numerator.1
                0x0000000008008dbc        0x8 ./Drivers/STM32U5xx_HAL_Driver/Src/stm32u5xx_hal_uart_ex.o
 .rodata.denominator.0
                0x0000000008008dc4        0x8 ./Drivers/STM32U5xx_HAL_Driver/Src/stm32u5xx_hal_uart_ex.o

.ARM.extab
 *(.ARM.extab* .gnu.linkonce.armextab.*)

.ARM            0x0000000008008dcc        0x8
                0x0000000008008dcc                __exidx_start = .
 *(.ARM.exidx*)
 .ARM.exidx     0x0000000008008dcc        0x8 c:/st/stm32cubeide_1.6.1/stm32cubeide/plugins/com.st.stm32cube.ide.mcu.externaltools.gnu-tools-for-stm32.10.3-2021.10.win32_1.0.0.202111181127/tools/bin/../lib/gcc/arm-none-eabi/10.3.1/thumb/v8-m.main+fp/hard\libgcc.a(_udivmoddi4.o)
                0x0000000008008dd4                __exidx_end = .

.rel.dyn        0x0000000008008dd4        0x0
 .rel.iplt      0x0000000008008dd4        0x0 c:/st/stm32cubeide_1.6.1/stm32cubeide/plugins/com.st.stm32cube.ide.mcu.externaltools.gnu-tools-for-stm32.10.3-2021.10.win32_1.0.0.202111181127/tools/bin/../lib/gcc/arm-none-eabi/10.3.1/thumb/v8-m.main+fp/hard/crtbegin.o

.preinit_array  0x0000000008008dd4        0x0
                0x0000000008008dd4                PROVIDE (__preinit_array_start = .)
 *(.preinit_array*)
                0x0000000008008dd4                PROVIDE (__preinit_array_end = .)

.init_array     0x0000000008008dd4        0x4
                0x0000000008008dd4                PROVIDE (__init_array_start = .)
 *(SORT_BY_NAME(.init_array.*))
 *(.init_array*)
 .init_array    0x0000000008008dd4        0x4 c:/st/stm32cubeide_1.6.1/stm32cubeide/plugins/com.st.stm32cube.ide.mcu.externaltools.gnu-tools-for-stm32.10.3-2021.10.win32_1.0.0.202111181127/tools/bin/../lib/gcc/arm-none-eabi/10.3.1/thumb/v8-m.main+fp/hard/crtbegin.o
                0x0000000008008dd8                PROVIDE (__init_array_end = .)

.fini_array     0x0000000008008dd8        0x4
                [!provide]                        PROVIDE (__fini_array_start = .)
 *(SORT_BY_NAME(.fini_array.*))
 *(.fini_array*)
 .fini_array    0x0000000008008dd8        0x4 c:/st/stm32cubeide_1.6.1/stm32cubeide/plugins/com.st.stm32cube.ide.mcu.externaltools.gnu-tools-for-stm32.10.3-2021.10.win32_1.0.0.202111181127/tools/bin/../lib/gcc/arm-none-eabi/10.3.1/thumb/v8-m.main+fp/hard/crtbegin.o
                [!provide]                        PROVIDE (__fini_array_end = .)
                0x0000000008008ddc                _sidata = LOADADDR (.data)

.data           0x0000000020000000        0x9 load address 0x0000000008008ddc
                0x0000000020000000                _sdata = .
 *(.data)
 *(.data*)
 .data.SystemCoreClock
                0x0000000020000000        0x4 ./Core/Src/system_stm32u5xx.o
                0x0000000020000000                SystemCoreClock
 .data.uwTickPrio
                0x0000000020000004        0x4 ./Drivers/STM32U5xx_HAL_Driver/Src/stm32u5xx_hal.o
                0x0000000020000004                uwTickPrio
 .data.uwTickFreq
                0x0000000020000008        0x1 ./Drivers/STM32U5xx_HAL_Driver/Src/stm32u5xx_hal.o
                0x0000000020000008                uwTickFreq
 *(.RamFunc)
 *(.RamFunc*)
                0x0000000020000009                _edata = .

.igot.plt       0x000000002000000c        0x0 load address 0x0000000008008de5
 .igot.plt      0x000000002000000c        0x0 c:/st/stm32cubeide_1.6.1/stm32cubeide/plugins/com.st.stm32cube.ide.mcu.externaltools.gnu-tools-for-stm32.10.3-2021.10.win32_1.0.0.202111181127/tools/bin/../lib/gcc/arm-none-eabi/10.3.1/thumb/v8-m.main+fp/hard/crtbegin.o

.bss            0x000000002000000c      0x6a4 load address 0x0000000008008de5
                0x000000002000000c                _sbss = .
                0x000000002000000c                __bss_start__ = _sbss
 *(.bss)
 .bss           0x000000002000000c       0x1c c:/st/stm32cubeide_1.6.1/stm32cubeide/plugins/com.st.stm32cube.ide.mcu.externaltools.gnu-tools-for-stm32.10.3-2021.10.win32_1.0.0.202111181127/tools/bin/../lib/gcc/arm-none-eabi/10.3.1/thumb/v8-m.main+fp/hard/crtbegin.o
 *(.bss*)
 .bss.hadc1     0x0000000020000028       0x8c ./Core/Src/main.o
                0x0000000020000028                hadc1
 .bss.huart1    0x00000000200000b4       0x90 ./Core/Src/main.o
                0x00000000200000b4                huart1
 .bss.hpcd_USB_OTG_FS
                0x0000000020000144      0x50c ./Core/Src/main.o
                0x0000000020000144                hpcd_USB_OTG_FS
 .bss.hsram1    0x0000000020000650       0x58 ./Core/Src/main.o
                0x0000000020000650                hsram1
 .bss.FMC_Initialized
                0x00000000200006a8        0x4 ./Core/Src/stm32u5xx_hal_msp.o
 .bss.uwTick    0x00000000200006ac        0x4 ./Drivers/STM32U5xx_HAL_Driver/Src/stm32u5xx_hal.o
                0x00000000200006ac                uwTick
 *(COMMON)
                0x00000000200006b0                _ebss = .
                0x00000000200006b0                __bss_end__ = _ebss

._user_heap_stack
                0x00000000200006b0      0x600 load address 0x0000000008008de5
                0x00000000200006b0                . = ALIGN (0x8)
                [!provide]                        PROVIDE (end = .)
                0x00000000200006b0                PROVIDE (_end = .)
                0x00000000200008b0                . = (. + _Min_Heap_Size)
 *fill*         0x00000000200006b0      0x200 
                0x0000000020000cb0                . = (. + _Min_Stack_Size)
 *fill*         0x00000000200008b0      0x400 
                0x0000000020000cb0                . = ALIGN (0x8)

/DISCARD/
 libc.a(*)
 libm.a(*)
 libgcc.a(*)

.ARM.attributes
                0x0000000000000000       0x36
 *(.ARM.attributes)
 .ARM.attributes
                0x0000000000000000       0x22 c:/st/stm32cubeide_1.6.1/stm32cubeide/plugins/com.st.stm32cube.ide.mcu.externaltools.gnu-tools-for-stm32.10.3-2021.10.win32_1.0.0.202111181127/tools/bin/../lib/gcc/arm-none-eabi/10.3.1/thumb/v8-m.main+fp/hard/crti.o
 .ARM.attributes
                0x0000000000000022       0x38 c:/st/stm32cubeide_1.6.1/stm32cubeide/plugins/com.st.stm32cube.ide.mcu.externaltools.gnu-tools-for-stm32.10.3-2021.10.win32_1.0.0.202111181127/tools/bin/../lib/gcc/arm-none-eabi/10.3.1/thumb/v8-m.main+fp/hard/crtbegin.o
 .ARM.attributes
                0x000000000000005a       0x3a ./Core/Src/main.o
 .ARM.attributes
                0x0000000000000094       0x3a ./Core/Src/stm32u5xx_hal_msp.o
 .ARM.attributes
                0x00000000000000ce       0x3a ./Core/Src/stm32u5xx_it.o
 .ARM.attributes
                0x0000000000000108       0x3a ./Core/Src/system_stm32u5xx.o
 .ARM.attributes
                0x0000000000000142       0x24 ./Core/Startup/startup_stm32u575zitxq.o
 .ARM.attributes
                0x0000000000000166       0x3a ./Drivers/STM32U5xx_HAL_Driver/Src/stm32u5xx_hal.o
 .ARM.attributes
                0x00000000000001a0       0x3a ./Drivers/STM32U5xx_HAL_Driver/Src/stm32u5xx_hal_adc.o
 .ARM.attributes
                0x00000000000001da       0x3a ./Drivers/STM32U5xx_HAL_Driver/Src/stm32u5xx_hal_cortex.o
 .ARM.attributes
                0x0000000000000214       0x3a ./Drivers/STM32U5xx_HAL_Driver/Src/stm32u5xx_hal_gpio.o
 .ARM.attributes
                0x000000000000024e       0x3a ./Drivers/STM32U5xx_HAL_Driver/Src/stm32u5xx_hal_pcd.o
 .ARM.attributes
                0x0000000000000288       0x3a ./Drivers/STM32U5xx_HAL_Driver/Src/stm32u5xx_hal_pcd_ex.o
 .ARM.attributes
                0x00000000000002c2       0x3a ./Drivers/STM32U5xx_HAL_Driver/Src/stm32u5xx_hal_pwr_ex.o
 .ARM.attributes
                0x00000000000002fc       0x3a ./Drivers/STM32U5xx_HAL_Driver/Src/stm32u5xx_hal_rcc.o
 .ARM.attributes
                0x0000000000000336       0x3a ./Drivers/STM32U5xx_HAL_Driver/Src/stm32u5xx_hal_rcc_ex.o
 .ARM.attributes
                0x0000000000000370       0x3a ./Drivers/STM32U5xx_HAL_Driver/Src/stm32u5xx_hal_sram.o
 .ARM.attributes
                0x00000000000003aa       0x3a ./Drivers/STM32U5xx_HAL_Driver/Src/stm32u5xx_hal_uart.o
 .ARM.attributes
                0x00000000000003e4       0x3a ./Drivers/STM32U5xx_HAL_Driver/Src/stm32u5xx_hal_uart_ex.o
 .ARM.attributes
                0x000000000000041e       0x3a ./Drivers/STM32U5xx_HAL_Driver/Src/stm32u5xx_ll_fmc.o
 .ARM.attributes
                0x0000000000000458       0x3a ./Drivers/STM32U5xx_HAL_Driver/Src/stm32u5xx_ll_gpio.o
 .ARM.attributes
                0x0000000000000492       0x3a ./Drivers/STM32U5xx_HAL_Driver/Src/stm32u5xx_ll_usb.o
 .ARM.attributes
                0x00000000000004cc       0x38 c:/st/stm32cubeide_1.6.1/stm32cubeide/plugins/com.st.stm32cube.ide.mcu.externaltools.gnu-tools-for-stm32.10.3-2021.10.win32_1.0.0.202111181127/tools/bin/../lib/gcc/arm-none-eabi/10.3.1/../../../../arm-none-eabi/lib/thumb/v8-m.main+fp/hard\libc_nano.a(lib_a-init.o)
 .ARM.attributes
                0x0000000000000504       0x38 c:/st/stm32cubeide_1.6.1/stm32cubeide/plugins/com.st.stm32cube.ide.mcu.externaltools.gnu-tools-for-stm32.10.3-2021.10.win32_1.0.0.202111181127/tools/bin/../lib/gcc/arm-none-eabi/10.3.1/../../../../arm-none-eabi/lib/thumb/v8-m.main+fp/hard\libc_nano.a(lib_a-memset.o)
 .ARM.attributes
                0x000000000000053c       0x22 c:/st/stm32cubeide_1.6.1/stm32cubeide/plugins/com.st.stm32cube.ide.mcu.externaltools.gnu-tools-for-stm32.10.3-2021.10.win32_1.0.0.202111181127/tools/bin/../lib/gcc/arm-none-eabi/10.3.1/thumb/v8-m.main+fp/hard\libgcc.a(_aeabi_uldivmod.o)
 .ARM.attributes
                0x000000000000055e       0x38 c:/st/stm32cubeide_1.6.1/stm32cubeide/plugins/com.st.stm32cube.ide.mcu.externaltools.gnu-tools-for-stm32.10.3-2021.10.win32_1.0.0.202111181127/tools/bin/../lib/gcc/arm-none-eabi/10.3.1/thumb/v8-m.main+fp/hard\libgcc.a(_udivmoddi4.o)
 .ARM.attributes
                0x0000000000000596       0x22 c:/st/stm32cubeide_1.6.1/stm32cubeide/plugins/com.st.stm32cube.ide.mcu.externaltools.gnu-tools-for-stm32.10.3-2021.10.win32_1.0.0.202111181127/tools/bin/../lib/gcc/arm-none-eabi/10.3.1/thumb/v8-m.main+fp/hard\libgcc.a(_dvmd_tls.o)
 .ARM.attributes
                0x00000000000005b8       0x22 c:/st/stm32cubeide_1.6.1/stm32cubeide/plugins/com.st.stm32cube.ide.mcu.externaltools.gnu-tools-for-stm32.10.3-2021.10.win32_1.0.0.202111181127/tools/bin/../lib/gcc/arm-none-eabi/10.3.1/thumb/v8-m.main+fp/hard/crtn.o
OUTPUT(W5300_BUS_Test.elf elf32-littlearm)
LOAD linker stubs
LOAD c:/st/stm32cubeide_1.6.1/stm32cubeide/plugins/com.st.stm32cube.ide.mcu.externaltools.gnu-tools-for-stm32.10.3-2021.10.win32_1.0.0.202111181127/tools/bin/../lib/gcc/arm-none-eabi/10.3.1/../../../../arm-none-eabi/lib/thumb/v8-m.main+fp/hard\libc.a
LOAD c:/st/stm32cubeide_1.6.1/stm32cubeide/plugins/com.st.stm32cube.ide.mcu.externaltools.gnu-tools-for-stm32.10.3-2021.10.win32_1.0.0.202111181127/tools/bin/../lib/gcc/arm-none-eabi/10.3.1/../../../../arm-none-eabi/lib/thumb/v8-m.main+fp/hard\libm.a
LOAD c:/st/stm32cubeide_1.6.1/stm32cubeide/plugins/com.st.stm32cube.ide.mcu.externaltools.gnu-tools-for-stm32.10.3-2021.10.win32_1.0.0.202111181127/tools/bin/../lib/gcc/arm-none-eabi/10.3.1/thumb/v8-m.main+fp/hard\libgcc.a

.debug_info     0x0000000000000000    0x195ae
 .debug_info    0x0000000000000000     0x21dd ./Core/Src/main.o
 .debug_info    0x00000000000021dd     0x243e ./Core/Src/stm32u5xx_hal_msp.o
 .debug_info    0x000000000000461b      0x71a ./Core/Src/stm32u5xx_it.o
 .debug_info    0x0000000000004d35      0x8f2 ./Core/Src/system_stm32u5xx.o
 .debug_info    0x0000000000005627       0x22 ./Core/Startup/startup_stm32u575zitxq.o
 .debug_info    0x0000000000005649     0x11b5 ./Drivers/STM32U5xx_HAL_Driver/Src/stm32u5xx_hal.o
 .debug_info    0x00000000000067fe     0x2407 ./Drivers/STM32U5xx_HAL_Driver/Src/stm32u5xx_hal_adc.o
 .debug_info    0x0000000000008c05     0x15b9 ./Drivers/STM32U5xx_HAL_Driver/Src/stm32u5xx_hal_cortex.o
 .debug_info    0x000000000000a1be      0x880 ./Drivers/STM32U5xx_HAL_Driver/Src/stm32u5xx_hal_gpio.o
 .debug_info    0x000000000000aa3e     0x16a5 ./Drivers/STM32U5xx_HAL_Driver/Src/stm32u5xx_hal_pcd.o
 .debug_info    0x000000000000c0e3      0x908 ./Drivers/STM32U5xx_HAL_Driver/Src/stm32u5xx_hal_pcd_ex.o
 .debug_info    0x000000000000c9eb      0xe83 ./Drivers/STM32U5xx_HAL_Driver/Src/stm32u5xx_hal_pwr_ex.o
 .debug_info    0x000000000000d86e     0x1392 ./Drivers/STM32U5xx_HAL_Driver/Src/stm32u5xx_hal_rcc.o
 .debug_info    0x000000000000ec00     0x163d ./Drivers/STM32U5xx_HAL_Driver/Src/stm32u5xx_hal_rcc_ex.o
 .debug_info    0x000000000001023d     0x106c ./Drivers/STM32U5xx_HAL_Driver/Src/stm32u5xx_hal_sram.o
 .debug_info    0x00000000000112a9     0x4112 ./Drivers/STM32U5xx_HAL_Driver/Src/stm32u5xx_hal_uart.o
 .debug_info    0x00000000000153bb     0x124a ./Drivers/STM32U5xx_HAL_Driver/Src/stm32u5xx_hal_uart_ex.o
 .debug_info    0x0000000000016605      0x86a ./Drivers/STM32U5xx_HAL_Driver/Src/stm32u5xx_ll_fmc.o
 .debug_info    0x0000000000016e6f      0xbfa ./Drivers/STM32U5xx_HAL_Driver/Src/stm32u5xx_ll_gpio.o
 .debug_info    0x0000000000017a69     0x1b45 ./Drivers/STM32U5xx_HAL_Driver/Src/stm32u5xx_ll_usb.o

.debug_abbrev   0x0000000000000000     0x2dc0
 .debug_abbrev  0x0000000000000000      0x313 ./Core/Src/main.o
 .debug_abbrev  0x0000000000000313      0x2a6 ./Core/Src/stm32u5xx_hal_msp.o
 .debug_abbrev  0x00000000000005b9      0x1b1 ./Core/Src/stm32u5xx_it.o
 .debug_abbrev  0x000000000000076a      0x127 ./Core/Src/system_stm32u5xx.o
 .debug_abbrev  0x0000000000000891       0x12 ./Core/Startup/startup_stm32u575zitxq.o
 .debug_abbrev  0x00000000000008a3      0x285 ./Drivers/STM32U5xx_HAL_Driver/Src/stm32u5xx_hal.o
 .debug_abbrev  0x0000000000000b28      0x2b9 ./Drivers/STM32U5xx_HAL_Driver/Src/stm32u5xx_hal_adc.o
 .debug_abbrev  0x0000000000000de1      0x303 ./Drivers/STM32U5xx_HAL_Driver/Src/stm32u5xx_hal_cortex.o
 .debug_abbrev  0x00000000000010e4      0x246 ./Drivers/STM32U5xx_HAL_Driver/Src/stm32u5xx_hal_gpio.o
 .debug_abbrev  0x000000000000132a      0x2d2 ./Drivers/STM32U5xx_HAL_Driver/Src/stm32u5xx_hal_pcd.o
 .debug_abbrev  0x00000000000015fc      0x24a ./Drivers/STM32U5xx_HAL_Driver/Src/stm32u5xx_hal_pcd_ex.o
 .debug_abbrev  0x0000000000001846      0x20d ./Drivers/STM32U5xx_HAL_Driver/Src/stm32u5xx_hal_pwr_ex.o
 .debug_abbrev  0x0000000000001a53      0x2b9 ./Drivers/STM32U5xx_HAL_Driver/Src/stm32u5xx_hal_rcc.o
 .debug_abbrev  0x0000000000001d0c      0x299 ./Drivers/STM32U5xx_HAL_Driver/Src/stm32u5xx_hal_rcc_ex.o
 .debug_abbrev  0x0000000000001fa5      0x1ff ./Drivers/STM32U5xx_HAL_Driver/Src/stm32u5xx_hal_sram.o
 .debug_abbrev  0x00000000000021a4      0x2f0 ./Drivers/STM32U5xx_HAL_Driver/Src/stm32u5xx_hal_uart.o
 .debug_abbrev  0x0000000000002494      0x2bd ./Drivers/STM32U5xx_HAL_Driver/Src/stm32u5xx_hal_uart_ex.o
 .debug_abbrev  0x0000000000002751      0x196 ./Drivers/STM32U5xx_HAL_Driver/Src/stm32u5xx_ll_fmc.o
 .debug_abbrev  0x00000000000028e7      0x243 ./Drivers/STM32U5xx_HAL_Driver/Src/stm32u5xx_ll_gpio.o
 .debug_abbrev  0x0000000000002b2a      0x296 ./Drivers/STM32U5xx_HAL_Driver/Src/stm32u5xx_ll_usb.o

.debug_aranges  0x0000000000000000     0x1260
 .debug_aranges
                0x0000000000000000       0x78 ./Core/Src/main.o
 .debug_aranges
                0x0000000000000078       0x70 ./Core/Src/stm32u5xx_hal_msp.o
 .debug_aranges
                0x00000000000000e8       0x68 ./Core/Src/stm32u5xx_it.o
 .debug_aranges
                0x0000000000000150       0x28 ./Core/Src/system_stm32u5xx.o
 .debug_aranges
                0x0000000000000178       0x28 ./Core/Startup/startup_stm32u575zitxq.o
 .debug_aranges
                0x00000000000001a0      0x120 ./Drivers/STM32U5xx_HAL_Driver/Src/stm32u5xx_hal.o
 .debug_aranges
                0x00000000000002c0      0x240 ./Drivers/STM32U5xx_HAL_Driver/Src/stm32u5xx_hal_adc.o
 .debug_aranges
                0x0000000000000500      0x130 ./Drivers/STM32U5xx_HAL_Driver/Src/stm32u5xx_hal_cortex.o
 .debug_aranges
                0x0000000000000630       0x70 ./Drivers/STM32U5xx_HAL_Driver/Src/stm32u5xx_hal_gpio.o
 .debug_aranges
                0x00000000000006a0      0x140 ./Drivers/STM32U5xx_HAL_Driver/Src/stm32u5xx_hal_pcd.o
 .debug_aranges
                0x00000000000007e0       0x60 ./Drivers/STM32U5xx_HAL_Driver/Src/stm32u5xx_hal_pcd_ex.o
 .debug_aranges
                0x0000000000000840      0x200 ./Drivers/STM32U5xx_HAL_Driver/Src/stm32u5xx_hal_pwr_ex.o
 .debug_aranges
                0x0000000000000a40       0xa8 ./Drivers/STM32U5xx_HAL_Driver/Src/stm32u5xx_hal_rcc.o
 .debug_aranges
                0x0000000000000ae8      0x138 ./Drivers/STM32U5xx_HAL_Driver/Src/stm32u5xx_hal_rcc_ex.o
 .debug_aranges
                0x0000000000000c20       0xb8 ./Drivers/STM32U5xx_HAL_Driver/Src/stm32u5xx_hal_sram.o
 .debug_aranges
                0x0000000000000cd8      0x248 ./Drivers/STM32U5xx_HAL_Driver/Src/stm32u5xx_hal_uart.o
 .debug_aranges
                0x0000000000000f20       0xb0 ./Drivers/STM32U5xx_HAL_Driver/Src/stm32u5xx_hal_uart_ex.o
 .debug_aranges
                0x0000000000000fd0       0x80 ./Drivers/STM32U5xx_HAL_Driver/Src/stm32u5xx_ll_fmc.o
 .debug_aranges
                0x0000000000001050       0x70 ./Drivers/STM32U5xx_HAL_Driver/Src/stm32u5xx_ll_gpio.o
 .debug_aranges
                0x00000000000010c0      0x1a0 ./Drivers/STM32U5xx_HAL_Driver/Src/stm32u5xx_ll_usb.o

.debug_ranges   0x0000000000000000     0x1158
 .debug_ranges  0x0000000000000000       0x68 ./Core/Src/main.o
 .debug_ranges  0x0000000000000068       0x60 ./Core/Src/stm32u5xx_hal_msp.o
 .debug_ranges  0x00000000000000c8       0x58 ./Core/Src/stm32u5xx_it.o
 .debug_ranges  0x0000000000000120       0x18 ./Core/Src/system_stm32u5xx.o
 .debug_ranges  0x0000000000000138       0x20 ./Core/Startup/startup_stm32u575zitxq.o
 .debug_ranges  0x0000000000000158      0x110 ./Drivers/STM32U5xx_HAL_Driver/Src/stm32u5xx_hal.o
 .debug_ranges  0x0000000000000268      0x230 ./Drivers/STM32U5xx_HAL_Driver/Src/stm32u5xx_hal_adc.o
 .debug_ranges  0x0000000000000498      0x120 ./Drivers/STM32U5xx_HAL_Driver/Src/stm32u5xx_hal_cortex.o
 .debug_ranges  0x00000000000005b8       0x60 ./Drivers/STM32U5xx_HAL_Driver/Src/stm32u5xx_hal_gpio.o
 .debug_ranges  0x0000000000000618      0x130 ./Drivers/STM32U5xx_HAL_Driver/Src/stm32u5xx_hal_pcd.o
 .debug_ranges  0x0000000000000748       0x50 ./Drivers/STM32U5xx_HAL_Driver/Src/stm32u5xx_hal_pcd_ex.o
 .debug_ranges  0x0000000000000798      0x1f0 ./Drivers/STM32U5xx_HAL_Driver/Src/stm32u5xx_hal_pwr_ex.o
 .debug_ranges  0x0000000000000988       0x98 ./Drivers/STM32U5xx_HAL_Driver/Src/stm32u5xx_hal_rcc.o
 .debug_ranges  0x0000000000000a20      0x128 ./Drivers/STM32U5xx_HAL_Driver/Src/stm32u5xx_hal_rcc_ex.o
 .debug_ranges  0x0000000000000b48       0xa8 ./Drivers/STM32U5xx_HAL_Driver/Src/stm32u5xx_hal_sram.o
 .debug_ranges  0x0000000000000bf0      0x268 ./Drivers/STM32U5xx_HAL_Driver/Src/stm32u5xx_hal_uart.o
 .debug_ranges  0x0000000000000e58       0xa0 ./Drivers/STM32U5xx_HAL_Driver/Src/stm32u5xx_hal_uart_ex.o
 .debug_ranges  0x0000000000000ef8       0x70 ./Drivers/STM32U5xx_HAL_Driver/Src/stm32u5xx_ll_fmc.o
 .debug_ranges  0x0000000000000f68       0x60 ./Drivers/STM32U5xx_HAL_Driver/Src/stm32u5xx_ll_gpio.o
 .debug_ranges  0x0000000000000fc8      0x190 ./Drivers/STM32U5xx_HAL_Driver/Src/stm32u5xx_ll_usb.o

.debug_macro    0x0000000000000000    0x365c7
 .debug_macro   0x0000000000000000      0x323 ./Core/Src/main.o
 .debug_macro   0x0000000000000323      0xa84 ./Core/Src/main.o
 .debug_macro   0x0000000000000da7      0x1eb ./Core/Src/main.o
 .debug_macro   0x0000000000000f92       0x2e ./Core/Src/main.o
 .debug_macro   0x0000000000000fc0       0x42 ./Core/Src/main.o
 .debug_macro   0x0000000000001002       0x22 ./Core/Src/main.o
 .debug_macro   0x0000000000001024       0x8e ./Core/Src/main.o
 .debug_macro   0x00000000000010b2       0x51 ./Core/Src/main.o
 .debug_macro   0x0000000000001103      0x103 ./Core/Src/main.o
 .debug_macro   0x0000000000001206       0x6a ./Core/Src/main.o
 .debug_macro   0x0000000000001270      0x1df ./Core/Src/main.o
 .debug_macro   0x000000000000144f       0x1c ./Core/Src/main.o
 .debug_macro   0x000000000000146b       0x29 ./Core/Src/main.o
 .debug_macro   0x0000000000001494       0xfb ./Core/Src/main.o
 .debug_macro   0x000000000000158f     0x1336 ./Core/Src/main.o
 .debug_macro   0x00000000000028c5       0x5e ./Core/Src/main.o
 .debug_macro   0x0000000000002923    0x226bd ./Core/Src/main.o
 .debug_macro   0x0000000000024fe0       0x6d ./Core/Src/main.o
 .debug_macro   0x000000000002504d     0x3794 ./Core/Src/main.o
 .debug_macro   0x00000000000287e1      0x174 ./Core/Src/main.o
 .debug_macro   0x0000000000028955       0x52 ./Core/Src/main.o
 .debug_macro   0x00000000000289a7       0x1e ./Core/Src/main.o
 .debug_macro   0x00000000000289c5       0x3c ./Core/Src/main.o
 .debug_macro   0x0000000000028a01       0x34 ./Core/Src/main.o
 .debug_macro   0x0000000000028a35       0x16 ./Core/Src/main.o
 .debug_macro   0x0000000000028a4b       0x43 ./Core/Src/main.o
 .debug_macro   0x0000000000028a8e       0x34 ./Core/Src/main.o
 .debug_macro   0x0000000000028ac2       0x10 ./Core/Src/main.o
 .debug_macro   0x0000000000028ad2       0x58 ./Core/Src/main.o
 .debug_macro   0x0000000000028b2a       0x71 ./Core/Src/main.o
 .debug_macro   0x0000000000028b9b       0x1c ./Core/Src/main.o
 .debug_macro   0x0000000000028bb7      0x12a ./Core/Src/main.o
 .debug_macro   0x0000000000028ce1      0x341 ./Core/Src/main.o
 .debug_macro   0x0000000000029022      0x19b ./Core/Src/main.o
 .debug_macro   0x00000000000291bd       0x5d ./Core/Src/main.o
 .debug_macro   0x000000000002921a     0x1bb7 ./Core/Src/main.o
 .debug_macro   0x000000000002add1      0x7ff ./Core/Src/main.o
 .debug_macro   0x000000000002b5d0      0x158 ./Core/Src/main.o
 .debug_macro   0x000000000002b728      0x2aa ./Core/Src/main.o
 .debug_macro   0x000000000002b9d2      0x5a5 ./Core/Src/main.o
 .debug_macro   0x000000000002bf77      0x432 ./Core/Src/main.o
 .debug_macro   0x000000000002c3a9       0xd6 ./Core/Src/main.o
 .debug_macro   0x000000000002c47f      0x1cd ./Core/Src/main.o
 .debug_macro   0x000000000002c64c     0x1406 ./Core/Src/main.o
 .debug_macro   0x000000000002da52      0x92d ./Core/Src/main.o
 .debug_macro   0x000000000002e37f      0x2bf ./Core/Src/main.o
 .debug_macro   0x000000000002e63e      0x432 ./Core/Src/main.o
 .debug_macro   0x000000000002ea70       0x95 ./Core/Src/main.o
 .debug_macro   0x000000000002eb05      0x11c ./Core/Src/main.o
 .debug_macro   0x000000000002ec21      0x340 ./Core/Src/main.o
 .debug_macro   0x000000000002ef61      0x517 ./Core/Src/main.o
 .debug_macro   0x000000000002f478      0x4d4 ./Core/Src/main.o
 .debug_macro   0x000000000002f94c      0x662 ./Core/Src/main.o
 .debug_macro   0x000000000002ffae      0x1a1 ./Core/Src/main.o
 .debug_macro   0x000000000003014f      0x248 ./Core/Src/main.o
 .debug_macro   0x0000000000030397       0x90 ./Core/Src/main.o
 .debug_macro   0x0000000000030427      0x1b7 ./Core/Src/main.o
 .debug_macro   0x00000000000305de      0x361 ./Core/Src/main.o
 .debug_macro   0x000000000003093f      0x2b6 ./Core/Src/main.o
 .debug_macro   0x0000000000030bf5      0x2f8 ./Core/Src/main.o
 .debug_macro   0x0000000000030eed      0x157 ./Core/Src/main.o
 .debug_macro   0x0000000000031044      0xaaf ./Core/Src/main.o
 .debug_macro   0x0000000000031af3      0x284 ./Core/Src/main.o
 .debug_macro   0x0000000000031d77       0xca ./Core/Src/main.o
 .debug_macro   0x0000000000031e41      0x44e ./Core/Src/main.o
 .debug_macro   0x000000000003228f      0x167 ./Core/Src/main.o
 .debug_macro   0x00000000000323f6      0x8cf ./Core/Src/main.o
 .debug_macro   0x0000000000032cc5      0x18c ./Core/Src/main.o
 .debug_macro   0x0000000000032e51       0xa0 ./Core/Src/main.o
 .debug_macro   0x0000000000032ef1      0x323 ./Core/Src/stm32u5xx_hal_msp.o
 .debug_macro   0x0000000000033214      0x32d ./Core/Src/stm32u5xx_it.o
 .debug_macro   0x0000000000033541      0x2c1 ./Core/Src/system_stm32u5xx.o
 .debug_macro   0x0000000000033802      0x2de ./Drivers/STM32U5xx_HAL_Driver/Src/stm32u5xx_hal.o
 .debug_macro   0x0000000000033ae0      0x2de ./Drivers/STM32U5xx_HAL_Driver/Src/stm32u5xx_hal_adc.o
 .debug_macro   0x0000000000033dbe      0x2ba ./Drivers/STM32U5xx_HAL_Driver/Src/stm32u5xx_hal_cortex.o
 .debug_macro   0x0000000000034078      0x2ec ./Drivers/STM32U5xx_HAL_Driver/Src/stm32u5xx_hal_gpio.o
 .debug_macro   0x0000000000034364      0x2c6 ./Drivers/STM32U5xx_HAL_Driver/Src/stm32u5xx_hal_pcd.o
 .debug_macro   0x000000000003462a      0x2ba ./Drivers/STM32U5xx_HAL_Driver/Src/stm32u5xx_hal_pcd_ex.o
 .debug_macro   0x00000000000348e4      0x2e5 ./Drivers/STM32U5xx_HAL_Driver/Src/stm32u5xx_hal_pwr_ex.o
 .debug_macro   0x0000000000034bc9      0x3ba ./Drivers/STM32U5xx_HAL_Driver/Src/stm32u5xx_hal_rcc.o
 .debug_macro   0x0000000000034f83      0x3f0 ./Drivers/STM32U5xx_HAL_Driver/Src/stm32u5xx_hal_rcc_ex.o
 .debug_macro   0x0000000000035373      0x2ba ./Drivers/STM32U5xx_HAL_Driver/Src/stm32u5xx_hal_sram.o
 .debug_macro   0x000000000003562d      0x2e5 ./Drivers/STM32U5xx_HAL_Driver/Src/stm32u5xx_hal_uart.o
 .debug_macro   0x0000000000035912      0x2c6 ./Drivers/STM32U5xx_HAL_Driver/Src/stm32u5xx_hal_uart_ex.o
 .debug_macro   0x0000000000035bd8      0x2d8 ./Drivers/STM32U5xx_HAL_Driver/Src/stm32u5xx_ll_fmc.o
 .debug_macro   0x0000000000035eb0      0x2fc ./Drivers/STM32U5xx_HAL_Driver/Src/stm32u5xx_ll_gpio.o
 .debug_macro   0x00000000000361ac      0x161 ./Drivers/STM32U5xx_HAL_Driver/Src/stm32u5xx_ll_gpio.o
 .debug_macro   0x000000000003630d      0x2ba ./Drivers/STM32U5xx_HAL_Driver/Src/stm32u5xx_ll_usb.o

.debug_line     0x0000000000000000    0x16fa4
 .debug_line    0x0000000000000000      0xc4c ./Core/Src/main.o
 .debug_line    0x0000000000000c4c      0xb3b ./Core/Src/stm32u5xx_hal_msp.o
 .debug_line    0x0000000000001787      0xa33 ./Core/Src/stm32u5xx_it.o
 .debug_line    0x00000000000021ba      0x96a ./Core/Src/system_stm32u5xx.o
 .debug_line    0x0000000000002b24       0x86 ./Core/Startup/startup_stm32u575zitxq.o
 .debug_line    0x0000000000002baa      0xc34 ./Drivers/STM32U5xx_HAL_Driver/Src/stm32u5xx_hal.o
 .debug_line    0x00000000000037de     0x25b5 ./Drivers/STM32U5xx_HAL_Driver/Src/stm32u5xx_hal_adc.o
 .debug_line    0x0000000000005d93      0xe79 ./Drivers/STM32U5xx_HAL_Driver/Src/stm32u5xx_hal_cortex.o
 .debug_line    0x0000000000006c0c      0xdbe ./Drivers/STM32U5xx_HAL_Driver/Src/stm32u5xx_hal_gpio.o
 .debug_line    0x00000000000079ca     0x15c1 ./Drivers/STM32U5xx_HAL_Driver/Src/stm32u5xx_hal_pcd.o
 .debug_line    0x0000000000008f8b      0xa45 ./Drivers/STM32U5xx_HAL_Driver/Src/stm32u5xx_hal_pcd_ex.o
 .debug_line    0x00000000000099d0     0x11f7 ./Drivers/STM32U5xx_HAL_Driver/Src/stm32u5xx_hal_pwr_ex.o
 .debug_line    0x000000000000abc7     0x160c ./Drivers/STM32U5xx_HAL_Driver/Src/stm32u5xx_hal_rcc.o
 .debug_line    0x000000000000c1d3     0x221c ./Drivers/STM32U5xx_HAL_Driver/Src/stm32u5xx_hal_rcc_ex.o
 .debug_line    0x000000000000e3ef      0xfbd ./Drivers/STM32U5xx_HAL_Driver/Src/stm32u5xx_hal_sram.o
 .debug_line    0x000000000000f3ac     0x391b ./Drivers/STM32U5xx_HAL_Driver/Src/stm32u5xx_hal_uart.o
 .debug_line    0x0000000000012cc7     0x102b ./Drivers/STM32U5xx_HAL_Driver/Src/stm32u5xx_hal_uart_ex.o
 .debug_line    0x0000000000013cf2      0xafb ./Drivers/STM32U5xx_HAL_Driver/Src/stm32u5xx_ll_fmc.o
 .debug_line    0x00000000000147ed      0xbd0 ./Drivers/STM32U5xx_HAL_Driver/Src/stm32u5xx_ll_gpio.o
 .debug_line    0x00000000000153bd     0x1be7 ./Drivers/STM32U5xx_HAL_Driver/Src/stm32u5xx_ll_usb.o

.debug_str      0x0000000000000000   0x15c1c0
 .debug_str     0x0000000000000000   0x1530b6 ./Core/Src/main.o
                                     0x154f88 (size before relaxing)
 .debug_str     0x00000000001530b6      0xb8c ./Core/Src/stm32u5xx_hal_msp.o
                                     0x1556b7 (size before relaxing)
 .debug_str     0x0000000000153c42       0xee ./Core/Src/stm32u5xx_it.o
                                     0x153dff (size before relaxing)
 .debug_str     0x0000000000153d30      0x1b8 ./Core/Src/system_stm32u5xx.o
                                     0x1424e5 (size before relaxing)
 .debug_str     0x0000000000153ee8       0x37 ./Core/Startup/startup_stm32u575zitxq.o
                                         0x7d (size before relaxing)
 .debug_str     0x0000000000153f1f      0x714 ./Drivers/STM32U5xx_HAL_Driver/Src/stm32u5xx_hal.o
                                     0x143292 (size before relaxing)
 .debug_str     0x0000000000154633      0xdce ./Drivers/STM32U5xx_HAL_Driver/Src/stm32u5xx_hal_adc.o
                                     0x143732 (size before relaxing)
 .debug_str     0x0000000000155401      0x398 ./Drivers/STM32U5xx_HAL_Driver/Src/stm32u5xx_hal_cortex.o
                                     0x1430b9 (size before relaxing)
 .debug_str     0x0000000000155799      0x2a8 ./Drivers/STM32U5xx_HAL_Driver/Src/stm32u5xx_hal_gpio.o
                                     0x1424ec (size before relaxing)
 .debug_str     0x0000000000155a41      0x807 ./Drivers/STM32U5xx_HAL_Driver/Src/stm32u5xx_hal_pcd.o
                                     0x142dc3 (size before relaxing)
 .debug_str     0x0000000000156248      0x174 ./Drivers/STM32U5xx_HAL_Driver/Src/stm32u5xx_hal_pcd_ex.o
                                     0x142760 (size before relaxing)
 .debug_str     0x00000000001563bc      0x828 ./Drivers/STM32U5xx_HAL_Driver/Src/stm32u5xx_hal_pwr_ex.o
                                     0x142c1b (size before relaxing)
 .debug_str     0x0000000000156be4     0x12be ./Drivers/STM32U5xx_HAL_Driver/Src/stm32u5xx_hal_rcc.o
                                     0x143bbc (size before relaxing)
 .debug_str     0x0000000000157ea2     0x253e ./Drivers/STM32U5xx_HAL_Driver/Src/stm32u5xx_hal_rcc_ex.o
                                     0x144e63 (size before relaxing)
 .debug_str     0x000000000015a3e0      0x29c ./Drivers/STM32U5xx_HAL_Driver/Src/stm32u5xx_hal_sram.o
                                     0x142a99 (size before relaxing)
 .debug_str     0x000000000015a67c      0x95e ./Drivers/STM32U5xx_HAL_Driver/Src/stm32u5xx_hal_uart.o
                                     0x143195 (size before relaxing)
 .debug_str     0x000000000015afda      0x2f9 ./Drivers/STM32U5xx_HAL_Driver/Src/stm32u5xx_hal_uart_ex.o
                                     0x142c2d (size before relaxing)
 .debug_str     0x000000000015b2d3      0x451 ./Drivers/STM32U5xx_HAL_Driver/Src/stm32u5xx_ll_fmc.o
                                     0x142872 (size before relaxing)
 .debug_str     0x000000000015b724      0x658 ./Drivers/STM32U5xx_HAL_Driver/Src/stm32u5xx_ll_gpio.o
                                     0x1446a4 (size before relaxing)
 .debug_str     0x000000000015bd7c      0x444 ./Drivers/STM32U5xx_HAL_Driver/Src/stm32u5xx_ll_usb.o
                                     0x142c4a (size before relaxing)

.comment        0x0000000000000000       0x50
 .comment       0x0000000000000000       0x50 ./Core/Src/main.o
                                         0x51 (size before relaxing)
 .comment       0x0000000000000050       0x51 ./Core/Src/stm32u5xx_hal_msp.o
 .comment       0x0000000000000050       0x51 ./Core/Src/stm32u5xx_it.o
 .comment       0x0000000000000050       0x51 ./Core/Src/system_stm32u5xx.o
 .comment       0x0000000000000050       0x51 ./Drivers/STM32U5xx_HAL_Driver/Src/stm32u5xx_hal.o
 .comment       0x0000000000000050       0x51 ./Drivers/STM32U5xx_HAL_Driver/Src/stm32u5xx_hal_adc.o
 .comment       0x0000000000000050       0x51 ./Drivers/STM32U5xx_HAL_Driver/Src/stm32u5xx_hal_cortex.o
 .comment       0x0000000000000050       0x51 ./Drivers/STM32U5xx_HAL_Driver/Src/stm32u5xx_hal_gpio.o
 .comment       0x0000000000000050       0x51 ./Drivers/STM32U5xx_HAL_Driver/Src/stm32u5xx_hal_pcd.o
 .comment       0x0000000000000050       0x51 ./Drivers/STM32U5xx_HAL_Driver/Src/stm32u5xx_hal_pcd_ex.o
 .comment       0x0000000000000050       0x51 ./Drivers/STM32U5xx_HAL_Driver/Src/stm32u5xx_hal_pwr_ex.o
 .comment       0x0000000000000050       0x51 ./Drivers/STM32U5xx_HAL_Driver/Src/stm32u5xx_hal_rcc.o
 .comment       0x0000000000000050       0x51 ./Drivers/STM32U5xx_HAL_Driver/Src/stm32u5xx_hal_rcc_ex.o
 .comment       0x0000000000000050       0x51 ./Drivers/STM32U5xx_HAL_Driver/Src/stm32u5xx_hal_sram.o
 .comment       0x0000000000000050       0x51 ./Drivers/STM32U5xx_HAL_Driver/Src/stm32u5xx_hal_uart.o
 .comment       0x0000000000000050       0x51 ./Drivers/STM32U5xx_HAL_Driver/Src/stm32u5xx_hal_uart_ex.o
 .comment       0x0000000000000050       0x51 ./Drivers/STM32U5xx_HAL_Driver/Src/stm32u5xx_ll_fmc.o
 .comment       0x0000000000000050       0x51 ./Drivers/STM32U5xx_HAL_Driver/Src/stm32u5xx_ll_gpio.o
 .comment       0x0000000000000050       0x51 ./Drivers/STM32U5xx_HAL_Driver/Src/stm32u5xx_ll_usb.o

.debug_frame    0x0000000000000000     0x4e5c
 .debug_frame   0x0000000000000000      0x198 ./Core/Src/main.o
 .debug_frame   0x0000000000000198      0x1a0 ./Core/Src/stm32u5xx_hal_msp.o
 .debug_frame   0x0000000000000338      0x120 ./Core/Src/stm32u5xx_it.o
 .debug_frame   0x0000000000000458       0x58 ./Core/Src/system_stm32u5xx.o
 .debug_frame   0x00000000000004b0      0x460 ./Drivers/STM32U5xx_HAL_Driver/Src/stm32u5xx_hal.o
 .debug_frame   0x0000000000000910      0xaa4 ./Drivers/STM32U5xx_HAL_Driver/Src/stm32u5xx_hal_adc.o
 .debug_frame   0x00000000000013b4      0x508 ./Drivers/STM32U5xx_HAL_Driver/Src/stm32u5xx_hal_cortex.o
 .debug_frame   0x00000000000018bc      0x1c4 ./Drivers/STM32U5xx_HAL_Driver/Src/stm32u5xx_hal_gpio.o
 .debug_frame   0x0000000000001a80      0x594 ./Drivers/STM32U5xx_HAL_Driver/Src/stm32u5xx_hal_pcd.o
 .debug_frame   0x0000000000002014      0x174 ./Drivers/STM32U5xx_HAL_Driver/Src/stm32u5xx_hal_pcd_ex.o
 .debug_frame   0x0000000000002188      0x84c ./Drivers/STM32U5xx_HAL_Driver/Src/stm32u5xx_hal_pwr_ex.o
 .debug_frame   0x00000000000029d4      0x28c ./Drivers/STM32U5xx_HAL_Driver/Src/stm32u5xx_hal_rcc.o
 .debug_frame   0x0000000000002c60      0x53c ./Drivers/STM32U5xx_HAL_Driver/Src/stm32u5xx_hal_rcc_ex.o
 .debug_frame   0x000000000000319c      0x30c ./Drivers/STM32U5xx_HAL_Driver/Src/stm32u5xx_hal_sram.o
 .debug_frame   0x00000000000034a8      0xa84 ./Drivers/STM32U5xx_HAL_Driver/Src/stm32u5xx_hal_uart.o
 .debug_frame   0x0000000000003f2c      0x2ec ./Drivers/STM32U5xx_HAL_Driver/Src/stm32u5xx_hal_uart_ex.o
 .debug_frame   0x0000000000004218      0x214 ./Drivers/STM32U5xx_HAL_Driver/Src/stm32u5xx_ll_fmc.o
 .debug_frame   0x000000000000442c      0x1c0 ./Drivers/STM32U5xx_HAL_Driver/Src/stm32u5xx_ll_gpio.o
 .debug_frame   0x00000000000045ec      0x7c0 ./Drivers/STM32U5xx_HAL_Driver/Src/stm32u5xx_ll_usb.o
 .debug_frame   0x0000000000004dac       0x2c c:/st/stm32cubeide_1.6.1/stm32cubeide/plugins/com.st.stm32cube.ide.mcu.externaltools.gnu-tools-for-stm32.10.3-2021.10.win32_1.0.0.202111181127/tools/bin/../lib/gcc/arm-none-eabi/10.3.1/../../../../arm-none-eabi/lib/thumb/v8-m.main+fp/hard\libc_nano.a(lib_a-init.o)
 .debug_frame   0x0000000000004dd8       0x20 c:/st/stm32cubeide_1.6.1/stm32cubeide/plugins/com.st.stm32cube.ide.mcu.externaltools.gnu-tools-for-stm32.10.3-2021.10.win32_1.0.0.202111181127/tools/bin/../lib/gcc/arm-none-eabi/10.3.1/../../../../arm-none-eabi/lib/thumb/v8-m.main+fp/hard\libc_nano.a(lib_a-memset.o)
 .debug_frame   0x0000000000004df8       0x2c c:/st/stm32cubeide_1.6.1/stm32cubeide/plugins/com.st.stm32cube.ide.mcu.externaltools.gnu-tools-for-stm32.10.3-2021.10.win32_1.0.0.202111181127/tools/bin/../lib/gcc/arm-none-eabi/10.3.1/thumb/v8-m.main+fp/hard\libgcc.a(_aeabi_uldivmod.o)
 .debug_frame   0x0000000000004e24       0x38 c:/st/stm32cubeide_1.6.1/stm32cubeide/plugins/com.st.stm32cube.ide.mcu.externaltools.gnu-tools-for-stm32.10.3-2021.10.win32_1.0.0.202111181127/tools/bin/../lib/gcc/arm-none-eabi/10.3.1/thumb/v8-m.main+fp/hard\libgcc.a(_udivmoddi4.o)
