../Core/Src/main.c:129:6:W5300_write	0	static
../Core/Src/main.c:134:10:W5300_read	0	static
../Core/Src/main.c:138:6:W5300CsEnable	0	static
../Core/Src/main.c:142:6:W5300CsDisable	0	static
../Core/Src/main.c:98:5:_write	24	static
../Core/Src/main.c:107:6:HAL_UART_RxCpltCallback	8	static
../Core/Src/main.c:121:6:Reset_W5300	8	static
../Core/Src/main.c:146:6:print_network_information	24	static
../Core/Src/main.c:156:6:_InitW5300	8	static
../Core/Src/main.c:238:6:SystemClock_Config	136	static,ignoring_inline_asm
../Core/Src/main.c:184:5:main	88	static,ignoring_inline_asm
../Core/Src/main.c:621:6:Error_Handler	0	static,ignoring_inline_asm
