../Core/Src/stm32u5xx_hal_msp.c:63:6:HAL_MspInit	8	static
../Core/Src/stm32u5xx_hal_msp.c:86:6:HAL_ADC_MspInit	240	static
../Core/Src/stm32u5xx_hal_msp.c:130:6:HAL_ADC_MspDeInit	0	static
../Core/Src/stm32u5xx_hal_msp.c:158:6:HAL_UART_MspInit	240	static
../Core/Src/stm32u5xx_hal_msp.c:205:6:HAL_UART_MspDeInit	0	static
../Core/Src/stm32u5xx_hal_msp.c:234:6:HAL_PCD_MspInit	248	static
../Core/Src/stm32u5xx_hal_msp.c:295:6:HAL_PCD_MspDeInit	8	static
../Core/Src/stm32u5xx_hal_msp.c:398:6:HAL_SRAM_MspInit	48	static
../Core/Src/stm32u5xx_hal_msp.c:469:6:HAL_SRAM_MspDeInit	8	static
