17:19:01 **** Incremental Build of configuration Debug for project W5300_BUS_Test ****
make -j16 all 
arm-none-eabi-gcc "../Core/Src/main.c" -mcpu=cortex-m33 -std=gnu11 -g3 -DDEBUG -DUSE_FULL_LL_DRIVER -DUSE_HAL_DRIVER -DSTM32U575xx -c -I"D:/wiznet/Workspace_Code/14_W5300/W5300_bus_test/W5300_BUS_Test/Core/Inc" -I"D:/wiznet/Workspace_Code/14_W5300/W5300_bus_test/W5300_BUS_Test/Drivers/STM32U5xx_HAL_Driver/Inc" -I"D:/wiznet/Workspace_Code/14_W5300/W5300_bus_test/W5300_BUS_Test/Drivers/STM32U5xx_HAL_Driver/Inc/Legacy" -I"D:/wiznet/Workspace_Code/14_W5300/W5300_bus_test/W5300_BUS_Test/Drivers/CMSIS/Device/ST/STM32U5xx/Include" -I"D:/wiznet/Workspace_Code/14_W5300/W5300_bus_test/W5300_BUS_Test/Drivers/CMSIS/Include" -I"D:/wiznet/Workspace_Code/14_W5300/W5300_bus_test/W5300_BUS_Test/Drivers/ioLibrary_Driver/Ethernet" -I"D:/wiznet/Workspace_Code/14_W5300/W5300_bus_test/W5300_BUS_Test/Drivers/ioLibrary_Driver/Ethernet/W5300" -I../Drivers/STM32U5xx_HAL_Driver/Inc -I../Drivers/STM32U5xx_HAL_Driver/Inc/Legacy -I../Drivers/CMSIS/Device/ST/STM32U5xx/Include -I../Drivers/CMSIS/Include -I../Core/Inc -Ofast -ffunction-sections -fdata-sections -Wall -fstack-usage -MMD -MP -MF"Core/Src/main.d" -MT"Core/Src/main.o" --specs=nano.specs -mfpu=fpv5-sp-d16 -mfloat-abi=hard -mthumb -o "Core/Src/main.o"
../Core/Src/main.c: In function 'print_network_information':
../Core/Src/main.c:149:5: warning: implicit declaration of function 'printf' [-Wimplicit-function-declaration]
  149 |     printf("Mac address: %02x:%02x:%02x:%02x:%02x:%02x\n\r",gWIZNETINFO.mac[0],gWIZNETINFO.mac[1],gWIZNETINFO.mac[2],gWIZNETINFO.mac[3],gWIZNETINFO.mac[4],gWIZNETINFO.mac[5]);
      |     ^~~~~~
../Core/Src/main.c:149:5: warning: incompatible implicit declaration of built-in function 'printf'
../Core/Src/main.c:27:1: note: include '<stdio.h>' or provide a declaration of 'printf'
   26 | #include "w5300.h"
  +++ |+#include <stdio.h>
   27 | /* USER CODE END Includes */
../Core/Src/main.c: In function '_InitW5300':
../Core/Src/main.c:163:2: warning: incompatible implicit declaration of built-in function 'printf'
  163 |  printf("getMR() = %04X\r\n", getMR());
      |  ^~~~~~
../Core/Src/main.c:163:2: note: include '<stdio.h>' or provide a declaration of 'printf'
../Core/Src/main.c:158:15: warning: unused variable 'tmpaddr' [-Wunused-variable]
  158 |  unsigned int tmpaddr[4];
      |               ^~~~~~~
../Core/Src/main.c: In function 'main':
../Core/Src/main.c:217:3: warning: incompatible implicit declaration of built-in function 'printf'
  217 |   printf("Hello! W5300 BUS loopback System \r\n");
      |   ^~~~~~
../Core/Src/main.c:217:3: note: include '<stdio.h>' or provide a declaration of 'printf'
../Core/Src/main.c:226:4: warning: implicit declaration of function 'loopback_tcps' [-Wimplicit-function-declaration]
  226 |    loopback_tcps(0, ethBuf0, 3000);
      |    ^~~~~~~~~~~~~
arm-none-eabi-gcc -o "W5300_BUS_Test.elf" @"objects.list"   -mcpu=cortex-m33 -T"D:\wiznet\Workspace_Code\14_W5300\W5300_bus_test\W5300_BUS_Test\STM32U575ZITXQ_FLASH.ld" --specs=nosys.specs -Wl,-Map="W5300_BUS_Test.map" -Wl,--gc-sections -static --specs=nano.specs -mfpu=fpv5-sp-d16 -mfloat-abi=hard -mthumb -Wl,--start-group -lc -lm -Wl,--end-group
Finished building target: W5300_BUS_Test.elf
 
arm-none-eabi-size   W5300_BUS_Test.elf 
arm-none-eabi-objdump -h -S  W5300_BUS_Test.elf  > "W5300_BUS_Test.list"
   text	   data	    bss	    dec	    hex	filename
  36403	    208	   5360	  41971	   a3f3	W5300_BUS_Test.elf
Finished building: default.size.stdout
 
Finished building: W5300_BUS_Test.list
 
17:19:05 **** Incremental Build of configuration Debug for project W5300_BUS_Test ****
make -j16 all 
arm-none-eabi-size   W5300_BUS_Test.elf 
   text	   data	    bss	    dec	    hex	filename
  36403	    208	   5360	  41971	   a3f3	W5300_BUS_Test.elf
Finished building: default.size.stdout
 
